04-07 09:27:53.630     0     0 I [    8.233460,0] ueventd: loading /devices/soc/a21b000.qcom,pronto/firmware/wcnss.b10 took 2ms
04-07 09:27:53.637     0     0 I [    8.239273,4] ueventd: firmware: loading 'wcnss.b11' for '/devices/soc/a21b000.qcom,pronto/firmware/wcnss.b11'
04-07 09:27:53.644     0     0 I [    8.246528,6] ueventd: loading /devices/soc/a21b000.qcom,pronto/firmware/wcnss.b11 took 7ms
04-07 09:27:53.650     0     0 I [    8.251779,0] ueventd: firmware: loading 'wcnss.b12' for '/devices/soc/a21b000.qcom,pronto/firmware/wcnss.b12'
04-07 09:27:53.654     0     0 I [    8.256572,0] ueventd: loading /devices/soc/a21b000.qcom,pronto/firmware/wcnss.b12 took 4ms
04-07 09:27:53.707     0     0 I [    8.307270,5] ueventd: loading /devices/soc/4080000.qcom,mss/firmware/modem.b10 took 184ms
04-07 09:27:53.712     0     0 I [    8.313410,6] ueventd: firmware: loading 'modem.b11' for '/devices/soc/4080000.qcom,mss/firmware/modem.b11'
04-07 09:27:53.714     0     0 I         : [    8.315999,6] subsys-pil-tz a21b000.qcom,pronto: wcnss: Brought out of reset
04-07 09:27:53.717     0     0 I [    8.317158,7] ueventd: loading /devices/soc/4080000.qcom,mss/firmware/modem.b11 took 3ms
04-07 09:27:53.720     0     0 I [    8.322735,7] ueventd: firmware: loading 'modem.b12' for '/devices/soc/4080000.qcom,mss/firmware/modem.b12'
04-07 09:27:53.740     0     0 I [    8.342497,0] init: processing action (ro.vendor.ril.mbn_copy_completed=1) from (/vendor/etc/init/hw/init.qcom.rc:697)
04-07 09:27:53.748     0     0 I [    8.347102,6] ueventd: loading /devices/soc/4080000.qcom,mss/firmware/modem.b12 took 24ms
04-07 09:27:53.750     0     0 I [    8.352085,1] ueventd: firmware: loading 'modem.b13' for '/devices/soc/4080000.qcom,mss/firmware/modem.b13'
04-07 09:27:53.754     0     0 I [    8.356620,4] init: Service 'qcom-sh' (pid 916) exited with status 0 oneshot service took 0.371000 seconds in background
04-07 09:27:53.754     0     0 I [    8.356646,4] init: Sending signal 9 to service 'qcom-sh' (pid 916) process group...
04-07 09:27:53.757     0     0 I [    8.356955,4] libprocessgroup: Successfully killed process cgroup uid 0 pid 916 in 0ms
04-07 09:27:53.767     0     0 I [    8.368411,6] ueventd: loading /devices/soc/4080000.qcom,mss/firmware/modem.b13 took 16ms
04-07 09:27:53.777     0     0 I [    8.379654,2] init: processing action (vendor.usb.config=*) from (/vendor/etc/init/hw/init.mmi.usb.rc:77)
04-07 09:27:53.780     0     0 I [    8.381049,0] init: processing action (sys.usb.config=mtp) from (/vendor/etc/init/hw/init.mmi.usb.rc:424)
04-07 09:27:53.780     0     0 I [    8.381843,4] init: Service 'vendor.mmi-usb-sh' (pid 921) exited with status 0 oneshot service took 0.377000 seconds in background
04-07 09:27:53.780     0     0 I [    8.381865,4] init: Sending signal 9 to service 'vendor.mmi-usb-sh' (pid 921) process group...
04-07 09:27:53.780     0     0 I [    8.382006,4] libprocessgroup: Successfully killed process cgroup uid 0 pid 921 in 0ms
04-07 09:27:53.784     0     0 E         : [    8.384449,4] dwc3 7000000.dwc3: request 0000000000000000 was not queued to ep0out
04-07 09:27:53.784     0     0 E         : [    8.384554,4] msm-dwc3 7000000.ssusb: DWC3_CONTROLLER_NOTIFY_OTG_EVENT received
04-07 09:27:53.790     0     0 I [    8.391660,4] init: Command 'write /sys/class/android_usb/android0/idProduct ${ro.usb.mtp}' action=sys.usb.config=mtp (/vendor/etc/init/hw/init.mmi.usb.rc:431) took 0ms and failed: property 'ro.usb.mtp' doesn't exist while expanding '${ro.usb.mtp}'
04-07 09:27:53.793     0     0 I         : [    8.394449,4] mtp_bind_config
04-07 09:27:53.797     0     0 I [    8.398879,4] ueventd: firmware: loading 'modem.b16' for '/devices/soc/4080000.qcom,mss/firmware/modem.b16'
04-07 09:27:53.800     0     0 I [    8.400530,5] ueventd: loading /devices/soc/4080000.qcom,mss/firmware/modem.b16 took 1ms
04-07 09:27:53.802     0     0 I [    8.405018,4] ueventd: firmware: loading 'modem.b17' for '/devices/soc/4080000.qcom,mss/firmware/modem.b17'
04-07 09:27:53.807     0     0 I [    8.408999,5] ueventd: loading /devices/soc/4080000.qcom,mss/firmware/modem.b17 took 4ms
04-07 09:27:53.812     0     0 I [    8.413599,5] ueventd: firmware: loading 'modem.b18' for '/devices/soc/4080000.qcom,mss/firmware/modem.b18'
04-07 09:27:53.818     0     0 E         : [    8.420070,5] msm-dwc3 7000000.ssusb: DWC3_CONTROLLER_NOTIFY_OTG_EVENT received
04-07 09:27:53.818     0     0 E         : [    8.421073,0] msm-dwc3 7000000.ssusb: msm_dwc3_pwr_irq received
04-07 09:27:53.818     0     0 E         : [    8.421083,0] msm-dwc3 7000000.ssusb: dwc3_pwr_event_handler irq_stat=2C000C
04-07 09:27:53.818     0     0 E         : [    8.421089,0] msm-dwc3 7000000.ssusb: dwc3_pwr_event_handler link state = 0x0004
04-07 09:27:53.818     0     0 E         : [    8.421094,0] msm-dwc3 7000000.ssusb: dwc3_pwr_event_handler: unexpected PWR_EVNT, irq_stat=2C0000
04-07 09:27:53.824     0     0 I [    8.425744,4] init: processing action (init.svc.adbd=stopped) from (/system/etc/init/hw/init.usb.configfs.rc:14)
04-07 09:27:53.877     0     0 I [    8.478597,4] ueventd: loading /devices/soc/4080000.qcom,mss/firmware/modem.b18 took 65ms
04-07 09:27:53.880     0     0 I [    8.483151,4] ueventd: firmware: loading 'modem.b19' for '/devices/soc/4080000.qcom,mss/firmware/modem.b19'
04-07 09:27:53.884     0     0 I [    8.484717,4] ueventd: loading /devices/soc/4080000.qcom,mss/firmware/modem.b19 took 1ms
04-07 09:27:53.887     0     0 I [    8.489318,5] ueventd: firmware: loading 'modem.b20' for '/devices/soc/4080000.qcom,mss/firmware/modem.b20'
04-07 09:27:53.900     0     0 I [    8.501538,4] ueventd: loading /devices/soc/4080000.qcom,mss/firmware/modem.b20 took 12ms
04-07 09:27:53.920     0     0 E         : [    8.523193,0] msm-dwc3 7000000.ssusb: msm_dwc3_pwr_irq received
04-07 09:27:53.920     0     0 E         : [    8.523209,0] msm-dwc3 7000000.ssusb: dwc3_pwr_event_handler irq_stat=2C000C
04-07 09:27:53.920     0     0 E         : [    8.523214,0] msm-dwc3 7000000.ssusb: dwc3_pwr_event_handler link state = 0x0004
04-07 09:27:53.920     0     0 E         : [    8.523220,0] msm-dwc3 7000000.ssusb: dwc3_pwr_event_handler: unexpected PWR_EVNT, irq_stat=2C0000
04-07 09:27:53.926     0     0 E [    8.529322,0] dwc3_gadget_suspend_interrupt(): state:0. Ignore SUSPEND.
04-07 09:27:54.055   591   591 I auditd  : type=1400 audit(0.0:36): avc: denied { read } for uid=0 comm="main" name="u:object_r:exported_camera_prop:s0" dev="tmpfs" ino=6402 scontext=u:r:zygote:s0 tcontext=u:object_r:exported_camera_prop:s0 tclass=file permissive=0
04-07 09:27:54.073     0     0 E         : [    8.676426,0] msm-dwc3 7000000.ssusb: DWC3_CONTROLLER_NOTIFY_OTG_EVENT received
04-07 09:27:54.073     0     0 E         : [    8.676445,0] msm-dwc3 7000000.ssusb: DWC3_CONTROLLER_SET_CURRENT_DRAW_EVENT received
04-07 09:27:54.073     0     0 E         : [    8.676450,0] msm-dwc3 7000000.ssusb: SKIP setting power supply type again,chg_type = 1
04-07 09:27:54.073     0     0 I         : [    8.676455,0] msm-dwc3 7000000.ssusb: Avail curr from USB = 0
04-07 09:27:54.077     0     0 I [    8.676916,0] android_work: android_work: sent uevent USB_STATE=DISCONNECTED
04-07 09:27:54.100     0     0 I         : [    8.702285,5] pil-q6v5-mss 4080000.qcom,mss: modem: Brought out of reset
04-07 09:27:54.128     0     0 W [    8.731118,6] healthd: battery l=72 v=3851 t=32.2 h=2 st=2 c=710139 fc=3038000 cc=0 chg=
04-07 09:27:54.128     0     0 E         : [    8.731193,0] msm-dwc3 7000000.ssusb: DWC3_CONTROLLER_CONNDONE_EVENT received
04-07 09:27:54.128     0     0 E         : [    8.731225,0] msm-dwc3 7000000.ssusb: msm_dwc3_pwr_irq received
04-07 09:27:54.128     0     0 E         : [    8.731231,0] msm-dwc3 7000000.ssusb: dwc3_pwr_event_handler irq_stat=2C000C
04-07 09:27:54.128     0     0 E         : [    8.731237,0] msm-dwc3 7000000.ssusb: dwc3_pwr_event_handler link state = 0x0004
04-07 09:27:54.128     0     0 E         : [    8.731242,0] msm-dwc3 7000000.ssusb: dwc3_pwr_event_handler: unexpected PWR_EVNT, irq_stat=2C0000
04-07 09:27:54.130     0     0 W [    8.731794,6] healthd: battery l=72 v=3851 t=32.2 h=2 st=2 c=710139 fc=3038000 cc=0 chg=
04-07 09:27:54.170     0     0 I         : [    8.771414,7] subsys-pil-tz a21b000.qcom,pronto: wcnss: Power/Clock ready interrupt received
04-07 09:27:54.180     0     0 I [    8.780749,7] wcnss_notif_cb: wcnss notification event: 7
04-07 09:27:54.185     0     0 I         : [    8.787578,7] pil-q6v5-mss 4080000.qcom,mss: modem: Power/Clock ready interrupt received
04-07 09:27:54.185     0     0 I         : [    8.787593,0] pil-q6v5-mss 4080000.qcom,mss: Subsystem error monitoring/handling services are up
04-07 09:27:54.187     0     0 I         : [    8.788171,7] IPA received MPSS AFTER_POWERUP
04-07 09:27:54.187     0     0 I         : [    8.788174,7] IPA AFTER_POWERUP handling is complete
04-07 09:27:54.187     0     0 E [    8.788611,0] M-Notify: General: 7
04-07 09:27:54.187     0     0 I         : [    8.788782,0] subsys-pil-tz a21b000.qcom,pronto: Subsystem error monitoring/handling services are up
04-07 09:27:54.187     0     0 I [    8.790120,7] wcnss_notif_cb: wcnss notification event: 3
04-07 09:27:54.187     0     0 I [    8.790140,7] wcnss_pm_qos_update_request: update request -1
04-07 09:27:54.187     0     0 I [    8.790151,7] wcnss_pm_qos_remove_request: remove request
04-07 09:27:54.194     0     0 E         : [    8.793892,1] stml0xx spi4.0: stml0xx_reset
04-07 09:27:54.194     0     0 E [    8.795226,4] diag: In diag_send_feature_mask_update, control channel is not open, p: 2, 0000000000000000
04-07 09:27:54.197     0     0 I [    8.799344,1] init: Service 'usbd' (pid 940) exited with status 0 oneshot service took 0.772000 seconds in background
04-07 09:27:54.197     0     0 I [    8.799371,1] init: Sending signal 9 to service 'usbd' (pid 940) process group...
04-07 09:27:54.197     0     0 I [    8.799541,1] libprocessgroup: Successfully killed process cgroup uid 0 pid 940 in 0ms
04-07 09:27:54.201     0     0 E [    8.802019,1] rmt_storage: INFO:rmt_storage_open_cb: Processing: Open Request (req_h 0x1) for /boot/modem_fs1!
04-07 09:27:54.201     0     0 I [    8.802330,7] sysmon-qmi: sysmon_clnt_svc_arrive: Connection established between QMI handle and modem's SSCTL service
04-07 09:27:54.201     0     0 E [    8.802736,6] rmt_storage: INFO:rmt_storage_open_cb: Processing: Open Request (req_h 0x2) for /boot/modem_fs2!
04-07 09:27:54.201     0     0 E [    8.803415,4] rmt_storage: INFO:rmt_storage_open_cb: Processing: Open Request (req_h 0x3) for /boot/modem_fsg!
04-07 09:27:54.202     0     0 E [    8.803890,4] rmt_storage: INFO:rmt_storage_open_cb: Processing: Open Request (req_h 0x4) for /boot/modem_fsc!
04-07 09:27:54.202     0     0 I [    8.804352,0] android_work: android_work: sent uevent USB_STATE=CONNECTED
04-07 09:27:54.202     0     0 E [    8.804860,0] rmt_storage: INFO:rmt_storage_alloc_buff_cb: Received req_size: 0! avail: 1572864
04-07 09:27:54.202     0     0 E [    8.805505,0] rmt_storage: INFO:rmt_storage_rw_iovec_cb: Read iovec request (req_h 0x6 wr_count 0) received for /boot/modem_fs1
04-07 09:27:54.204     0     0 E [    8.805851,2] rmt_storage: INFO:rmt_storage_client_thread: Calling Read [offset=512, size=512, req_h 0x6, wr_count 0] for /boot/modem_fs1!
04-07 09:27:54.205     0     0 E [    8.807159,2] rmt_storage: INFO:rmt_storage_client_thread: Done Read (bytes = 512, req_h 0x6, wr_count 0) for /boot/modem_fs1!
04-07 09:27:54.205     0     0 E [    8.807976,1] rmt_storage: INFO:rmt_storage_rw_iovec_cb: Read iovec request (req_h 0x7 wr_count 0) received for /boot/modem_fs2
04-07 09:27:54.205     0     0 E [    8.808086,2] rmt_storage: INFO:rmt_storage_client_thread: Calling Read [offset=512, size=512, req_h 0x7, wr_count 0] for /boot/modem_fs2!
04-07 09:27:54.205     0     0 E         : [    8.808157,0] msm-dwc3 7000000.ssusb: DWC3_CONTROLLER_NOTIFY_OTG_EVENT received
04-07 09:27:54.205     0     0 E         : [    8.808179,0] msm-dwc3 7000000.ssusb: DWC3_CONTROLLER_SET_CURRENT_DRAW_EVENT received
04-07 09:27:54.205     0     0 E         : [    8.808186,0] msm-dwc3 7000000.ssusb: SKIP setting power supply type again,chg_type = 1
04-07 09:27:54.205     0     0 I [    8.808336,0] android_work: android_work: sent uevent USB_STATE=DISCONNECTED
04-07 09:27:54.207     0     0 E [    8.808595,1] rmt_storage: INFO:rmt_storage_client_thread: Done Read (bytes = 512, req_h 0x7, wr_count 0) for /boot/modem_fs2!
04-07 09:27:54.209     0     0 E [    8.810364,0] rmt_storage: INFO:rmt_storage_rw_iovec_cb: Read iovec request (req_h 0x8 wr_count 0) received for /boot/modem_fs2
04-07 09:27:54.209     0     0 E [    8.810823,7] rmt_storage: INFO:rmt_storage_client_thread: Calling Read [offset=1024, size=1571840, req_h 0x8, wr_count 0] for /boot/modem_fs2!
04-07 09:27:54.220     0     0 E [    8.823242,2] rmt_storage: INFO:rmt_storage_client_thread: Done Read (bytes = 1571840, req_h 0x8, wr_count 0) for /boot/modem_fs2!
04-07 09:27:54.256     0     0 E         : [    8.859395,0] msm-dwc3 7000000.ssusb: DWC3_CONTROLLER_CONNDONE_EVENT received
04-07 09:27:54.256     0     0 E         : [    8.859438,0] msm-dwc3 7000000.ssusb: msm_dwc3_pwr_irq received
04-07 09:27:54.256     0     0 E         : [    8.859450,0] msm-dwc3 7000000.ssusb: dwc3_pwr_event_handler irq_stat=2C000C
04-07 09:27:54.256     0     0 E         : [    8.859458,0] msm-dwc3 7000000.ssusb: dwc3_pwr_event_handler link state = 0x0004
04-07 09:27:54.256     0     0 E         : [    8.859463,0] msm-dwc3 7000000.ssusb: dwc3_pwr_event_handler: unexpected PWR_EVNT, irq_stat=2C0000
04-07 09:27:54.267     0     0 I         : [    8.867270,7] mdss_dsi_on[0]+.
04-07 09:27:54.334     0     0 I [    8.933808,0] wcnss_wlan_ctrl_probe: SMD ctrl channel up
04-07 09:27:54.334     0     0 I [    8.934069,0] wcnss: version 01050102
04-07 09:27:54.334     0     0 I [    8.934078,0] wcnss: schedule dnld work for pronto
04-07 09:27:54.334     0     0 I [    8.934083,0] wcnss: NV download
04-07 09:27:54.334     0     0 I [    8.934086,0] wcnss: NV file name = wlan/prima/WCNSS_qcom_wlan_nv.bin
04-07 09:27:54.334     0     0 I [    8.934257,0] wcnss: build version CNSS-PR-4-0-542-157106-1
04-07 09:27:54.342     0     0 I [    8.943739,0] ueventd: firmware: loading 'wlan/prima/WCNSS_qcom_wlan_nv.bin' for '/devices/soc/a000000.qcom,wcnss-wlan/firmware/wlan!prima!WCNSS_qcom_wlan_nv.bin'
04-07 09:27:54.344     0     0 I [    8.946209,6] ueventd: loading /devices/soc/a000000.qcom,wcnss-wlan/firmware/wlan!prima!WCNSS_qcom_wlan_nv.bin took 2ms
04-07 09:27:54.344     0     0 I [    8.946224,0] wcnss: NV bin size: 31719, total_fragments: 11
04-07 09:27:54.344     0     0 E [    8.946271,0] wcnss: no space available for smd frame
04-07 09:27:54.350     0     0 I [    8.952151,0] android_work: android_work: sent uevent USB_STATE=CONNECTED
04-07 09:27:54.351     0     0 I         : [    8.954299,0] android_usb gadget: high-speed config #1: 86000c8.android_usb
04-07 09:27:54.351     0     0 E         : [    8.954353,0] msm-dwc3 7000000.ssusb: DWC3_CONTROLLER_SET_CURRENT_DRAW_EVENT received
04-07 09:27:54.351     0     0 E         : [    8.954360,0] msm-dwc3 7000000.ssusb: SKIP setting power supply type again,chg_type = 1
04-07 09:27:54.351     0     0 I         : [    8.954364,0] msm-dwc3 7000000.ssusb: Avail curr from USB = 500
04-07 09:27:54.367     0     0 E [    8.966766,0] wcnss: no space available for smd frame
04-07 09:27:54.390     0     0 E [    8.990093,0] wcnss: no space available for smd frame
04-07 09:27:54.407     0     0 I [    9.006802,0] android_work: android_work: sent uevent USB_STATE=CONFIGURED
04-07 09:27:54.407     0     0 W [    9.008152,6] healthd: battery l=72 v=3851 t=32.2 h=2 st=2 c=710139 fc=3038000 cc=0 chg=u
04-07 09:27:54.407     0     0 W [    9.009098,6] healthd: battery l=72 v=3851 t=32.2 h=2 st=2 c=710139 fc=3038000 cc=0 chg=u
04-07 09:27:54.414     0     0 E [    9.013444,0] wcnss: no space available for smd frame
04-07 09:27:54.464     0     0 I         : [    9.065107,7] stml0xx spi4.0: sensorhub : 000: Boot Complete 10
04-07 09:27:54.464     0     0 I         : [    9.065805,7] stml0xx spi4.0: Sensor Hub reports reset
04-07 09:27:54.480     0     0 E         : [    9.080535,7] stml0xx spi4.0: akm_rxdata: AKM read failed 0, reg 0x00
04-07 09:27:54.480     0     0 E         : [    9.080548,7] stml0xx spi4.0: akm09912 device check failed
04-07 09:27:54.496     0     0 E         : [    9.096677,7] stml0xx spi4.0: Sensor Hub initialization successful
04-07 09:27:54.507     0     0 I [    9.106847,6] init: Service 'vendor.motosh' (pid 922) exited with status 0 oneshot service took 1.095000 seconds in background
04-07 09:27:54.507     0     0 I [    9.106872,6] init: Sending signal 9 to service 'vendor.motosh' (pid 922) process group...
04-07 09:27:54.507     0     0 I [    9.107017,6] libprocessgroup: Successfully killed process cgroup uid 1008 pid 922 in 0ms
04-07 09:27:54.560     0     0 I         : [    9.161577,6] stml0xx spi4.0: sensorhub : 001: Accel Int OK
04-07 09:27:54.564     0     0 I         : [    9.164461,7] stml0xx spi4.0: sensorhub : 003: I2C R TO: 0x18, 7
04-07 09:27:54.564     0     0 I         : [    9.166014,7] stml0xx spi4.0: sensorhub : 004: AKM09912 I2C read failure
04-07 09:27:54.567     0     0 I         : [    9.167495,7] stml0xx spi4.0: sensorhub : 005: I2C W TO: 0x18, 3
04-07 09:27:54.567     0     0 I         : [    9.168978,6] stml0xx spi4.0: sensorhub : 006: AKM09912 I2C write failure
04-07 09:27:54.570     0     0 I         : [    9.170456,5] stml0xx spi4.0: sensorhub : 007: I2C R TO: 0x18, 7
04-07 09:27:54.570     0     0 I         : [    9.171881,6] stml0xx spi4.0: sensorhub : 008: I2CPT read fail
--------- beginning of radio
04-07 09:27:54.648   591   591 D TelephonyManager: No /proc/cmdline exception=java.io.FileNotFoundException: /proc/cmdline: open failed: EACCES (Permission denied)
04-07 09:27:54.649   591   591 D TelephonyManager: /proc/cmdline=
04-07 09:27:55.202   755   755 I chatty  : uid=1001(radio) /vendor/bin/hw/rild expire 19 lines
04-07 09:27:55.204   755  1090 I chatty  : uid=1001(radio) /vendor/bin/hw/rild expire 12 lines
04-07 09:27:55.204   755   885 I chatty  : uid=1001(radio) /vendor/bin/hw/rild expire 32 lines
04-07 09:27:55.355   591   591 I boot_progress_preload_end: 9958
04-07 09:27:55.824  1092  1092 I system_server_start: [1,10419,10419]
04-07 09:27:55.824  1092  1092 I boot_progress_system_run: 10427
04-07 09:27:55.920     0     0 I [   10.520662,0] apr_tal: Modem Is Up
04-07 09:27:55.934     0     0 E [   10.534642,4] diag: In diag_send_feature_mask_update, control channel is not open, p: 0, 0000000000000000
04-07 09:27:55.934     0     0 E [   10.534666,0] diag: Control packet 12 not supported
04-07 09:27:55.934     0     0 E [   10.535309,0] diag: Control packet 28 not supported
04-07 09:27:55.937     0     0 I         : [   10.538660,0] Sending QMI_IPA_INIT_MODEM_DRIVER_REQ_V01
04-07 09:27:55.937     0     0 E         : [   10.539764,7] ipa-wan handle_indication_req:133 not send indication
04-07 09:27:55.940     0     0 E         : [   10.542190,7] ipa ipa_uc_response_hdlr:461 IPA uC loaded
04-07 09:27:55.940     0     0 E         : [   10.542249,7] ipa ipa_sps_irq_control_all:945 EP (5) not allocated.
04-07 09:27:55.940     0     0 I         : [   10.542608,0] QMI_IPA_INIT_MODEM_DRIVER_REQ_V01 response received
04-07 09:27:55.944     0     0 E         : [   10.544726,7] ipa ipa_sps_irq_control_all:945 EP (5) not allocated.
04-07 09:27:55.944     0     0 E         : [   10.546666,5] ipa ipa_uc_wdi_event_log_info_handler:311 WDI feature missing 0x1
04-07 09:27:55.944     0     0 E         : [   10.546677,5] ipa ipa_uc_ntn_event_log_info_handler:39 NTN feature missing 0x1
04-07 09:27:55.944     0     0 E         : [   10.546754,7] ipa ipa_sps_irq_control_all:945 EP (5) not allocated.
04-07 09:27:56.046     0     0 I [   10.648435,4] mmc_gpio_cd_irqt: mmc cd gpio status: 1
04-07 09:27:56.214  1092  1135 I commit_sys_config_file: [batterystats,4]
04-07 09:27:56.217  1092  1135 I commit_sys_config_file: [batterystats,3]
04-07 09:27:56.277  1092  1092 I service_manager_stats: [100,19,10880]
04-07 09:27:56.335  1092  1092 I auditd  : type=1400 audit(0.0:37): avc: denied { read } for uid=1000 comm="system_server" name="u:object_r:userspace_reboot_exported_prop:s0" dev="tmpfs" ino=6483 scontext=u:r:system_server:s0 tcontext=u:object_r:userspace_reboot_exported_prop:s0 tclass=file permissive=0
04-07 09:27:56.359  1092  1092 I rescue_note: [0,1,10961]
04-07 09:27:56.370     0     0 I [   10.973217,4] mmc1: new high speed SD card at address b368
04-07 09:27:56.372     0     0 I         : [   10.973675,4] sdhci_msm_pm_qos_cpu_init (): voted for group #0 (mask=0xf) latency=2
04-07 09:27:56.372     0     0 I         : [   10.973685,4] sdhci_msm_pm_qos_cpu_init (): voted for group #1 (mask=0xf0) latency=2
04-07 09:27:56.372     0     0 I [   10.973798,4] mmcblk1: mmc1:b368 00000 1.85 GiB
04-07 09:27:56.380     0     0 I [   10.980763,4]  mmcblk1: p1
--------- beginning of system
04-07 09:27:56.392   457   467 I vold    : Found disk at /devices/soc/7864900.sdhci/mmc_host/mmc1/mmc1:b368/block/mmcblk1 but delaying scan due to secure keyguard
04-07 09:27:56.397  1092  1092 I chatty  : uid=1000 system_server expire 169 lines
04-07 09:27:56.397  1092  1130 I chatty  : uid=1000(system) android.display expire 2 lines
04-07 09:27:56.414  1092  1092 I boot_progress_pms_start: 11017
04-07 09:27:56.755  1092  1092 I boot_progress_pms_system_scan_start: 11358
04-07 09:27:57.190  1092  1092 I chatty  : uid=1000 system_server expire 214 lines
04-07 09:27:57.308  1092  1092 I boot_progress_pms_data_scan_start: 11911
04-07 09:27:57.332  1092  1092 I boot_progress_pms_scan_end: 11935
04-07 09:27:57.410     0     0 I [   12.011723,6] init: starting service 'vendor.livedisplay-hal-2-0-sysfs'...
04-07 09:27:57.437     0     0 I [   12.036731,6] init: Service 'vendor.livedisplay-hal-2-0-sysfs' (pid 1160) exited with status 1
04-07 09:27:57.437     0     0 I [   12.036763,6] init: Sending signal 9 to service 'vendor.livedisplay-hal-2-0-sysfs' (pid 1160) process group...
04-07 09:27:57.437     0     0 I [   12.036910,6] libprocessgroup: Successfully killed process cgroup uid 1000 pid 1160 in 0ms
04-07 09:27:57.587     0     0 E         : [   12.186783,3] scm_call failed: func id 0x42000c16, ret: -1, syscall returns: 0x0, 0x0, 0x0
04-07 09:27:57.587     0     0 I [   12.186804,3] batched_hyp_assign: Failed to assign memory protection, ret = -5
04-07 09:27:57.587     0     0 E [   12.186809,3] memshare: hyp_assign_phys failed size=2097152 err=-5
04-07 09:27:57.720     0     0 I [   12.323200,0] init: processing action (vendor.ims.DATA_DAEMON_STATUS=1) from (/vendor/etc/init/ims_rtp_daemon.rc:13)
04-07 09:27:57.720     0     0 I [   12.323488,7] init: Sending signal 9 to service 'vendor.ims_rtp_daemon' (pid 860) process group...
04-07 09:27:57.727     0     0 I [   12.328943,5] libprocessgroup: Successfully killed process cgroup uid 1001 pid 860 in 5ms
04-07 09:27:57.727     0     0 I [   12.329864,0] init: Service 'vendor.ims_rtp_daemon' (pid 860) received signal 9
04-07 09:27:57.744     0     0 I [   12.345956,6] init: Sending signal 9 to service 'vendor.imsrcsservice' (pid 866) process group...
04-07 09:27:57.750     0     0 I [   12.351457,6] libprocessgroup: Successfully killed process cgroup uid 1001 pid 866 in 5ms
04-07 09:27:57.750     0     0 I [   12.352174,1] init: Control message: Processed ctl.stop for 'vendor.imsrcsservice' from pid: 952 (/vendor/bin/imsdatadaemon)
04-07 09:27:57.750     0     0 I [   12.352787,1] init: Service 'vendor.imsrcsservice' (pid 866) received signal 9
04-07 09:27:57.754     0     0 I [   12.354109,5] init: starting service 'vendor.imsrcsservice'...
04-07 09:27:57.754     0     0 I [   12.356798,5] init: Control message: Processed ctl.start for 'vendor.imsrcsservice' from pid: 952 (/vendor/bin/imsdatadaemon)
04-07 09:27:57.770  1184  1184 I imsrcsd : Uce Service HAL  is starting up...
04-07 09:27:57.771  1184  1184 I imsrcsd : getAndroidPropValue : vendor.ims.DATA_DAEMON_STATUS[1]
04-07 09:27:57.897     0     0 I [   12.497405,5] init: starting service 'qcamerasvr'...
04-07 09:27:57.919  1092  1192 I chatty  : uid=1000 system_server expire 3 lines
04-07 09:27:57.923  1191  1191 F linker  : CANNOT LINK EXECUTABLE "/system/vendor/bin/mm-qcamera-daemon": cannot locate symbol "_ZN8motorola14SensorListener11newInstanceEv" referenced by "/vendor/lib/libmmcamera_vstab_module.so"...
04-07 09:27:57.926     0     0 I [   12.528307,4] init: Service 'qcamerasvr' (pid 1191) exited with status 1
04-07 09:27:57.926     0     0 I [   12.528334,4] init: Sending signal 9 to service 'qcamerasvr' (pid 1191) process group...
04-07 09:27:57.926     0     0 I [   12.528479,4] libprocessgroup: Successfully killed process cgroup uid 1006 pid 1191 in 0ms
04-07 09:27:58.005  1092  1092 I commit_sys_config_file: [package-user-0,4]
04-07 09:27:58.005  1092  1092 I commit_sys_config_file: [package,86]
04-07 09:27:58.005  1092  1092 I boot_progress_pms_ready: 12608
04-07 09:27:58.140     0     0 I [   12.741567,0] init: starting service 'vendor.ims_rtp_daemon'...
04-07 09:27:58.145  1092  1092 I am_uid_running: 1000
04-07 09:27:58.147  1092  1138 I chatty  : uid=1000(system) ActivityManager expire 1 line
04-07 09:27:58.148  1092  1092 I am_uid_active: 1000
04-07 09:27:58.165  1092  1116 I chatty  : uid=1000(system) Binder:1092_1 expire 1 line
04-07 09:27:58.165  1092  1117 I chatty  : uid=1000(system) Binder:1092_2 expire 1 line
04-07 09:27:58.170     0     0 I [   12.772872,6] init: Control message: Processed ctl.start for 'idmap2d' from pid: 1092 (system_server)
04-07 09:27:58.201   855  1207 I storaged: storaged: Start
04-07 09:27:58.202     0     0 W [   12.803431,5] healthd: battery l=72 v=3851 t=32.5 h=2 st=2 c=710139 fc=3038000 cc=0 chg=u
04-07 09:27:58.323  1092  1129 I commit_sys_config_file: [overlays,3]
04-07 09:27:58.324  1092  1233 I chatty  : uid=1000 system_server expire 6 lines
04-07 09:27:58.332   872   887 I chatty  : uid=1001(radio) /vendor/bin/hw/rild expire 31 lines
04-07 09:27:58.350     0     0 W [   12.953125,1] healthd: battery l=72 v=3851 t=32.5 h=2 st=2 c=710139 fc=3038000 cc=0 chg=u
04-07 09:27:58.352  1092  1145 I battery_status: [2,2,1,2,Li-ion]
04-07 09:27:58.352  1092  1145 I battery_level: [72,3851,325]
04-07 09:27:58.354     0     0 W [   12.954772,7] healthd: battery l=72 v=3851 t=32.5 h=2 st=2 c=710139 fc=3038000 cc=0 chg=u
04-07 09:27:58.357     0     0 E [   12.959812,4] init: Unable to set property 'ro.vendor.ril.svlte1x' from uid:1001 gid:1001 pid:872: Read-only property was already set
04-07 09:27:58.358  1092  1141 I chatty  : uid=1000(system) batterystats-wo expire 5 lines
04-07 09:27:58.360     0     0 E [   12.960303,2] init: Unable to set property 'ro.vendor.ril.svdo' from uid:1001 gid:1001 pid:872: Read-only property was already set
04-07 09:27:58.361   755  1056 I chatty  : uid=1001(radio) /vendor/bin/hw/rild expire 26 lines
04-07 09:27:58.389  1092  1092 I auditd  : type=1400 audit(0.0:38): avc: denied { read } for uid=1000 comm="system_server" name="u:object_r:exported_camera_prop:s0" dev="tmpfs" ino=6402 scontext=u:r:system_server:s0 tcontext=u:object_r:exported_camera_prop:s0 tclass=file permissive=0
04-07 09:27:58.393  1092  1272 I chatty  : uid=1000 system_server expire 4 lines
04-07 09:27:58.396  1092  1273 I chatty  : uid=1000 system_server expire 4 lines
04-07 09:27:58.396  1092  1135 I chatty  : uid=1000(system) android.bg expire 12 lines
04-07 09:27:58.423   592   592 D ZygoteInitTiming_lazy: BeginPreload took to complete: 25ms
04-07 09:27:58.430     0     0 I [   13.032735,6] init: starting service 'fps_hal'...
04-07 09:27:58.434   872  1054 I chatty  : uid=1001(radio) /vendor/bin/hw/rild expire 29 lines
04-07 09:27:58.453  1287  1287 F libc    : Fatal signal 6 (SIGABRT), code -1 (SI_QUEUE) in tid 1287 (android.hardwar), pid 1287 (android.hardwar)
04-07 09:27:58.469  1294  1294 F DEBUG   : *** *** *** *** *** *** *** *** *** *** *** *** *** *** *** ***
04-07 09:27:58.469  1294  1294 F DEBUG   : LineageOS Version: '18.1-20240407-UNOFFICIAL-potter'
04-07 09:27:58.469  1294  1294 F DEBUG   : Build fingerprint: 'motorola/potter/potter:8.1.0/OPSS28.85-17-4/28698:user/release-keys'
04-07 09:27:58.469  1294  1294 F DEBUG   : Revision: '0'
04-07 09:27:58.470  1294  1294 F DEBUG   : ABI: 'arm'
04-07 09:27:58.470  1294  1294 F DEBUG   : Timestamp: 2024-04-07 09:27:58-1100
04-07 09:27:58.470  1294  1294 F DEBUG   : pid: 1287, tid: 1287, name: android.hardwar  >>> /vendor/bin/hw/android.hardware.biometrics.fingerprint@2.1-fpcservice <<<
04-07 09:27:58.470  1294  1294 F DEBUG   : uid: 1000
04-07 09:27:58.470  1294  1294 F DEBUG   : signal 6 (SIGABRT), code -1 (SI_QUEUE), fault addr --------
04-07 09:27:58.470  1294  1294 F DEBUG   : Abort message: 'HIDL joinRpcThreadpool without calling configureRpcThreadPool.'
04-07 09:27:58.470  1294  1294 F DEBUG   :     r0  00000000  r1  00000507  r2  00000006  r3  ffbf6ff8
04-07 09:27:58.470  1294  1294 F DEBUG   :     r4  ffbf700c  r5  ffbf6ff0  r6  00000507  r7  0000016b
04-07 09:27:58.470  1294  1294 F DEBUG   :     r8  ffbf6ff8  r9  ffbf7008  r10 ffbf7028  r11 ffbf7018
04-07 09:27:58.470  1294  1294 F DEBUG   :     ip  00000507  sp  ffbf6fc8  lr  f65b9901  pc  f65b9914
04-07 09:27:58.480  1294  1294 F DEBUG   : backtrace:
04-07 09:27:58.480  1294  1294 F DEBUG   :       #00 pc 00038914  /apex/com.android.runtime/lib/bionic/libc.so (abort+172) (BuildId: 0df42f4bf5b7d932ce25d3ef38ff1413)
04-07 09:27:58.480  1294  1294 F DEBUG   :       #01 pc 00004bb7  /system/lib/liblog.so (__android_log_default_aborter+6) (BuildId: ea3b7544f61ab43cd60aa36b33e2b935)
04-07 09:27:58.480  1294  1294 F DEBUG   :       #02 pc 000052cf  /system/lib/liblog.so (__android_log_assert+174) (BuildId: ea3b7544f61ab43cd60aa36b33e2b935)
04-07 09:27:58.480  1294  1294 F DEBUG   :       #03 pc 0003cef9  /apex/com.android.vndk.v30/lib/libhidlbase.so (android::hardware::joinBinderRpcThreadpool()+36) (BuildId: b10eda4c861fff45bcfa2bde3e4d2017)
04-07 09:27:58.480  1294  1294 F DEBUG   :       #04 pc 000040df  /vendor/bin/hw/android.hardware.biometrics.fingerprint@2.1-fpcservice (main+150) (BuildId: 24a5902b0b60d74d5ed42ce18102f60f)
04-07 09:27:58.481  1294  1294 F DEBUG   :       #05 pc 000331b7  /apex/com.android.runtime/lib/bionic/libc.so (__libc_init+66) (BuildId: 0df42f4bf5b7d932ce25d3ef38ff1413)
04-07 09:27:58.494     0     0 D [   13.095985,5] logd: logdr: UID=1000 GID=1000 PID=1294 n tail=50 logMask=8 pid=1287 start=0ns timeout=0ns
04-07 09:27:58.497     0     0 D [   13.097982,6] logd: logdr: UID=1000 GID=1000 PID=1294 n tail=50 logMask=1 pid=1287 start=0ns timeout=0ns
04-07 09:27:58.500     0     0 D [   13.101850,1] logd: logdr: UID=1000 GID=1000 PID=1294 n tail=0 logMask=8 pid=1287 start=0ns timeout=0ns
04-07 09:27:58.503     0     0 D [   13.104082,0] logd: logdr: UID=1000 GID=1000 PID=1294 n tail=0 logMask=1 pid=1287 start=0ns timeout=0ns
04-07 09:27:58.507     0     0 I [   13.109849,1] init: Untracked pid 1294 exited with status 0
04-07 09:27:58.510     0     0 I [   13.110258,1] init: Service 'fps_hal' (pid 1287) received signal 6
04-07 09:27:58.510     0     0 I [   13.110290,1] init: Sending signal 9 to service 'fps_hal' (pid 1287) process group...
04-07 09:27:58.510     0     0 I [   13.110505,1] libprocessgroup: Successfully killed process cgroup uid 1000 pid 1287 in 0ms
04-07 09:27:58.510     0     0 I [   13.111429,6] init: Untracked pid 1296 exited with status 0
04-07 09:27:58.565  1092  1092 I auditd  : type=1400 audit(0.0:39): avc: denied { read } for uid=1000 comm="system_server" name="hctosys" dev="sysfs" ino=27468 scontext=u:r:system_server:s0 tcontext=u:object_r:sysfs:s0 tclass=file permissive=0
04-07 09:27:58.637  1092  1092 I wm_task_created: [1,-1]
04-07 09:27:58.638  1092  1092 I wm_stack_created: 1
04-07 09:27:58.680  1092  1128 I chatty  : uid=1000(system) android.ui expire 1 line
04-07 09:27:58.681  1092  1313 I chatty  : uid=1000 system_server expire 6 lines
04-07 09:27:58.701  1092  1318 I chatty  : uid=1000(system) NetworkWatchlis expire 2 lines
04-07 09:27:58.752   592   592 I auditd  : type=1400 audit(0.0:40): avc: denied { read } for uid=0 comm="main" name="u:object_r:exported_camera_prop:s0" dev="tmpfs" ino=6402 scontext=u:r:zygote:s0 tcontext=u:object_r:exported_camera_prop:s0 tclass=file permissive=0
04-07 09:27:58.833     0     0 E         : [   13.433412,7] ipa ipa_sps_irq_control_all:945 EP (5) not allocated.
04-07 09:27:58.833     0     0 E         : [   13.435007,7] ipa ipa_sps_irq_control_all:945 EP (5) not allocated.
04-07 09:27:58.836     0     0 E         : [   13.436993,1] ipa-wan ipa_wwan_ioctl:1554 get AGG size 8192 count 10
04-07 09:27:58.836     0     0 E         : [   13.437465,0] ipa ipa_sps_irq_control_all:945 EP (5) not allocated.
04-07 09:27:58.836     0     0 E         : [   13.439115,0] ipa ipa_assign_policy:3158 get close-by 8192
04-07 09:27:58.836     0     0 E         : [   13.439128,0] ipa ipa_assign_policy:3164 set rx_buff_sz 7808
04-07 09:27:58.836     0     0 E         : [   13.439133,0] ipa ipa_assign_policy:3187 set aggr_limit 6
04-07 09:27:58.877     0     0 E         : [   13.477503,4] ipa-wan ipa_wwan_ioctl:1455 dev(rmnet_data0) register to IPA
04-07 09:27:58.977     0     0 E         : [   13.579182,7] ipa-wan ipa_wwan_ioctl:1455 dev(rmnet_data1) register to IPA
04-07 09:27:59.157     0     0 E         : [   13.758789,7] ipa-wan ipa_wwan_ioctl:1455 dev(rmnet_data2) register to IPA
04-07 09:27:59.224  1092  1092 I chatty  : uid=1000 system_server expire 222 lines
04-07 09:27:59.230  1092  1092 I configuration_changed: 536894968
04-07 09:27:59.232  1092  1092 I sysui_multi_action: [757,1659,758,4,759,1,1660,0]
04-07 09:27:59.245  1092  1092 I configuration_changed: 8
04-07 09:27:59.247     0     0 I [   13.848514,5] init: processing action (sys.sysctl.extra_free_kbytes=*) from (/system/etc/init/hw/init.rc:990)
04-07 09:27:59.264     0     0 E         : [   13.864803,6] ipa-wan ipa_wwan_ioctl:1455 dev(rmnet_data3) register to IPA
04-07 09:27:59.265  1092  1370 I chatty  : uid=1000(system) StorageManagerS expire 4 lines
04-07 09:27:59.275  1092  1373 I chatty  : uid=1000 system_server expire 4 lines
04-07 09:27:59.367     0     0 E         : [   13.969833,7] ipa-wan ipa_wwan_ioctl:1455 dev(rmnet_data4) register to IPA
04-07 09:27:59.404   592   592 D TelephonyManager: No /proc/cmdline exception=java.io.FileNotFoundException: /proc/cmdline: open failed: EACCES (Permission denied)
04-07 09:27:59.404   592   592 D TelephonyManager: /proc/cmdline=
04-07 09:27:59.414     0     0 E         : [   14.013554,0] msm-dwc3 7000000.ssusb: DWC3_CONTROLLER_NOTIFY_OTG_EVENT received
04-07 09:27:59.414     0     0 E         : [   14.013580,0] msm-dwc3 7000000.ssusb: DWC3_CONTROLLER_SET_CURRENT_DRAW_EVENT received
04-07 09:27:59.414     0     0 E         : [   14.013587,0] msm-dwc3 7000000.ssusb: SKIP setting power supply type again,chg_type = 1
04-07 09:27:59.414     0     0 I         : [   14.013592,0] msm-dwc3 7000000.ssusb: Avail curr from USB = 0
04-07 09:27:59.414     0     0 I [   14.014080,0] android_work: android_work: sent uevent USB_STATE=DISCONNECTED
04-07 09:27:59.464     0     0 E         : [   14.064884,0] msm-dwc3 7000000.ssusb: DWC3_CONTROLLER_CONNDONE_EVENT received
04-07 09:27:59.466  1092  1145 I battery_status: [2,2,1,0,Li-ion]
04-07 09:27:59.467     0     0 W [   14.068182,1] healthd: battery l=72 v=3851 t=32.5 h=2 st=2 c=710139 fc=3038000 cc=0 chg=
04-07 09:27:59.467     0     0 W [   14.069278,1] healthd: battery l=72 v=3851 t=32.5 h=2 st=2 c=710139 fc=3038000 cc=0 chg=
04-07 09:27:59.468  1092  1141 I chatty  : uid=1000(system) batterystats-wo expire 5 lines
04-07 09:27:59.480     0     0 E         : [   14.082317,2] ipa-wan ipa_wwan_ioctl:1455 dev(rmnet_data5) register to IPA
04-07 09:27:59.487     0     0 W [   14.088683,2] healthd: battery l=72 v=3851 t=32.5 h=2 st=2 c=710139 fc=3038000 cc=0 chg=
04-07 09:27:59.539     0     0 I [   14.140433,0] android_work: android_work: sent uevent USB_STATE=CONNECTED
04-07 09:27:59.541     0     0 E         : [   14.144308,0] msm-dwc3 7000000.ssusb: DWC3_CONTROLLER_NOTIFY_OTG_EVENT received
04-07 09:27:59.541     0     0 E         : [   14.144347,0] msm-dwc3 7000000.ssusb: DWC3_CONTROLLER_SET_CURRENT_DRAW_EVENT received
04-07 09:27:59.541     0     0 E         : [   14.144352,0] msm-dwc3 7000000.ssusb: SKIP setting power supply type again,chg_type = 1
04-07 09:27:59.541     0     0 I [   14.144544,0] android_work: android_work: sent uevent USB_STATE=DISCONNECTED
04-07 09:27:59.593     0     0 E         : [   14.195636,0] msm-dwc3 7000000.ssusb: DWC3_CONTROLLER_CONNDONE_EVENT received
04-07 09:27:59.617     0     0 E         : [   14.218717,7] ipa-wan ipa_wwan_ioctl:1455 dev(rmnet_data6) register to IPA
04-07 09:27:59.687     0     0 I [   14.287977,0] android_work: android_work: sent uevent USB_STATE=CONNECTED
04-07 09:27:59.687     0     0 I         : [   14.288881,0] android_usb gadget: high-speed config #1: 86000c8.android_usb
04-07 09:27:59.687     0     0 E         : [   14.288941,0] msm-dwc3 7000000.ssusb: DWC3_CONTROLLER_SET_CURRENT_DRAW_EVENT received
04-07 09:27:59.687     0     0 E         : [   14.288951,0] msm-dwc3 7000000.ssusb: SKIP setting power supply type again,chg_type = 1
04-07 09:27:59.687     0     0 I         : [   14.288957,0] msm-dwc3 7000000.ssusb: Avail curr from USB = 500
04-07 09:27:59.734     0     0 E         : [   14.335448,0] ipa-wan ipa_wwan_ioctl:1455 dev(rmnet_data7) register to IPA
04-07 09:27:59.740     0     0 I [   14.340446,0] android_work: android_work: sent uevent USB_STATE=CONFIGURED
04-07 09:27:59.740     0     0 W [   14.341667,1] healthd: battery l=72 v=3851 t=32.5 h=2 st=2 c=710139 fc=3038000 cc=0 chg=u
04-07 09:27:59.740  1092  1145 I sysui_multi_action: [757,1417,758,4,1418,72,1421,2]
04-07 09:27:59.741     0     0 W [   14.342871,1] healthd: battery l=72 v=3851 t=32.5 h=2 st=2 c=710139 fc=3038000 cc=0 chg=u
04-07 09:27:59.741  1092  1145 I battery_status: [2,2,1,2,Li-ion]
04-07 09:27:59.757     0     0 W [   14.358487,1] healthd: battery l=72 v=3851 t=32.5 h=2 st=2 c=710139 fc=3038000 cc=0 chg=u
04-07 09:27:59.763   592   592 D ZygoteInitTiming_lazy: PreloadClasses took to complete: 1340ms
04-07 09:27:59.777   592   592 D ZygoteInitTiming_lazy: CacheNonBootClasspathClassLoaders took to complete: 14ms
04-07 09:27:59.811   592   592 D ZygoteInitTiming_lazy: PreloadResources took to complete: 35ms
04-07 09:27:59.912  1092  1129 I commit_sys_config_file: [notification-policy,7]
04-07 09:27:59.924  1092  1129 I commit_sys_config_file: [notification-policy,12]
04-07 09:27:59.929  1092  1446 I storage_state: [41217664-9172-527a-b3d5-edabb50a7d69,0,0,25472098304,26401026048]
04-07 09:27:59.946  1092  1129 I commit_sys_config_file: [notification-policy,21]
04-07 09:28:00.037  1092  1092 I stream_devices_changed: [0,0,1]
04-07 09:28:00.038  1092  1092 I stream_devices_changed: [2,0,2]
04-07 09:28:00.038  1092  1092 I stream_devices_changed: [3,0,2]
04-07 09:28:00.039  1092  1092 I stream_devices_changed: [4,0,2]
04-07 09:28:00.040  1092  1092 I stream_devices_changed: [6,0,1]
04-07 09:28:00.092  1092  1471 I chatty  : uid=1000 system_server expire 8 lines
04-07 09:28:00.110     0     0 I         : [   14.712971,6] acc_open
04-07 09:28:00.110     0     0 I         : [   14.712988,6] acc_release
04-07 09:28:00.113  1092  1145 I chatty  : uid=1000(system) HwBinder:1092_1 expire 1 line
04-07 09:28:00.115  1092  1431 I chatty  : uid=1000(system) ConnectivitySer expire 1 line
04-07 09:28:00.136  1092  1290 I commit_sys_config_file: [settings-2-0,3]
04-07 09:28:00.147  1092  1272 I chatty  : uid=1000 system_server expire 3 lines
04-07 09:28:00.150  1092  1134 I chatty  : uid=1000 system_server expire 7 lines
04-07 09:28:00.172  1092  1092 I chatty  : uid=1000 system_server expire 244 lines
04-07 09:28:00.172  1092  1233 I chatty  : uid=1000 system_server expire 6 lines
04-07 09:28:00.177     0     0 E [   14.778878,1] init: Control message: Could not find 'android.hardware.biometrics.fingerprint@2.1::IBiometricsFingerprint/default' for ctl.interface_start from pid: 450 (/system/bin/hwservicemanager)
04-07 09:28:00.241  1092  1128 I chatty  : uid=1000(system) android.ui expire 1 line
04-07 09:28:00.311  1092  1273 I chatty  : uid=1000 system_server expire 4 lines
04-07 09:28:00.312  1092  1092 I chatty  : uid=1000 system_server expire 251 lines
04-07 09:28:00.343  1092  1135 I chatty  : uid=1000(system) android.bg expire 3 lines
04-07 09:28:00.344  1092  1092 I configuration_changed: 512
04-07 09:28:00.372  1092  1431 I chatty  : uid=1000(system) ConnectivitySer expire 2 lines
04-07 09:28:00.388  1092  1092 I chatty  : uid=1000 system_server expire 246 lines
04-07 09:28:00.393  1092  1135 I chatty  : uid=1000(system) android.bg expire 4 lines
04-07 09:28:00.400   692   692 I android.hardware.wifi@1.0-service: Wifi HAL started
04-07 09:28:00.414     0     0 I [   15.013613,4] wlan: loading driver v3.0.11.85.9
04-07 09:28:00.416  1092  1092 I configuration_changed: 32
04-07 09:28:00.458  1092  1144 I chatty  : uid=1000(system) PowerManagerSer expire 2 lines
04-07 09:28:00.512  1092  1092 I commit_sys_config_file: [package-session,1]
04-07 09:28:00.526  1092  1130 I chatty  : uid=1000(system) android.display expire 2 lines
04-07 09:28:00.534  1092  1092 I chatty  : uid=1000 system_server expire 143 lines
04-07 09:28:00.540  1092  1313 I chatty  : uid=1000 system_server expire 12 lines
04-07 09:28:00.540  1092  1471 I chatty  : uid=1000 system_server expire 20 lines
04-07 09:28:00.540  1092  1272 I chatty  : uid=1000 system_server expire 16 lines
04-07 09:28:00.540  1092  1373 I chatty  : uid=1000 system_server expire 24 lines
04-07 09:28:00.540  1092  1134 I chatty  : uid=1000 system_server expire 16 lines
04-07 09:28:00.540  1092  1233 I chatty  : uid=1000 system_server expire 16 lines
04-07 09:28:00.541  1092  1273 I chatty  : uid=1000 system_server expire 8 lines
04-07 09:28:00.545  1092  1092 I boot_progress_ams_ready: 15148
04-07 09:28:00.564     0     0 I [   15.166221,6] init: processing action (persist.sys.device_provisioned=1) from (/vendor/etc/init/hw/init.qcom.rc:879)
04-07 09:28:00.573  1092  1092 I SystemServerTiming: OnBootPhase_550_com.android.server.os.BugreportManagerService
04-07 09:28:00.573  1092  1092 D SystemServerTiming: OnBootPhase_550_com.android.server.os.BugreportManagerService took to complete: 0ms
04-07 09:28:00.573  1092  1092 I SystemServerTiming: OnBootPhase_550_com.android.server.gpu.GpuService
04-07 09:28:00.573  1092  1092 D SystemServerTiming: OnBootPhase_550_com.android.server.gpu.GpuService took to complete: 0ms
04-07 09:28:00.573  1092  1092 I SystemServerTiming: OnBootPhase_550_com.android.server.security.KeyChainSystemService
04-07 09:28:00.573  1092  1092 D SystemServerTiming: OnBootPhase_550_com.android.server.security.KeyChainSystemService took to complete: 0ms
04-07 09:28:00.573  1092  1092 I SystemServerTiming: OnBootPhase_550_com.android.server.telecom.TelecomLoaderService
04-07 09:28:00.576  1092  1092 W ActivityManager: Too early to start/bind service in system_server: Phase=550 ComponentInfo{com.android.server.telecom/com.android.server.telecom.components.TelecomService}
04-07 09:28:00.576  1092  1092 W ActivityManager: Too early to start/bind service in system_server: Phase=550 ComponentInfo{com.android.server.telecom/com.android.server.telecom.components.TelecomService}
04-07 09:28:00.576  1092  1092 D SystemServerTiming: OnBootPhase_550_com.android.server.telecom.TelecomLoaderService took to complete: 3ms
04-07 09:28:00.576  1092  1092 I SystemServerTiming: OnBootPhase_550_com.android.server.accounts.AccountManagerService$Lifecycle
04-07 09:28:00.576  1092  1092 D SystemServerTiming: OnBootPhase_550_com.android.server.accounts.AccountManagerService$Lifecycle took to complete: 0ms
04-07 09:28:00.576  1092  1092 I SystemServerTiming: OnBootPhase_550_com.android.server.content.ContentService$Lifecycle
04-07 09:28:00.579  1092  1092 I SyncManager: No initial accounts
04-07 09:28:00.584  1092  1092 D SystemServerTiming: OnBootPhase_550_com.android.server.content.ContentService$Lifecycle took to complete: 8ms
04-07 09:28:00.584  1092  1092 I SystemServerTiming: OnBootPhase_550_com.android.server.DropBoxManagerService
04-07 09:28:00.584  1092  1092 D SystemServerTiming: OnBootPhase_550_com.android.server.DropBoxManagerService took to complete: 0ms
04-07 09:28:00.584  1092  1092 I SystemServerTiming: OnBootPhase_550_com.android.server.AlarmManagerService
04-07 09:28:00.584  1092  1092 D SystemServerTiming: OnBootPhase_550_com.android.server.AlarmManagerService took to complete: 0ms
04-07 09:28:00.584  1092  1092 I SystemServerTiming: OnBootPhase_550_com.android.server.BluetoothService
04-07 09:28:00.584  1092  1092 D BluetoothManagerService: Bluetooth boot completed
04-07 09:28:00.586  1092  1092 D SystemServerTiming: OnBootPhase_550_com.android.server.BluetoothService took to complete: 2ms
04-07 09:28:00.586  1092  1092 I SystemServerTiming: OnBootPhase_550_com.android.server.connectivity.IpConnectivityMetrics
04-07 09:28:00.586  1092  1092 D SystemServerTiming: OnBootPhase_550_com.android.server.connectivity.IpConnectivityMetrics took to complete: 0ms
04-07 09:28:00.586  1092  1092 I SystemServerTiming: OnBootPhase_550_com.android.server.net.watchlist.NetworkWatchlistService$Lifecycle
04-07 09:28:00.597  1092  1092 D SystemServerTiming: OnBootPhase_550_com.android.server.net.watchlist.NetworkWatchlistService$Lifecycle took to complete: 11ms
04-07 09:28:00.598  1092  1092 I SystemServerTiming: OnBootPhase_550_com.android.server.PinnerService
04-07 09:28:00.598  1092  1092 D SystemServerTiming: OnBootPhase_550_com.android.server.PinnerService took to complete: 0ms
04-07 09:28:00.598  1092  1092 I SystemServerTiming: OnBootPhase_550_com.google.android.startop.iorap.IorapForwardingService
04-07 09:28:00.598  1092  1092 D SystemServerTiming: OnBootPhase_550_com.google.android.startop.iorap.IorapForwardingService took to complete: 0ms
04-07 09:28:00.598  1092  1092 I SystemServerTiming: OnBootPhase_550_com.android.server.integrity.AppIntegrityManagerService
04-07 09:28:00.598  1092  1092 D SystemServerTiming: OnBootPhase_550_com.android.server.integrity.AppIntegrityManagerService took to complete: 0ms
04-07 09:28:00.598  1092  1092 I SystemServerTiming: OnBootPhase_550_com.android.server.inputmethod.InputMethodManagerService$Lifecycle
04-07 09:28:00.614  1092  1290 I commit_sys_config_file: [settings-0-0,7]
04-07 09:28:00.691  1092  1092 W SystemServiceManager: Service com.android.server.inputmethod.InputMethodManagerService$Lifecycle took 94 ms in onBootPhase
04-07 09:28:00.691  1092  1092 D SystemServerTiming: OnBootPhase_550_com.android.server.inputmethod.InputMethodManagerService$Lifecycle took to complete: 94ms
04-07 09:28:00.691  1092  1092 I SystemServerTiming: OnBootPhase_550_com.android.server.accessibility.AccessibilityManagerService$Lifecycle
04-07 09:28:00.691  1092  1092 D SystemServerTiming: OnBootPhase_550_com.android.server.accessibility.AccessibilityManagerService$Lifecycle took to complete: 0ms
04-07 09:28:00.691  1092  1092 I SystemServerTiming: OnBootPhase_550_com.android.server.StorageManagerService$Lifecycle
04-07 09:28:00.692  1092  1092 D SystemServerTiming: OnBootPhase_550_com.android.server.StorageManagerService$Lifecycle took to complete: 0ms
04-07 09:28:00.692  1092  1092 I SystemServerTiming: OnBootPhase_550_com.android.server.usage.StorageStatsService$Lifecycle
04-07 09:28:00.692  1092  1092 D SystemServerTiming: OnBootPhase_550_com.android.server.usage.StorageStatsService$Lifecycle took to complete: 0ms
04-07 09:28:00.692  1092  1092 I SystemServerTiming: OnBootPhase_550_com.android.server.UiModeManagerService
04-07 09:28:00.692  1092  1092 D SystemServerTiming: OnBootPhase_550_com.android.server.UiModeManagerService took to complete: 0ms
04-07 09:28:00.692  1092  1092 I SystemServerTiming: OnBootPhase_550_com.android.server.locksettings.LockSettingsService$Lifecycle
04-07 09:28:00.692  1092  1092 D SystemServerTiming: OnBootPhase_550_com.android.server.locksettings.LockSettingsService$Lifecycle took to complete: 1ms
04-07 09:28:00.692  1092  1092 I SystemServerTiming: OnBootPhase_550_com.android.server.testharness.TestHarnessModeService
04-07 09:28:00.692  1092  1092 D SystemServerTiming: OnBootPhase_550_com.android.server.testharness.TestHarnessModeService took to complete: 0ms
04-07 09:28:00.692  1092  1092 I SystemServerTiming: OnBootPhase_550_com.android.server.DeviceIdleController
04-07 09:28:00.692  1092  1092 D SystemServerTiming: OnBootPhase_550_com.android.server.DeviceIdleController took to complete: 0ms
04-07 09:28:00.692  1092  1092 I SystemServerTiming: OnBootPhase_550_com.android.server.devicepolicy.DevicePolicyManagerService$Lifecycle
04-07 09:28:00.693  1092  1092 D SystemServerTiming: OnBootPhase_550_com.android.server.devicepolicy.DevicePolicyManagerService$Lifecycle took to complete: 0ms
04-07 09:28:00.693  1092  1092 I SystemServerTiming: OnBootPhase_550_com.android.server.textservices.TextServicesManagerService$Lifecycle
04-07 09:28:00.693  1092  1092 D SystemServerTiming: OnBootPhase_550_com.android.server.textservices.TextServicesManagerService$Lifecycle took to complete: 0ms
04-07 09:28:00.693  1092  1092 I SystemServerTiming: OnBootPhase_550_com.android.server.textclassifier.TextClassificationManagerService$Lifecycle
04-07 09:28:00.693  1092  1092 D SystemServerTiming: OnBootPhase_550_com.android.server.textclassifier.TextClassificationManagerService$Lifecycle took to complete: 0ms
