04-07 09:28:02.476  1092  1137 I dvm_lock_sample: [system_server,1,ActivityManager:procStart,190,ProcessList.java,2060,void com.android.server.am.ProcessList.handleProcessStart(com.android.server.am.ProcessRecord, java.lang.String, int[], int, int, int, java.lang.String, java.lang.String, java.lang.String, long),UserController.java,2748,int com.android.server.am.UserController$Injector.broadcastIntent(android.content.Intent, java.lang.String, android.content.IIntentReceiver, int, java.lang.String, android.os.Bundle, java.lang.String[], int, android.os.Bundle, boolean, boolean, int, int, int, int, int),38]
04-07 09:28:02.476  1092  1137 W ActivityManager: Slow operation: 206ms so far, now at startProcess: done updating battery stats
04-07 09:28:02.476  1092  1137 I am_proc_start: [0,1851,1001,com.qualcomm.qti.telephonyservice,added application,com.qualcomm.qti.telephonyservice]
04-07 09:28:02.476  1092  1137 W ActivityManager: Slow operation: 206ms so far, now at startProcess: building log message
04-07 09:28:02.476  1092  1137 I ActivityManager: Start proc 1851:com.qualcomm.qti.telephonyservice/1001 for added application com.qualcomm.qti.telephonyservice
04-07 09:28:02.476  1092  1137 W ActivityManager: Slow operation: 206ms so far, now at startProcess: starting to update pids map
04-07 09:28:02.476  1092  1137 W ActivityManager: Slow operation: 206ms so far, now at startProcess: done updating pids map
04-07 09:28:02.477  1092  1137 W ActivityManager: Slow operation: 205ms so far, now at startProcess: asking zygote to start proc
04-07 09:28:02.477  1092  1197 I am_proc_bound: [0,1851,com.qualcomm.qti.telephonyservice]
04-07 09:28:02.479  1092  1131 V WindowManager: Orientation start waiting for draw, mDrawState=DRAW_PENDING in Window{6cd526e u0 NotificationShade}, surfaceController Surface(name=NotificationShade)/@0x3360be7
04-07 09:28:02.487   591   591 D Zygote  : Forked child process 1872
04-07 09:28:02.488  1092  1092 W Looper  : Slow delivery took 4156ms main h=android.app.ActivityThread$H c=null m=156
04-07 09:28:02.492  1092  1197 I am_uid_active: 1001
04-07 09:28:02.492  1092  1136 I dvm_lock_sample: [system_server,1,ActivityManager,130,BroadcastQueue.java,949,void com.android.server.am.BroadcastQueue.processNextBroadcast(boolean),,0,null,26]
04-07 09:28:02.492   591   591 I Zygote  : Process 1831 exited due to signal 9 (Killed)
04-07 09:28:02.493  1092  1137 W ActivityManager: Slow operation: 221ms so far, now at startProcess: returned from zygote!
04-07 09:28:02.494     0     0 I [   17.094831,1] binder: undelivered TRANSACTION_COMPLETE
04-07 09:28:02.494     0     0 I [   17.094848,1] binder: undelivered transaction 20811, process died.
04-07 09:28:02.494  1092  1130 D CompatibilityChangeReporter: Compat change id reported: 135634846; UID 1000; state: DISABLED
04-07 09:28:02.497  1092  1197 I wm_task_created: [3,-1]
04-07 09:28:02.497  1092  1197 I wm_stack_created: 3
04-07 09:28:02.507  1872  1884 E rkstack.proces: failed to connect to jdwp control socket: Connection refused
04-07 09:28:02.511  1092  1808 I wm_task_created: [4,-1]
04-07 09:28:02.512   709  1460 I AudioPolicyService: Capy check package com.android.ons, sdk 30
04-07 09:28:02.512  1092  1137 W ActivityManager: Slow operation: 241ms so far, now at startProcess: done updating battery stats
04-07 09:28:02.512  1092  1137 I am_proc_start: [0,1872,1073,com.android.networkstack.process,added application,com.android.networkstack.process]
04-07 09:28:02.512  1092  1137 W ActivityManager: Slow operation: 241ms so far, now at startProcess: building log message
04-07 09:28:02.512  1092  1137 I ActivityManager: Start proc 1872:com.android.networkstack.process/1073 for added application com.android.networkstack.process
04-07 09:28:02.512  1092  1137 W ActivityManager: Slow operation: 241ms so far, now at startProcess: starting to update pids map
04-07 09:28:02.512  1092  1808 I wm_stack_created: 4
04-07 09:28:02.513  1851  1851 I chatty  : uid=1001(radio) com.qualcomm.qti.telephonyservice expire 24 lines
04-07 09:28:02.517  1092  1137 W ActivityManager: Slow operation: 246ms so far, now at startProcess: done updating pids map
04-07 09:28:02.518  1092  1137 W ActivityManager: Slow operation: 244ms so far, now at startProcess: asking zygote to start proc
04-07 09:28:02.520  1092  1811 I am_proc_bound: [0,1872,com.android.networkstack.process]
04-07 09:28:02.520   545   558 W ServiceManager: Permission failure: android.permission.ACCESS_SURFACE_FLINGER from uid=10144 pid=1541
04-07 09:28:02.520   545   558 D PermissionCache: checking android.permission.ACCESS_SURFACE_FLINGER for uid=10144 => denied (1626 us)
04-07 09:28:02.523  1092  1811 I am_uid_active: 1073
04-07 09:28:02.527  1092  1092 D ConditionProviders.SCP: onConnected
04-07 09:28:02.528  1092  1129 I EntropyMixer: Writing entropy...
04-07 09:28:02.532   591   591 D Zygote  : Forked child process 1895
04-07 09:28:02.534  1092  1894 I chatty  : uid=1000 system_server expire 1 line
04-07 09:28:02.535  1092  1092 D ConditionProviders: Subscribing to condition://android/event?userId=-10000&calendar=&reply=1 with ComponentInfo{android/com.android.server.notification.EventConditionProvider}
04-07 09:28:02.535  1092  1092 D ConditionProviders: Subscribing to condition://android/schedule?days=1.2.3.4.5.6.7&start=22.0&end=7.0&exitAtAlarm=true with ComponentInfo{android/com.android.server.notification.ScheduleConditionProvider}
04-07 09:28:02.535  1092  1092 I notification_cancel_all: [1000,1092,android,0,0,0,17,NULL]
04-07 09:28:02.536   709  1460 I AudioPolicyService: Capy check package com.android.cellbroadcastservice, sdk 30
04-07 09:28:02.538  1092  1137 W ActivityManager: Slow operation: 265ms so far, now at startProcess: returned from zygote!
04-07 09:28:02.538  1092  1092 I am_uid_running: 10150
04-07 09:28:02.539  1092  1092 D CompatibilityChangeReporter: Compat change id reported: 135634846; UID 10150; state: DISABLED
04-07 09:28:02.540  1092  1137 W ActivityManager: Slow operation: 266ms so far, now at startProcess: done updating battery stats
04-07 09:28:02.540  1092  1137 I am_proc_start: [0,1895,1068,com.android.se,added application,com.android.se]
04-07 09:28:02.540  1092  1137 W ActivityManager: Slow operation: 266ms so far, now at startProcess: building log message
04-07 09:28:02.540  1092  1137 I ActivityManager: Start proc 1895:com.android.se/1068 for added application com.android.se
04-07 09:28:02.540  1092  1137 W ActivityManager: Slow operation: 266ms so far, now at startProcess: starting to update pids map
04-07 09:28:02.540  1092  1137 W ActivityManager: Slow operation: 267ms so far, now at startProcess: done updating pids map
04-07 09:28:02.540  1092  1137 W ActivityManager: Slow operation: 266ms so far, now at startProcess: asking zygote to start proc
04-07 09:28:02.545  1872  1872 I rkstack.proces: The ClassLoaderContext is a special shared library.
04-07 09:28:02.556  1541  1541 D Tonal   : Tonal Palette - index: 7. Main color: ff5ac2c1
04-07 09:28:02.556  1541  1541 D Tonal   : Colors: ff051414, ff0a2828, ff0e3d3a, ff145652, ff1c746b, ff239392, ff2ab2b1, ff5ac2c1, ff68d4db, ff81d9e1, ff9edee8, ffc7ebf2, ffe4f6f8
04-07 09:28:02.557  1541  1541 D Tonal   : Gradients: 
04-07 09:28:02.557  1541  1541 D Tonal   : 	Normal GradientColors(ff5ac2c1, ff5ac2c1)
04-07 09:28:02.557  1541  1541 D Tonal   : 	Dark GradientColors(ff145652, ff145652)
04-07 09:28:02.557  1541  1541 D Tonal   : 	Extra dark: GradientColors(ff0e3d3a, ff0e3d3a)
04-07 09:28:02.557  1541  1541 D Tonal   : Tonal Palette - index: 7. Main color: ff5ac2c1
04-07 09:28:02.557  1541  1541 D Tonal   : Colors: ff051414, ff0a2828, ff0e3d3a, ff145652, ff1c746b, ff239392, ff2ab2b1, ff5ac2c1, ff68d4db, ff81d9e1, ff9edee8, ffc7ebf2, ffe4f6f8
04-07 09:28:02.557  1541  1541 D Tonal   : Gradients: 
04-07 09:28:02.557  1541  1541 D Tonal   : 	Normal GradientColors(ff5ac2c1, ff5ac2c1)
04-07 09:28:02.557  1541  1541 D Tonal   : 	Dark GradientColors(ff145652, ff145652)
04-07 09:28:02.557  1541  1541 D Tonal   : 	Extra dark: GradientColors(ff0e3d3a, ff0e3d3a)
04-07 09:28:02.560   591   591 D Zygote  : Forked child process 1910
04-07 09:28:02.561  1872  1872 D NetworkSecurityConfig: No Network Security Config specified, using platform default
04-07 09:28:02.562  1872  1872 D NetworkSecurityConfig: No Network Security Config specified, using platform default
04-07 09:28:02.565  1895  1909 E com.android.se: failed to connect to jdwp control socket: Connection refused
04-07 09:28:02.567  1092  1137 W ActivityManager: Slow operation: 293ms so far, now at startProcess: returned from zygote!
04-07 09:28:02.568  1092  1137 W ActivityManager: Slow operation: 293ms so far, now at startProcess: done updating battery stats
04-07 09:28:02.568  1092  1137 I am_proc_start: [0,1910,1001,.qtidataservices,added application,.qtidataservices]
04-07 09:28:02.568  1092  1137 W ActivityManager: Slow operation: 293ms so far, now at startProcess: building log message
04-07 09:28:02.568  1092  1137 I ActivityManager: Start proc 1910:.qtidataservices/1001 for added application .qtidataservices
04-07 09:28:02.568  1092  1137 W ActivityManager: Slow operation: 293ms so far, now at startProcess: starting to update pids map
04-07 09:28:02.568  1092  1137 W ActivityManager: Slow operation: 294ms so far, now at startProcess: done updating pids map
04-07 09:28:02.568  1092  1137 W ActivityManager: Slow operation: 293ms so far, now at startProcess: asking zygote to start proc
04-07 09:28:02.576  1092  1811 I am_proc_bound: [0,1895,com.android.se]
04-07 09:28:02.578  1910  1929 I chatty  : uid=1001(radio) ADB-JDWP Connec expire 7 lines
04-07 09:28:02.580  1092  1431 D ConnectivityService: NetReassign [no changes]
04-07 09:28:02.580   591   591 D Zygote  : Forked child process 1933
04-07 09:28:02.580  1092  1811 I am_uid_active: 1068
04-07 09:28:02.583   709  1460 I AudioPolicyService: Capy check package com.android.se, sdk 30
04-07 09:28:02.585  1092  1137 W ActivityManager: Slow operation: 310ms so far, now at startProcess: returned from zygote!
04-07 09:28:02.585  1092  1137 W ActivityManager: Slow operation: 310ms so far, now at startProcess: done updating battery stats
04-07 09:28:02.586  1092  1137 I am_proc_start: [0,1933,1001,com.android.phone,added application,com.android.phone]
04-07 09:28:02.586  1092  1137 I Watchdog: Interesting Java process com.android.phone started. Pid 1933
04-07 09:28:02.586  1092  1137 W ActivityManager: Slow operation: 310ms so far, now at startProcess: building log message
04-07 09:28:02.586  1092  1137 I ActivityManager: Start proc 1933:com.android.phone/1001 for added application com.android.phone
04-07 09:28:02.586  1092  1137 W ActivityManager: Slow operation: 310ms so far, now at startProcess: starting to update pids map
04-07 09:28:02.586  1092  1137 W ActivityManager: Slow operation: 310ms so far, now at startProcess: done updating pids map
04-07 09:28:02.586  1092  1137 W ActivityManager: Slow operation: 93ms so far, now at startProcess: asking zygote to start proc
04-07 09:28:02.591  1092  1808 I am_proc_bound: [0,1910,.qtidataservices]
04-07 09:28:02.598   591   591 D Zygote  : Forked child process 1951
04-07 09:28:02.600  1933  1953 I chatty  : uid=1001(radio) ADB-JDWP Connec expire 7 lines
04-07 09:28:02.604  1895  1895 I com.android.se: The ClassLoaderContext is a special shared library.
04-07 09:28:02.605  1910  1910 I chatty  : uid=1001(radio) .qtidataservices expire 26 lines
04-07 09:28:02.606  1092  1137 W ActivityManager: Slow operation: 112ms so far, now at startProcess: returned from zygote!
04-07 09:28:02.606  1092  1137 W ActivityManager: Slow operation: 113ms so far, now at startProcess: done updating battery stats
04-07 09:28:02.606  1092  1137 I am_proc_start: [0,1951,1000,com.android.settings,top-activity,{com.android.settings/com.android.settings.FallbackHome}]
04-07 09:28:02.606  1092  1137 W ActivityManager: Slow operation: 113ms so far, now at startProcess: building log message
04-07 09:28:02.606  1092  1137 I ActivityManager: Start proc 1951:com.android.settings/1000 for top-activity {com.android.settings/com.android.settings.FallbackHome}
04-07 09:28:02.606  1092  1137 W ActivityManager: Slow operation: 113ms so far, now at startProcess: starting to update pids map
04-07 09:28:02.607  1541  1541 D ClockController: onTuningChanged key=icon_blacklist value=null
04-07 09:28:02.607  1092  1137 W ActivityManager: Slow operation: 113ms so far, now at startProcess: done updating pids map
04-07 09:28:02.607  1092  1137 W ActivityManager: Slow operation: 68ms so far, now at startProcess: asking zygote to start proc
04-07 09:28:02.607  1092  1137 D CompatibilityChangeReporter: Compat change id reported: 143937733; UID 10150; state: ENABLED
04-07 09:28:02.610  1092  1811 I am_proc_bound: [0,1933,com.android.phone]
04-07 09:28:02.610  1541  1541 D ClockController: onTuningChanged key=lineagesystem:status_bar_clock value=2
04-07 09:28:02.612  1541  1541 D ClockController: onTuningChanged key=icon_blacklist value=null
04-07 09:28:02.612  1541  1541 D ClockController: onTuningChanged key=lineagesystem:status_bar_clock value=2
04-07 09:28:02.617  1541  1541 D QSTileHost: Recreating tiles
04-07 09:28:02.618  1541  1541 D QSTileHost: Creating tile: wifi
04-07 09:28:02.619  1092  1092 I notification_cancel_all: [1000,1092,com.android.systemui,0,0,0,17,NULL]
04-07 09:28:02.620  1541  1737 D KeyguardViewMediator: updateActivityLockScreenState(true, false)
04-07 09:28:02.620  1092  1745 I wm_set_keyguard_shown: [1,0,0,setKeyguardShown]
04-07 09:28:02.620   591   591 D Zygote  : Forked child process 1971
04-07 09:28:02.621  1092  1745 D ActivityTaskManager: Top Process State changed to PROCESS_STATE_TOP_SLEEPING
04-07 09:28:02.622  1541  1541 D QSTileHost: Creating tile: bt
04-07 09:28:02.623  1092  1092 D PackageWatchdog: Getting all observed packages pending health checks
04-07 09:28:02.623  1541  1541 D QSTileHost: Creating tile: dnd
04-07 09:28:02.623  1092  1092 I PackageWatchdog: Syncing health check requests for packages: {}
04-07 09:28:02.623  1092  1092 I ExplicitHealthCheckController: Service not ready to get health check supported packages. Binding...
04-07 09:28:02.624     0     0 D [   17.226605,1] SELinux: initialized (dev tmpfs, type tmpfs), uses transition SIDs
04-07 09:28:02.624  1541  1541 D QSTileHost: Creating tile: flashlight
04-07 09:28:02.624  1092  1745 I wm_add_to_stopping: [0,252041739,com.android.settings/.FallbackHome,makeInvisible]
04-07 09:28:02.624  1092  1092 I ExplicitHealthCheckController: Explicit health check service is bound
04-07 09:28:02.625  1541  1541 D QSTileHost: Creating tile: rotation
04-07 09:28:02.625   687   687 I android.hardware.power-service-qti: Power setMode: 5 to: 0
04-07 09:28:02.625  1541  1541 D QSTileHost: Creating tile: battery
04-07 09:28:02.627     0     0 D [   17.226921,1] SELinux: initialized (dev tmpfs, type tmpfs), uses transition SIDs
04-07 09:28:02.627     0     0 D [   17.226985,1] SELinux: initialized (dev tmpfs, type tmpfs), uses transition SIDs
04-07 09:28:02.627     0     0 D [   17.227959,1] SELinux: initialized (dev tmpfs, type tmpfs), uses transition SIDs
04-07 09:28:02.627  1092  1130 I sysui_multi_action: [757,1144,758,7,806,com.android.settings,871,com.android.settings.FallbackHome]
04-07 09:28:02.627  1541  1541 D QSTileHost: Creating tile: cell
04-07 09:28:02.628  1541  1541 D QSTileHost: Creating tile: airplane
04-07 09:28:02.628  1895  1895 D NetworkSecurityConfig: No Network Security Config specified, using platform default
04-07 09:28:02.629  1541  1541 D QSTileHost: Creating tile: cast
04-07 09:28:02.629  1895  1895 D NetworkSecurityConfig: No Network Security Config specified, using platform default
04-07 09:28:02.630  1541  1541 D QSTileHost: Creating tile: screenrecord
04-07 09:28:02.635  1092  1137 W ActivityManager: Slow operation: 96ms so far, now at startProcess: returned from zygote!
04-07 09:28:02.636  1092  1137 W ActivityManager: Slow operation: 98ms so far, now at startProcess: done updating battery stats
04-07 09:28:02.636  1092  1137 I am_proc_start: [0,1971,10150,android.ext.services,service,{android.ext.services/android.ext.services.autofill.InlineSuggestionRenderServiceImpl}]
04-07 09:28:02.636  1092  1137 W ActivityManager: Slow operation: 98ms so far, now at startProcess: building log message
04-07 09:28:02.636  1092  1137 I ActivityManager: Start proc 1971:android.ext.services/u0a150 for service {android.ext.services/android.ext.services.autofill.InlineSuggestionRenderServiceImpl}
04-07 09:28:02.636  1092  1137 W ActivityManager: Slow operation: 98ms so far, now at startProcess: starting to update pids map
04-07 09:28:02.637  1092  1137 W ActivityManager: Slow operation: 99ms so far, now at startProcess: done updating pids map
04-07 09:28:02.638   709  1460 I AudioPolicyService: Capy check package android.ext.services, sdk 30
04-07 09:28:02.639  1951  1978 I chatty  : uid=1000(system) ADB-JDWP Connec expire 8 lines
04-07 09:28:02.639  1895  1895 I SecureElementService: main onCreate
04-07 09:28:02.643  1895  1895 I SecureElementService: Check if terminal eSE1 is available.
04-07 09:28:02.645  1872  1872 I TetheringManager: registerTetheringEventCallback:com.android.networkstack
04-07 09:28:02.645  1895  1895 D SecureElement-Terminal-eSE1: SE Hal V1.2 is not supported
04-07 09:28:02.647  1092  1811 D ConnectivityService: requestNetwork for uid/pid:1073/1872 NetworkRequest [ TRACK_DEFAULT id=16, [ Capabilities: INTERNET&NOT_RESTRICTED&TRUSTED Uid: 1073 AdministratorUids: [] RequestorUid: 1073 RequestorPackageName: com.android.networkstack] ]
04-07 09:28:02.647  1092  1431 D ConnectivityService: NetReassign [no changes]
04-07 09:28:02.648  1092  1811 I am_proc_bound: [0,1951,com.android.settings]
04-07 09:28:02.648  1895  1895 D SecureElement-Terminal-eSE1: SE Hal V1.1 is not supported
04-07 09:28:02.649  1895  1895 I SecureElementService: No HAL implementation for eSE1
04-07 09:28:02.649  1895  1895 I SecureElementService: Check if terminal SIM1 is available.
04-07 09:28:02.649  1092  1431 D ConnectivityService: NetReassign [no changes]
04-07 09:28:02.650  1895  1895 D SecureElement-Terminal-SIM1: SE Hal V1.2 is not supported
04-07 09:28:02.650  1895  1895 D SecureElement-Terminal-SIM1: SE Hal V1.1 is not supported
04-07 09:28:02.650  1933  1933 I chatty  : uid=1001(radio) com.android.phone expire 761 lines
04-07 09:28:02.650  1895  1895 I SecureElementService: No HAL implementation for SIM1
04-07 09:28:02.653  1971  1996 E id.ext.service: failed to connect to jdwp control socket: Connection refused
04-07 09:28:02.653  1092  1811 I wm_restart_activity: [0,252041739,2,com.android.settings/.FallbackHome]
04-07 09:28:02.655  1092  1811 I wm_set_resumed_activity: [0,com.android.settings/.FallbackHome,minimalResumeActivityLocked]
04-07 09:28:02.659  1092  1811 I wm_add_to_stopping: [0,252041739,com.android.settings/.FallbackHome,makeInvisible]
04-07 09:28:02.659  1092  1811 I wm_pause_activity: [0,252041739,com.android.settings/.FallbackHome,userLeaving=false]
04-07 09:28:02.663  1872  1872 D ApplicationLoaders: Returning zygote-cached class loader: /system/framework/android.test.base.jar
04-07 09:28:02.665  1092  1745 I am_proc_bound: [0,1971,android.ext.services]
04-07 09:28:02.667  1092  1745 I am_uid_active: 10150
04-07 09:28:02.668  1749  1763 E droid.launcher: failed to connect to jdwp control socket: Connection refused
04-07 09:28:02.682  1951  1951 I chatty  : uid=1000(system) com.android.settings expire 23 lines
04-07 09:28:02.683  1092  1092 E TrustManagerService: EXTRA_USER_HANDLE missing or invalid, value=0
04-07 09:28:02.683  1092  1136 I am_wtf  : [0,1092,system_server,-1,TrustManagerService,EXTRA_USER_HANDLE missing or invalid, value=0]
04-07 09:28:02.684  1872  1872 D NetworkSecurityConfig: No Network Security Config specified, using platform default
04-07 09:28:02.684  1872  1872 W nsconfig: com.android.networkstack.process: New config does not match the previously set config.
04-07 09:28:02.684  1092  1136 I DropBoxManagerService: add tag=system_server_wtf isTagEnabled=true flags=0x2
04-07 09:28:02.699  1092  1092 V NotificationAssistants: enabling notification assistant for 0: ComponentInfo{android.ext.services/android.ext.services.notification.Assistant}
04-07 09:28:02.700  1092  1092 V NotificationAssistants: binding: Intent { act=android.service.notification.NotificationAssistantService cmp=android.ext.services/.notification.Assistant (has extras) }
04-07 09:28:02.705   709   888 E AudioFlinger: getMicMute: error -38 getting state from HAL
04-07 09:28:02.705   709   888 W AudioFlinger: setMicMute: error -38 setting state to HAL
04-07 09:28:02.705   709   888 E AudioFlinger: getMicMute: error -38 getting state from HAL
04-07 09:28:02.708  1971  1971 D NetworkSecurityConfig: No Network Security Config specified, using platform default
04-07 09:28:02.709  1971  1971 D NetworkSecurityConfig: No Network Security Config specified, using platform default
04-07 09:28:02.723   709   886 D APM_AudioPolicyManager: setVolumeCurveIndex: wrong index 1 min=0 max=0
04-07 09:28:02.723   709   886 E APM_AudioPolicyManager: setVolumeIndexForAttributes failed to set curve index for group 3 device 0x40000000
04-07 09:28:02.744   676   676 I QCamera : <MCI><INFO> get_num_of_cameras: 1919: failed...Camera Daemon may not up so try again
04-07 09:28:02.747  1092  1745 I chatty  : uid=1000(system) Binder:1092_5 expire 14 lines
04-07 09:28:02.747     0     0 E         : [   17.346764,4] MSM-SENSOR-INIT msm_sensor_wait_for_probe_done:53 msm_sensor_wait_for_probe_done:53 wait timeout
04-07 09:28:02.747     0     0 E         : [   17.346764,4]
04-07 09:28:02.747     0     0 E         : [   17.346784,4] MSM-SENSOR-INIT msm_sensor_init_subdev_do_ioctl:148 msm_sensor_init_subdev_do_ioctl:148 VIDIOC_MSM_SENSOR_INIT_CFG failed (non-fatal)
04-07 09:28:02.751   709   888 W APM::AudioPolicyEngine: getDevicesForStrategy() unknown strategy: -1
04-07 09:28:02.751  1872  1872 D CompatibilityChangeReporter: Compat change id reported: 147600208; UID 1073; state: ENABLED
04-07 09:28:02.754  1092  1092 I device_idle: [1,no activity]
04-07 09:28:02.755  1092  1092 I device_idle_light: [1,no activity]
04-07 09:28:02.755  1092  1092 I device_idle: [0,charging]
04-07 09:28:02.755  1092  1092 I device_idle_light: [0,charging]
04-07 09:28:02.756  1092  1135 I device_idle_off_start: charging
04-07 09:28:02.756  1092  1092 I battery_saving_stats: [0,1,0,1,0,0,1,0,0]
04-07 09:28:02.756  1092  1127 D UsbDeviceManager: push notification:Charging this device via USB
04-07 09:28:02.756  1092  1092 D ConditionProviders.SCP: onSubscribe condition://android/schedule?days=1.2.3.4.5.6.7&start=22.0&end=7.0&exitAtAlarm=true
04-07 09:28:02.756  1092  1135 I device_idle_off_complete: 
04-07 09:28:02.756  1092  1092 D ConditionProviders.SCP: setRegistered true
04-07 09:28:02.757  1872  1872 V WifiManager: registerSoftApCallback: callback=com.android.networkstack.tethering.Tethering$TetheringSoftApCallback@f9b9073, executor=com.android.networkstack.tethering.Tethering$TetheringThreadExecutor@731bb30
04-07 09:28:02.759  1092  1443 W ActivityThread: Failed to find provider info for com.android.calendar (user not unlocked)
04-07 09:28:02.759  1092  1745 D ConnectivityService: requestNetwork for uid/pid:1073/1872 NetworkRequest [ REQUEST id=18, [ Capabilities: INTERNET&NOT_RESTRICTED&TRUSTED&NOT_VPN AdministratorUids: [] RequestorUid: 1073 RequestorPackageName: com.android.networkstack] ]
04-07 09:28:02.759  1092  1443 W ActivityThread: Failed to find provider info for com.android.calendar (user not unlocked)
04-07 09:28:02.760  1092  1431 D ConnectivityService: NetReassign [no changes]
04-07 09:28:02.765  1092  1092 D ConditionProviders.SCP: evaluateSubscriptionLocked cal=ScheduleCalendar[mDays={1, 2, 3, 4, 5, 6, 7}, mSchedule=ScheduleInfo{days=[1, 2, 3, 4, 5, 6, 7], startHour=22, startMinute=0, endHour=7, endMinute=0, exitAtAlarm=true, nextAlarm=Wed Dec 31 13:00:00 GMT-11:00 1969 (0)}], now=Sun Apr 07 09:28:02 GMT-11:00 2024 (1712521682756), nextUserAlarmTime=Wed Dec 31 13:00:00 GMT-11:00 1969 (0)
04-07 09:28:02.765  1092  1092 D ConditionProviders.SCP: notifyCondition condition://android/schedule?days=1.2.3.4.5.6.7&start=22.0&end=7.0&exitAtAlarm=true STATE_FALSE reason=!meetsSchedule
04-07 09:28:02.766  1092  1092 D ConditionProviders.SCP: Scheduling evaluate for Sun Apr 07 22:00:00 GMT-11:00 2024 (1712566800000), in +12h31m57s244ms, now=Sun Apr 07 09:28:02 GMT-11:00 2024 (1712521682756)
04-07 09:28:02.771  1184  1184 I imsrcsd : getAndroidPropValue : vendor.ims.modem.multisub.cap[1]
04-07 09:28:02.771  1184  1184 I imsrcsd : Uce Service HAL  detected modemVersion[1]
04-07 09:28:02.771  1184  1184 I imsrcsd : getAndroidPropValue : vendor.ims.rcs_version[1]
04-07 09:28:02.771  1184  1184 I imsrcsd : getAndroidPropValue : vendor.ims.rcs_version[1]
04-07 09:28:02.771  1184  1184 I imsrcsd : Uce Service HAL  loading lib-uceservice
04-07 09:28:02.806  1184  1184 I chatty  : uid=1001(radio) /vendor/bin/imsrcsd expire 12 lines
04-07 09:28:02.807  1184  2023 I chatty  : uid=1001(radio) /vendor/bin/imsrcsd expire 1645 lines
04-07 09:28:02.809  1092  1092 D BluetoothManagerService: Trying to bind to profile: 1, while Bluetooth was disabled
04-07 09:28:02.811   863  2024 I chatty  : uid=1001(radio) /vendor/bin/imsqmidaemon expire 117 lines
04-07 09:28:02.812  1092  2025 I Telecom : BluetoothRouteManager: getBluetoothAudioConnectedDevice: no service available.
04-07 09:28:02.817  1092  1092 I Telecom : SystemStateHelper: Registering car mode receiver: android.content.IntentFilter@dd13e9: TS.init@AAA
04-07 09:28:02.823  1951  1951 I wm_on_create_called: [252041739,com.android.settings.FallbackHome,performCreate]
04-07 09:28:02.826  1951  1951 I wm_on_start_called: [252041739,com.android.settings.FallbackHome,handleStartActivity]
04-07 09:28:02.827  1951  1951 I wm_on_resume_called: [252041739,com.android.settings.FallbackHome,RESUME_ACTIVITY]
04-07 09:28:02.831  1092  2031 I Telecom : Logging.Events: Non-call EVENT: AUDIO_ROUTE, Entering state QuiescentEarpieceRoute
04-07 09:28:02.832  1092  2031 I Telecom : BluetoothRouteManager: getBluetoothAudioConnectedDevice: no service available.
04-07 09:28:02.835  1933  1933 I chatty  : uid=1001(radio) com.android.phone expire 16 lines
04-07 09:28:02.837  1092  2032 I Telecom : CallAudioModeStateMachine: Message received: null.: TS.init->CAMSM.pM_1@AAA
04-07 09:28:02.837  1951  1951 I wm_on_top_resumed_gained_called: [252041739,com.android.settings.FallbackHome,topStateChangedWhenResumed]
04-07 09:28:02.837  1951  1951 I wm_on_top_resumed_lost_called: [252041739,com.android.settings.FallbackHome,topStateChangedWhenResumed]
04-07 09:28:02.838  1951  1951 I wm_on_paused_called: [252041739,com.android.settings.FallbackHome,performPause]
04-07 09:28:02.839  1092  1130 I wm_stop_activity: [0,252041739,com.android.settings/.FallbackHome]
04-07 09:28:02.840  1092  1130 I sysui_multi_action: [757,803,799,window_time_0,802,7]
04-07 09:28:02.842  1092  1092 I Telecom : MissedCallNotifierImpl: reloadFromDatabase: Boot not yet complete -- call log db may not be available. Deferring loading until boot complete for user 0: TS.init@AAA
04-07 09:28:02.843  1092  1092 I Telecom : MissedCallNotifierImpl: reloadFromDatabase: Boot not yet complete -- call log db may not be available. Deferring loading until boot complete for user 0: TS.init@AAA
04-07 09:28:02.844  1092  1092 D BluetoothManagerService: Trying to bind to profile: 1, while Bluetooth was disabled
04-07 09:28:02.848  1092  1092 I Telecom : Class: TelecomSystem.INSTANCE being set
04-07 09:28:02.850  1092  1092 W ContextImpl: Calling a method in the system process without a qualified user: android.app.ContextImpl.startService:1669 android.content.ContextWrapper.startService:720 com.android.server.telecom.components.TelecomService.initializeTelecomSystem:213 com.android.server.telecom.components.TelecomService$1.createTelecomService:81 com.android.server.telecom.TelecomLoaderService$TelecomServiceConnection.onServiceConnected:62 
04-07 09:28:02.851  1951  1951 I wm_on_stop_called: [252041739,com.android.settings.FallbackHome,STOP_ACTIVITY_ITEM]
04-07 09:28:02.854  1092  1092 I ConnectivityModuleConnector: Networking module service connected
04-07 09:28:02.858  1092  1092 D AutofillManagerService: Restriction did not change for user 0
04-07 09:28:02.859  1092  1092 I ExplicitHealthCheckController: Explicit health check service is connected ComponentInfo{android.ext.services/android.ext.services.watchdog.ExplicitHealthCheckServiceImpl}
04-07 09:28:02.860  1092  1092 I ExplicitHealthCheckController: Service initialized, syncing requests
04-07 09:28:02.860  1092  1092 V NotificationAssistants: 0 notification assistant service connected: ComponentInfo{android.ext.services/android.ext.services.notification.Assistant}
04-07 09:28:02.860  1092  1092 D TelephonyRegistry: notifyCellLocationForSubscriber: subId=0 cellLocation=null
04-07 09:28:02.861  1092  1092 D TelephonyRegistry: notifyCellLocationForSubscriber: subId=1 cellLocation=null
04-07 09:28:02.861  1092  1092 I notification_enqueue: [1000,1092,android,32,NULL,-1,Notification(channel=USB shortcut=null contentView=null vibrate=null sound=null tick defaults=0x0 flags=0x2 color=0xff607d8b vis=PUBLIC),0]
04-07 09:28:02.861  1092  1130 I ActivityManagerTiming: FinishBooting
04-07 09:28:02.861  1092  1130 I boot_progress_enable_screen: 17464
04-07 09:28:02.861  1092  1130 I screen_toggled: 1
04-07 09:28:02.862  1092  1092 I ConnectivityModuleConnector: Networking module service connected
04-07 09:28:02.862   872   872 I chatty  : uid=1001(radio) /vendor/bin/hw/rild expire 5 lines
04-07 09:28:02.862  1541  1568 D KeyguardViewMediator: adjustStatusBarLocked: mShowing=true mOccluded=false isSecure=false force=false --> flags=0x1200000
04-07 09:28:02.863  1092  1092 I Telecom : WiredHeadsetManager: ACTION_HEADSET_PLUG event, plugged in: false, : WHC.oADA@AAE
04-07 09:28:02.863  1541  1568 D KeyguardViewMediator: onStartedWakingUp, seq = 1
04-07 09:28:02.863  1541  1568 D KeyguardViewMediator: notifyStartedWakingUp
04-07 09:28:02.864  1541  1568 D KeyguardViewMediator: notifyScreenOn
04-07 09:28:02.864  1541  1568 D KeyguardViewMediator: notifyScreenTurnedOn
04-07 09:28:02.865  1092  1092 W Looper  : Drained
04-07 09:28:02.865  1092  1092 D PackageWatchdog: Getting all observed packages pending health checks
04-07 09:28:02.865  1092  1092 I PackageWatchdog: Syncing health check requests for packages: {}
04-07 09:28:02.865  1092  1092 D ExplicitHealthCheckController: Getting health check supported packages
04-07 09:28:02.868  1092  1745 I ExplicitHealthCheckController: Explicit health check supported packages [PackageConfig{com.android.networkstack, 86400000}]
04-07 09:28:02.868  1933  2038 I chatty  : uid=1001(radio) HwBinder:1933_1 expire 36 lines
04-07 09:28:02.868  1092  1745 D PackageWatchdog: Received supported packages [PackageConfig{com.android.networkstack, 86400000}]
04-07 09:28:02.868  1092  1745 D ExplicitHealthCheckController: Getting health check requested packages
04-07 09:28:02.869  1092  2006 I ExplicitHealthCheckController: Explicit health check requested packages []
04-07 09:28:02.869  1092  2006 I ExplicitHealthCheckController: No more health check requests, unbinding...
04-07 09:28:02.870  1092  2006 I ExplicitHealthCheckController: Explicit health check service is unbound
04-07 09:28:02.875   755   755 I chatty  : uid=1001(radio) /vendor/bin/hw/rild expire 3 lines
04-07 09:28:02.876   755   885 I chatty  : uid=1001(radio) /vendor/bin/hw/rild expire 1 line
04-07 09:28:02.878  1933  1933 I chatty  : uid=1001(radio) com.android.phone expire 144 lines
04-07 09:28:02.886  1541  1541 W AudioManager: attempt to call registerAudioRecordingCallback() on a previouslyregistered callback
04-07 09:28:02.888  1541  1541 V ShadeControllerImpl: NotificationShadeWindow: com.android.systemui.statusbar.phone.NotificationShadeWindowView{49b09e3 V.E...... .......D 0,0-1080,1920} canPanelBeCollapsed(): false
04-07 09:28:02.889  1541  1541 D KeyguardViewMediator: onSystemReady
04-07 09:28:02.892  1541  1541 D KeyguardViewMediator: doKeyguard: showing the lock screen
04-07 09:28:02.892  1541  1541 D KeyguardViewMediator: showLocked
04-07 09:28:02.894  1541  1541 D KeyguardViewMediator: adjustStatusBarLocked: mShowing=true mOccluded=false isSecure=false force=false --> flags=0x1200000
04-07 09:28:02.896  1541  1541 D KeyguardViewMediator: handleShow
04-07 09:28:02.897     0     0 I [   17.499959,7] init: starting service 'qcamerasvr'...
04-07 09:28:02.897   755  1056 I chatty  : uid=1001(radio) /vendor/bin/hw/rild expire 9 lines
04-07 09:28:02.897   872  1054 I chatty  : uid=1001(radio) /vendor/bin/hw/rild expire 9 lines
04-07 09:28:02.902   755  2043 I chatty  : uid=1001(radio) /vendor/bin/hw/rild expire 1 line
04-07 09:28:02.902   872  2041 I chatty  : uid=1001(radio) /vendor/bin/hw/rild expire 1 line
04-07 09:28:02.903  1541  1541 D StatusBar: updateQsExpansionEnabled - QS Expand enabled: true
04-07 09:28:02.927  2046  2046 F linker  : CANNOT LINK EXECUTABLE "/system/vendor/bin/mm-qcamera-daemon": cannot locate symbol "_ZN8motorola14SensorListener11newInstanceEv" referenced by "/vendor/lib/libmmcamera_vstab_module.so"...
04-07 09:28:02.930     0     0 I [   17.532225,5] init: Service 'qcamerasvr' (pid 2046) exited with status 1
04-07 09:28:02.930     0     0 I [   17.532253,5] init: Sending signal 9 to service 'qcamerasvr' (pid 2046) process group...
04-07 09:28:02.930     0     0 I [   17.532425,5] libprocessgroup: Successfully killed process cgroup uid 1006 pid 2046 in 0ms
04-07 09:28:02.933  1933  2048 I chatty  : uid=1001(radio) GsmInboundSmsHa expire 5 lines
04-07 09:28:02.933  1872  1872 D NetworkSecurityConfig: No Network Security Config specified, using platform default
04-07 09:28:02.933  1872  1872 W nsconfig: com.android.networkstack.process: New config does not match the previously set config.
04-07 09:28:02.940  1933  2049 I chatty  : uid=1001(radio) CdmaInboundSmsH expire 5 lines
04-07 09:28:02.943  1184  2023 I liblog  : 14
04-07 09:28:02.951   863  2050 I chatty  : uid=1001(radio) /vendor/bin/imsqmidaemon expire 32 lines
04-07 09:28:02.951   863  2051 I chatty  : uid=1001(radio) /vendor/bin/imsqmidaemon expire 4 lines
04-07 09:28:02.952   863  2052 I chatty  : uid=1001(radio) /vendor/bin/imsqmidaemon expire 13 lines
04-07 09:28:02.953   863  2053 I chatty  : uid=1001(radio) /vendor/bin/imsqmidaemon expire 7 lines
04-07 09:28:02.955   863  2054 I chatty  : uid=1001(radio) /vendor/bin/imsqmidaemon expire 9 lines
04-07 09:28:02.957  1184  2023 I com.qualcomm.qti.uceservice@1.0-service: Successful Initialization
04-07 09:28:02.957  1184  2023 I com.qualcomm.qti.uceservice@1.0-service: Starting Service for First Time
04-07 09:28:02.958  1092  2018 D TelephonyRegistry: listen oscl: mHasNotifySubscriptionInfoChangedOccurred==false no callback
04-07 09:28:02.959  1184  2023 I HidlServiceManagement: Registered com.qualcomm.qti.uceservice@2.0::IUceService/com.qualcomm.qti.uceservice
04-07 09:28:02.960  1184  2023 I HidlServiceManagement: Registered com.qualcomm.qti.imscmservice@2.0::IImsCmService/qti.ims.connectionmanagerservice
04-07 09:28:02.969  1092  2006 D TelephonyRegistry: listen oscl: mHasNotifySubscriptionInfoChangedOccurred==false no callback
04-07 09:28:02.991  1092  2006 D TelephonyRegistry: listen oscl: mHasNotifySubscriptionInfoChangedOccurred==false no callback
04-07 09:28:02.994  1092  2006 D CompatibilityChangeReporter: Compat change id reported: 124107808; UID 1001; state: ENABLED
04-07 09:28:02.994  1092  2006 D CompatibilityChangeReporter: Compat change id reported: 124107808; UID 1001; state: DISABLED
04-07 09:28:03.001  1541  1541 I sysui_multi_action: [757,111,758,1]
04-07 09:28:03.002  1541  1541 I sysui_multi_action: [757,126,758,1,759,126,927,0,928,0,1593,0]
04-07 09:28:03.002  1541  1541 I sysui_multi_action: [757,113,758,1,759,113,927,1,928,0,1593,0]
04-07 09:28:03.002  1541  1541 I sysui_multi_action: [757,118,758,1,759,118,927,2,928,0,1593,0]
04-07 09:28:03.003  1541  1541 I sysui_multi_action: [757,119,758,1,759,119,927,3,928,0,1593,0]
04-07 09:28:03.003  1541  1541 I sysui_multi_action: [757,123,758,1,759,123,927,4,928,0,1593,0]
04-07 09:28:03.003  1541  1541 I sysui_multi_action: [757,261,758,1,759,261,927,5,928,0,1593,0]
04-07 09:28:03.006  1541  1541 D StatusBar: disable<e i a s b H!R!c s > disable2<q i n >
04-07 09:28:03.007  1541  1541 E KeyguardBouncer: onFullyShown when view was null
04-07 09:28:03.008  1872  1884 E rkstack.proces: failed to connect to jdwp control socket: Connection refused
04-07 09:28:03.008  1092  2018 I am_wtf  : [0,1541,com.android.systemui,818462221,KeyguardBouncer,onFullyShown when view was null]
04-07 09:28:03.010  1092  1431 D ConnectivityService: NetReassign [no changes]
04-07 09:28:03.010  1092  2057 I DropBoxManagerService: add tag=system_app_wtf isTagEnabled=true flags=0x2
04-07 09:28:03.010  1541  1541 D StatusBar: disable<e i a s b H R c s > disable2<q i n >
04-07 09:28:03.010  1541  1541 I chatty  : uid=10144(com.android.systemui) identical 7 lines
04-07 09:28:03.012  1541  1541 D StatusBar: disable<e i a s b H R c s > disable2<q i n >
04-07 09:28:03.012  1541  1541 D KeyguardUpdateMonitor: onKeyguardVisibilityChanged(true)
04-07 09:28:03.013  1541  1541 D KeyguardClockSwitch: Updating clock: 9:28
04-07 09:28:03.014  1092  2018 V FingerprintService: mDaemon was null, reconnect to fingerprint
04-07 09:28:03.015  1092  2018 W FingerprintService: fingerprint HIDL not available
04-07 09:28:03.016  1541  1541 I sysui_multi_action: [757,196,758,1,759,0]
04-07 09:28:03.017   450  2058 I chatty  : uid=1000(system) hwservicemanage expire 1 line
04-07 09:28:03.017  1541  1541 I sysui_status_bar_state: [1,1,0,0,0,1]
04-07 09:28:03.017     0     0 E [   17.619561,7] init: Control message: Could not find 'android.hardware.biometrics.fingerprint@2.1::IBiometricsFingerprint/default' for ctl.interface_start from pid: 450 (/system/bin/hwservicemanager)
04-07 09:28:03.018  1541  1541 D StatusBar: disable<e i a s b H R c s > disable2<q i n >
04-07 09:28:03.018  1541  1541 D KeyguardViewMediator: adjustStatusBarLocked: mShowing=true mOccluded=false isSecure=false force=false --> flags=0x1200000
04-07 09:28:03.021  1933  2059 I chatty  : uid=1001(radio) DcHandlerThread expire 1 line
04-07 09:28:03.030  1092  1745 V FingerprintService: mDaemon was null, reconnect to fingerprint
04-07 09:28:03.030  1092  1745 W FingerprintService: fingerprint HIDL not available
04-07 09:28:03.031   450  2060 I chatty  : uid=1000(system) hwservicemanage expire 1 line
04-07 09:28:03.031  1541  1541 D KeyguardViewMediator: adjustStatusBarLocked: mShowing=true mOccluded=false isSecure=false force=false --> flags=0x1200000
04-07 09:28:03.032   687   687 E QTI PowerHAL: Failed to acquire lock.
04-07 09:28:03.033  1092  1745 V FingerprintService: mDaemon was null, reconnect to fingerprint
04-07 09:28:03.033  1092  1745 W FingerprintService: fingerprint HIDL not available
04-07 09:28:03.034     0     0 E [   17.634147,4] init: Control message: Could not find 'android.hardware.biometrics.fingerprint@2.1::IBiometricsFingerprint/default' for ctl.interface_start from pid: 450 (/system/bin/hwservicemanager)
04-07 09:28:03.034   450  2061 I chatty  : uid=1000(system) hwservicemanage expire 1 line
04-07 09:28:03.036  1541  1541 D KeyguardViewMediator: handleNotifyScreenTurningOn
04-07 09:28:03.037  1541  1541 D KeyguardClockSwitch: Updating clock: 9:28
04-07 09:28:03.037  1092  1131 V WindowManager: Orientation start waiting for draw, mDrawState=DRAW_PENDING in Window{6cd526e u0 NotificationShade}, surfaceController Surface(name=NotificationShade)/@0x3360be7
04-07 09:28:03.037     0     0 E [   17.636993,7] init: Control message: Could not find 'android.hardware.biometrics.fingerprint@2.1::IBiometricsFingerprint/default' for ctl.interface_start from pid: 450 (/system/bin/hwservicemanager)
04-07 09:28:03.042  1541  1541 D KeyguardViewMediator: handleNotifyScreenTurnedOn
04-07 09:28:03.042  1541  1541 I Choreographer: Skipped 59 frames!  The application may be doing too much work on its main thread.
04-07 09:28:03.062  1092  1092 I sysui_multi_action: [757,1501,758,1,793,307,794,0,795,307,796,32,806,android,857,USB,858,1,947,0,1500,0]
04-07 09:28:03.062  1092  1092 I sysui_multi_action: [757,804,799,note_interruptive,801,0,802,1]
04-07 09:28:03.064  1092  1092 W NotificationHistory: Attempted to add notif for locked/gone/disabled user 0
04-07 09:28:03.066  1895  1909 E com.android.se: failed to connect to jdwp control socket: Connection refused
04-07 09:28:03.068  1933  2064 I chatty  : uid=1001(radio) GsmInboundSmsHa expire 5 lines
04-07 09:28:03.073  1933  2065 I chatty  : uid=1001(radio) CdmaInboundSmsH expire 5 lines
04-07 09:28:03.079  1092  1130 I user_activity_timeout_override: 10000
04-07 09:28:03.084  1092  2018 D TelephonyRegistry: listen oscl: mHasNotifySubscriptionInfoChangedOccurred==false no callback
04-07 09:28:03.091  1541  1541 D StatusBar: disable<e i a s b H R c s > disable2<q i n >
04-07 09:28:03.091  1541  1541 W View    : requestLayout() improperly called by com.android.keyguard.CarrierText{dff8637 V.ED..... ......ID 42,0-975,105 #7f0a0274 app:id/keyguard_carrier_text} during layout: running second layout pass
04-07 09:28:03.093  1092  2018 D TelephonyRegistry: listen oscl: mHasNotifySubscriptionInfoChangedOccurred==false no callback
04-07 09:28:03.101  1092  2018 D TelephonyRegistry: listen oscl: mHasNotifySubscriptionInfoChangedOccurred==false no callback
04-07 09:28:03.107  1541  1559 E ndroid.systemu: failed to connect to jdwp control socket: Connection refused
04-07 09:28:03.109  1092  1431 D ConnectivityService: NetReassign [no changes]
04-07 09:28:03.117  1541  1818 I OpenGLRenderer: Davey! duration=1059ms; Flags=1, IntendedVsync=16659157378, Vsync=17642490672, OldestInputEvent=9223372036854775807, NewestInputEvent=0, HandleInputStart=17645516963, AnimationStart=17645518995, PerformTraversalsStart=17648914099, DrawStart=17698131812, SyncQueued=17701708584, SyncStart=17702518688, IssueDrawCommandsStart=17703121553, SwapBuffers=17718097752, FrameCompleted=17719965408, DequeueBufferDuration=234635, QueueBufferDuration=314792, GpuCompleted=0, 
04-07 09:28:03.117  1933  2070 I chatty  : uid=1001(radio) DcHandlerThread expire 1 line
04-07 09:28:03.126  1541  1818 I OpenGLRenderer: Davey! duration=1069ms; Flags=1, IntendedVsync=16659157378, Vsync=17642490672, OldestInputEvent=9223372036854775807, NewestInputEvent=0, HandleInputStart=17645516963, AnimationStart=17645518995, PerformTraversalsStart=17648914099, DrawStart=17726903013, SyncQueued=17727107805, SyncStart=17727421503, IssueDrawCommandsStart=17727494055, SwapBuffers=17728287076, FrameCompleted=17729126555, DequeueBufferDuration=108386, QueueBufferDuration=294062, GpuCompleted=0, 
04-07 09:28:03.126  1541  1541 D StatusBar: disable<e i a s b H R c s > disable2<q i n >
04-07 09:28:03.131  1541  1541 D NavigationModeController: getCurrentInteractionMode: mode=0 contextUser=0
04-07 09:28:03.145  1541  1541 D NavigationModeController: getCurrentUserContext: contextUser=0 currentUser=0
04-07 09:28:03.155  1971  1996 E id.ext.service: failed to connect to jdwp control socket: Connection refused
04-07 09:28:03.157  1541  1541 D NavigationModeController: getCurrentInteractionMode: mode=0 contextUser=0
04-07 09:28:03.160  1933  1933 I chatty  : uid=1001(radio) com.android.phone expire 153 lines
04-07 09:28:03.168  1092  2006 I chatty  : uid=1000(system) Binder:1092_9 expire 11 lines
04-07 09:28:03.175  1541  1541 D NavigationModeController: getCurrentUserContext: contextUser=0 currentUser=0
04-07 09:28:03.181  1092  1745 D TelephonyRegistry: listen oscl: mHasNotifySubscriptionInfoChangedOccurred==false no callback
04-07 09:28:03.183  1092  1431 D ConnectivityService: Got NetworkProvider Messenger for PhoneSwitcherNetworkRequstListener
04-07 09:28:03.195  1092  2006 D TelephonyRegistry: listen oscl: mHasNotifySubscriptionInfoChangedOccurred==false no callback
04-07 09:28:03.196  1092  1431 D ConnectivityService: Got NetworkProvider Messenger for TelephonyNetworkFactory[0]
04-07 09:28:03.197  1092  1745 D TelephonyRegistry: listen oscl: mHasNotifySubscriptionInfoChangedOccurred==false no callback
04-07 09:28:03.198  1092  1431 D ConnectivityService: Got NetworkProvider Messenger for TelephonyNetworkFactory[1]
04-07 09:28:03.216  1541  1541 D Tonal   : Tonal Palette - index: 7. Main color: ff5ac2c1
04-07 09:28:03.216  1541  1541 D Tonal   : Colors: ff051414, ff0a2828, ff0e3d3a, ff145652, ff1c746b, ff239392, ff2ab2b1, ff5ac2c1, ff68d4db, ff81d9e1, ff9edee8, ffc7ebf2, ffe4f6f8
04-07 09:28:03.216  1541  1541 D Tonal   : Gradients: 
04-07 09:28:03.216  1541  1541 D Tonal   : 	Normal GradientColors(ff5ac2c1, ff5ac2c1)
04-07 09:28:03.216  1541  1541 D Tonal   : 	Dark GradientColors(ff145652, ff145652)
04-07 09:28:03.216  1541  1541 D Tonal   : 	Extra dark: GradientColors(ff0e3d3a, ff0e3d3a)
04-07 09:28:03.216  1541  1541 D Tonal   : Tonal Palette - index: 7. Main color: ff5ac2c1
04-07 09:28:03.216  1541  1541 D Tonal   : Colors: ff051414, ff0a2828, ff0e3d3a, ff145652, ff1c746b, ff239392, ff2ab2b1, ff5ac2c1, ff68d4db, ff81d9e1, ff9edee8, ffc7ebf2, ffe4f6f8
04-07 09:28:03.216  1541  1541 D Tonal   : Gradients: 
04-07 09:28:03.216  1541  1541 D Tonal   : 	Normal GradientColors(ff5ac2c1, ff5ac2c1)
04-07 09:28:03.216  1541  1541 D Tonal   : 	Dark GradientColors(ff145652, ff145652)
04-07 09:28:03.216  1541  1541 D Tonal   : 	Extra dark: GradientColors(ff0e3d3a, ff0e3d3a)
04-07 09:28:03.221  1541  1541 W AlarmManager: Unrecognized alarm listener com.android.systemui.keyguard.-$$Lambda$KeyguardSliceProvider$IhzByd8TsqFuOrSyuGurVskyPLo@e4fc6ff
04-07 09:28:03.224  1541  1792 W ActivityThread: Failed to find provider info for com.android.contacts (user not unlocked)
04-07 09:28:03.227  1541  1541 D CompatibilityChangeReporter: Compat change id reported: 150939131; UID 10144; state: ENABLED
04-07 09:28:03.228  1092  2018 D BluetoothManagerService: Trying to bind to profile: 1, while Bluetooth was disabled
04-07 09:28:03.229  1092  2018 D TelephonyRegistry: listen oscl: mHasNotifySubscriptionInfoChangedOccurred==false no callback
04-07 09:28:03.237   709   886 D PermissionCache: checking android.permission.MODIFY_AUDIO_SETTINGS for uid=1001 => granted (304 us)
04-07 09:28:03.237   841   841 D incidentd: WorkDirectory::getReports
04-07 09:28:03.239  1092  2018 I chatty  : uid=1000(system) Binder:1092_A expire 5 lines
04-07 09:28:03.240  1092  1808 D TelephonyRegistry: listen oscl: mHasNotifySubscriptionInfoChangedOccurred==false no callback
04-07 09:28:03.241  1092  1808 I chatty  : uid=1000(system) Binder:1092_7 expire 5 lines
04-07 09:28:03.242  1541  1735 D EglHelper: createEglContext start
04-07 09:28:03.243  1541  1735 D EglHelper: createEglContext done
04-07 09:28:03.244  1541  1735 D EglHelper: createEglSurface start
04-07 09:28:03.244  1541  1541 D KeyguardViewMediator: handleNotifyWakingUp
04-07 09:28:03.245  1541  1735 D EglHelper: createEglSurface done
04-07 09:28:03.245  1092  2006 V FingerprintService: mDaemon was null, reconnect to fingerprint
04-07 09:28:03.246   450   450 I chatty  : uid=1000(system) hwservicemanage expire 3 lines
04-07 09:28:03.246  1092  2006 W FingerprintService: fingerprint HIDL not available
04-07 09:28:03.248   450  2076 I chatty  : uid=1000(system) hwservicemanage expire 1 line
04-07 09:28:03.249  1541  1541 D StatusBar: disable<e i a s b H R c s > disable2<q i n >
04-07 09:28:03.249  1092  1808 I sysui_multi_action: [757,127,758,1]
04-07 09:28:03.249  1541  1541 D StatusBar: disable<e i a s b H R c s > disable2<q i n >
04-07 09:28:03.249  1092  1808 I sysui_multi_action: [757,804,799,note_load,801,0,802,1]
04-07 09:28:03.249  1541  1541 D KeyguardViewMediator: handleNotifyScreenTurningOn
04-07 09:28:03.250  1092  1808 I notification_panel_revealed: 0
04-07 09:28:03.250     0     0 E [   17.851270,6] init: Control message: Could not find 'android.hardware.biometrics.fingerprint@2.1::IBiometricsFingerprint/default' for ctl.interface_start from pid: 450 (/system/bin/hwservicemanager)
04-07 09:28:03.250  1541  1541 D KeyguardClockSwitch: Updating clock: 9:28
04-07 09:28:03.251  1933  2038 I chatty  : uid=1001(radio) HwBinder:1933_1 expire 28 lines
04-07 09:28:03.252  1541  1541 D KeyguardViewMediator: handleNotifyScreenTurnedOn
04-07 09:28:03.254   872   872 I chatty  : uid=1001(radio) /vendor/bin/hw/rild expire 4 lines
04-07 09:28:03.255  1092  2006 V FingerprintService: mDaemon was null, reconnect to fingerprint
04-07 09:28:03.256  1092  2006 W FingerprintService: fingerprint HIDL not available
04-07 09:28:03.257   450  2077 I chatty  : uid=1000(system) hwservicemanage expire 1 line
04-07 09:28:03.257     0     0 E [   17.859661,6] init: Control message: Could not find 'android.hardware.biometrics.fingerprint@2.1::IBiometricsFingerprint/default' for ctl.interface_start from pid: 450 (/system/bin/hwservicemanager)
04-07 09:28:03.258  1092  1808 V FingerprintService: mDaemon was null, reconnect to fingerprint
04-07 09:28:03.258   450   450 I chatty  : uid=1000(system) hwservicemanage expire 2 lines
04-07 09:28:03.259  1092  1808 W FingerprintService: fingerprint HIDL not available
04-07 09:28:03.259   450  2078 I chatty  : uid=1000(system) hwservicemanage expire 1 line
04-07 09:28:03.260     0     0 E [   17.862468,2] init: Control message: Could not find 'android.hardware.biometrics.fingerprint@2.1::IBiometricsFingerprint/default' for ctl.interface_start from pid: 450 (/system/bin/hwservicemanager)
04-07 09:28:03.309  1541  1541 W Gralloc4: allocator 3.x is not supported
04-07 09:28:03.309   450   450 I chatty  : uid=1000(system) hwservicemanage expire 18 lines
