04-07 09:28:02.245  1092  1092 V StorageManagerService: Package com.android.internal.display.cutout.emulation.corner does not have legacy storage
04-07 09:28:02.245  1092  1092 V StorageManagerService: Package org.lineageos.overlay.customization.blacktheme does not have legacy storage
04-07 09:28:02.245  1092  1092 V StorageManagerService: Package com.android.internal.display.cutout.emulation.double does not have legacy storage
04-07 09:28:02.245  1092  1092 V StorageManagerService: Package com.android.providers.telephony has legacy storage
04-07 09:28:02.245  1092  1092 V StorageManagerService: Package com.android.dynsystem does not have legacy storage
04-07 09:28:02.245  1092  1092 V StorageManagerService: Package com.android.theme.color.amethyst does not have legacy storage
04-07 09:28:02.245  1092  1092 V StorageManagerService: Package com.android.theme.icon.pebble does not have legacy storage
04-07 09:28:02.245  1092  1092 V StorageManagerService: Package com.android.providers.calendar does not have legacy storage
04-07 09:28:02.245  1092  1092 V StorageManagerService: Package com.android.providers.media has legacy storage
04-07 09:28:02.245  1092  1092 V StorageManagerService: Package com.stevesoltys.seedvault does not have legacy storage
04-07 09:28:02.245  1092  1092 V StorageManagerService: Package com.android.theme.icon.square does not have legacy storage
04-07 09:28:02.245  1092  1092 V StorageManagerService: Package com.android.internal.systemui.navbar.gestural_wide_back does not have legacy storage
04-07 09:28:02.246  1092  1092 V StorageManagerService: Package com.android.theme.color.sand does not have legacy storage
04-07 09:28:02.246  1092  1092 V StorageManagerService: Package com.android.wallpapercropper does not have legacy storage
04-07 09:28:02.246  1092  1092 V StorageManagerService: Package com.android.theme.icon.vessel does not have legacy storage
04-07 09:28:02.246  1092  1092 V StorageManagerService: Package com.android.theme.color.cinnamon does not have legacy storage
04-07 09:28:02.246  1092  1092 V StorageManagerService: Package com.android.theme.icon_pack.victor.settings does not have legacy storage
04-07 09:28:02.246  1092  1092 V StorageManagerService: Package com.android.theme.icon_pack.rounded.systemui does not have legacy storage
04-07 09:28:02.246  1092  1092 V StorageManagerService: Package com.android.theme.icon.taperedrect does not have legacy storage
04-07 09:28:02.246  1092  1092 V StorageManagerService: Package com.android.documentsui does not have legacy storage
04-07 09:28:02.246  1092  1092 V StorageManagerService: Package com.android.externalstorage has legacy storage
04-07 09:28:02.246  1092  1092 V StorageManagerService: Package com.android.htmlviewer does not have legacy storage
04-07 09:28:02.246  1092  1092 V StorageManagerService: Package com.android.companiondevicemanager does not have legacy storage
04-07 09:28:02.246  1092  1092 V StorageManagerService: Package com.android.mms.service has legacy storage
04-07 09:28:02.246  1092  1092 V StorageManagerService: Package com.android.providers.downloads has legacy storage
04-07 09:28:02.246  1092  1092 V StorageManagerService: Package com.android.messaging has legacy storage
04-07 09:28:02.246  1092  1092 V StorageManagerService: Package com.android.theme.icon_pack.rounded.android does not have legacy storage
04-07 09:28:02.246  1092  1092 V StorageManagerService: Package com.qualcomm.qti.telephonyservice has legacy storage
04-07 09:28:02.246  1092  1092 V StorageManagerService: Package com.android.theme.icon_pack.victor.systemui does not have legacy storage
04-07 09:28:02.246  1092  1092 V StorageManagerService: Package com.android.theme.icon_pack.circular.themepicker does not have legacy storage
04-07 09:28:02.246  1092  1092 V StorageManagerService: Package com.android.theme.color.tangerine does not have legacy storage
04-07 09:28:02.247  1092  1092 V StorageManagerService: Package com.android.systemui.plugin.globalactions.wallet does not have legacy storage
04-07 09:28:02.247  1092  1092 V StorageManagerService: Package com.android.providers.downloads.ui has legacy storage
04-07 09:28:02.247  1092  1092 V StorageManagerService: Package com.android.pacprocessor does not have legacy storage
04-07 09:28:02.247  1092  1092 V StorageManagerService: Package com.android.simappdialog does not have legacy storage
04-07 09:28:02.247  1092  1092 V StorageManagerService: Package com.android.networkstack does not have legacy storage
04-07 09:28:02.247  1092  1092 V StorageManagerService: Package org.lineageos.profiles does not have legacy storage
04-07 09:28:02.247  1092  1092 V StorageManagerService: Package com.android.theme.color.aquamarine does not have legacy storage
04-07 09:28:02.247  1092  1092 V StorageManagerService: Package com.android.internal.display.cutout.emulation.hole does not have legacy storage
04-07 09:28:02.247  1092  1092 V StorageManagerService: Package com.android.internal.display.cutout.emulation.tall does not have legacy storage
04-07 09:28:02.247  1092  1092 V StorageManagerService: Package com.android.modulemetadata does not have legacy storage
04-07 09:28:02.247  1092  1092 V StorageManagerService: Package com.android.certinstaller does not have legacy storage
04-07 09:28:02.247  1092  1092 V StorageManagerService: Package com.android.carrierconfig does not have legacy storage
04-07 09:28:02.247  1092  1092 V StorageManagerService: Package com.android.theme.color.green does not have legacy storage
04-07 09:28:02.247  1092  1092 V StorageManagerService: Package com.android.theme.color.ocean does not have legacy storage
04-07 09:28:02.247  1092  1092 V StorageManagerService: Package com.android.theme.color.space does not have legacy storage
04-07 09:28:02.247  1092  1092 V StorageManagerService: Package com.android.internal.systemui.navbar.threebutton does not have legacy storage
04-07 09:28:02.247  1092  1092 V StorageManagerService: Package com.qti.qualcomm.datastatusnotification has legacy storage
04-07 09:28:02.247  1092  1092 V StorageManagerService: Package android does not have legacy storage
04-07 09:28:02.247  1092  1092 V StorageManagerService: Package com.android.contacts does not have legacy storage
04-07 09:28:02.248  1092  1092 V StorageManagerService: Package org.lineageos.recorder does not have legacy storage
04-07 09:28:02.248  1092  1092 V StorageManagerService: Package com.android.theme.icon_pack.rounded.launcher does not have legacy storage
04-07 09:28:02.248  1092  1092 V StorageManagerService: Package com.android.theme.icon_pack.kai.settings does not have legacy storage
04-07 09:28:02.248  1092  1092 V StorageManagerService: Package com.android.egg does not have legacy storage
04-07 09:28:02.248  1092  1092 V StorageManagerService: Package com.android.mtp has legacy storage
04-07 09:28:02.248  1092  1092 V StorageManagerService: Package com.android.nfc does not have legacy storage
04-07 09:28:02.248  1541  1541 D StatusBar: disable<e i a s b h r c s > disable2<q i n >
04-07 09:28:02.248  1092  1092 V StorageManagerService: Package com.android.ons has legacy storage
04-07 09:28:02.248  1092  1092 V StorageManagerService: Package com.android.stk has legacy storage
04-07 09:28:02.248  1092  1092 V StorageManagerService: Package com.android.launcher3 does not have legacy storage
04-07 09:28:02.248  1092  1092 V StorageManagerService: Package com.android.backupconfirm does not have legacy storage
04-07 09:28:02.248  1092  1092 V StorageManagerService: Package org.protonaosp.deviceconfig does not have legacy storage
04-07 09:28:02.248  1092  1092 V StorageManagerService: Package com.android.internal.systemui.navbar.twobutton does not have legacy storage
04-07 09:28:02.248  1092  1092 V StorageManagerService: Package org.codeaurora.ims has legacy storage
04-07 09:28:02.248  1092  1092 V StorageManagerService: Package com.android.statementservice does not have legacy storage
04-07 09:28:02.248  1092  1092 V StorageManagerService: Package org.calyxos.backup.contacts does not have legacy storage
04-07 09:28:02.248  1092  1092 V StorageManagerService: Package com.android.theme.icon_pack.sam.settings does not have legacy storage
04-07 09:28:02.248  1092  1092 V StorageManagerService: Package com.android.settings.intelligence does not have legacy storage
04-07 09:28:02.248  1092  1092 V StorageManagerService: Package com.android.internal.systemui.navbar.gestural_extra_wide_back does not have legacy storage
04-07 09:28:02.248  1092  1092 V StorageManagerService: Package com.android.theme.icon_pack.kai.themepicker does not have legacy storage
04-07 09:28:02.249  1092  1092 V StorageManagerService: Package com.kevintresuelo.treble does not have legacy storage
04-07 09:28:02.249  1092  1092 V StorageManagerService: Package com.android.networkstack.tethering.motorola_sdm660 does not have legacy storage
04-07 09:28:02.249  1092  1092 V StorageManagerService: Package org.lineageos.setupwizard does not have legacy storage
04-07 09:28:02.249  1092  1092 V StorageManagerService: Package com.qualcomm.qcrilmsgtunnel has legacy storage
04-07 09:28:02.249  1092  1092 V StorageManagerService: Package com.android.providers.settings does not have legacy storage
04-07 09:28:02.249  1092  1092 V StorageManagerService: Package com.android.sharedstoragebackup has legacy storage
04-07 09:28:02.249  1092  1092 V StorageManagerService: Package com.android.theme.icon_pack.victor.launcher does not have legacy storage
04-07 09:28:02.249  1092  1092 V StorageManagerService: Package com.android.printspooler does not have legacy storage
04-07 09:28:02.249  1092  1092 V StorageManagerService: Package com.android.theme.icon_pack.filled.settings does not have legacy storage
04-07 09:28:02.249  1092  1092 V StorageManagerService: Package com.android.dreams.basic does not have legacy storage
04-07 09:28:02.249  1092  1092 V StorageManagerService: Package com.android.theme.icon_pack.kai.systemui does not have legacy storage
04-07 09:28:02.249  1092  1092 V StorageManagerService: Package com.android.webview does not have legacy storage
04-07 09:28:02.249  1092  1092 V StorageManagerService: Package com.android.se does not have legacy storage
04-07 09:28:02.249  1092  1092 V StorageManagerService: Package com.android.inputdevices does not have legacy storage
04-07 09:28:02.249  1092  1092 V StorageManagerService: Package org.lineageos.overlay.accent.orange does not have legacy storage
04-07 09:28:02.249  1092  1092 V StorageManagerService: Package com.android.bips does not have legacy storage
04-07 09:28:02.249  1092  1092 V StorageManagerService: Package org.lineageos.overlay.accent.purple does not have legacy storage
04-07 09:28:02.249  1092  1092 V StorageManagerService: Package com.android.theme.icon_pack.circular.settings does not have legacy storage
04-07 09:28:02.249  1092  1092 V StorageManagerService: Package com.android.theme.icon_pack.sam.systemui does not have legacy storage
04-07 09:28:02.249  1092  1092 V StorageManagerService: Package org.lineageos.overlay.font.rubik does not have legacy storage
04-07 09:28:02.250  1092  1092 V StorageManagerService: Package com.android.cellbroadcastreceiver does not have legacy storage
04-07 09:28:02.250  1092  1092 V StorageManagerService: Package com.android.theme.icon.teardrop does not have legacy storage
04-07 09:28:02.250  1092  1092 V StorageManagerService: Package android.ext.shared does not have legacy storage
04-07 09:28:02.250  1092  1092 V StorageManagerService: Package com.android.onetimeinitializer does not have legacy storage
04-07 09:28:02.250  1092  1092 V StorageManagerService: Package org.lineageos.overlay.accent.yellow does not have legacy storage
04-07 09:28:02.250  1092  1092 V StorageManagerService: Package com.android.server.telecom does not have legacy storage
04-07 09:28:02.250  1092  1092 V StorageManagerService: Package org.lineageos.overlay.accent.blue does not have legacy storage
04-07 09:28:02.250  1092  1092 V StorageManagerService: Package org.lineageos.overlay.accent.cyan does not have legacy storage
04-07 09:28:02.250  1092  1092 V StorageManagerService: Package org.lineageos.overlay.accent.pink does not have legacy storage
04-07 09:28:02.250  1092  1092 V StorageManagerService: Package com.android.cellbroadcastservice does not have legacy storage
04-07 09:28:02.250  1092  1092 V StorageManagerService: Package com.android.theme.icon_pack.rounded.themepicker does not have legacy storage
04-07 09:28:02.250  1092  1092 V StorageManagerService: Package com.android.keychain does not have legacy storage
04-07 09:28:02.250  1092  1092 V StorageManagerService: Package com.android.printservice.recommendation does not have legacy storage
04-07 09:28:02.250  1092  1092 V StorageManagerService: Package com.android.dialer has legacy storage
04-07 09:28:02.250  1092  1092 V StorageManagerService: Package com.android.gallery3d has legacy storage
04-07 09:28:02.250  1092  1092 V StorageManagerService: Package com.android.theme.icon_pack.filled.systemui does not have legacy storage
04-07 09:28:02.250  1092  1092 V StorageManagerService: Package android.ext.services does not have legacy storage
04-07 09:28:02.251  1092  1092 V StorageManagerService: Package com.android.wifi.resources does not have legacy storage
04-07 09:28:02.251  1092  1092 V StorageManagerService: Package com.android.calllogbackup does not have legacy storage
04-07 09:28:02.251  1092  1092 V StorageManagerService: Package com.android.localtransport does not have legacy storage
04-07 09:28:02.251  1092  1092 V StorageManagerService: Package com.android.packageinstaller does not have legacy storage
04-07 09:28:02.251  1092  1092 V StorageManagerService: Package com.android.carrierdefaultapp does not have legacy storage
04-07 09:28:02.251  1092  1092 V StorageManagerService: Package org.lineageos.jelly does not have legacy storage
04-07 09:28:02.251  1092  1092 V StorageManagerService: Package com.android.theme.icon_pack.sam.android does not have legacy storage
04-07 09:28:02.251  1092  1092 V StorageManagerService: Package com.android.theme.font.notoserifsource does not have legacy storage
04-07 09:28:02.251  1092  1092 V StorageManagerService: Package com.android.theme.icon_pack.filled.android does not have legacy storage
04-07 09:28:02.251  1092  1092 V StorageManagerService: Package com.android.proxyhandler does not have legacy storage
04-07 09:28:02.251  1092  1092 V StorageManagerService: Package com.android.internal.display.cutout.emulation.waterfall does not have legacy storage
04-07 09:28:02.251  1092  1092 V StorageManagerService: Package com.android.theme.icon_pack.circular.systemui does not have legacy storage
04-07 09:28:02.251  1092  1092 V StorageManagerService: Package com.android.inputmethod.latin has legacy storage
04-07 09:28:02.251  1092  1092 V StorageManagerService: Package org.lineageos.eleven has legacy storage
04-07 09:28:02.252  1092  1092 V StorageManagerService: Package org.lineageos.etar does not have legacy storage
04-07 09:28:02.252  1092  1092 V StorageManagerService: Package org.lineageos.snap has legacy storage
04-07 09:28:02.252  1092  1135 I netstats_mobile_sample: [0,0,0,0,0,0,0,0,0,0,0,0,1712521682252]
04-07 09:28:02.252  1092  1092 V StorageManagerService: Package com.android.theme.icon_pack.kai.android does not have legacy storage
04-07 09:28:02.252  1092  1135 I netstats_wifi_sample: [0,0,0,0,0,0,0,0,0,0,0,0,1712521682252]
04-07 09:28:02.252  1092  1092 V StorageManagerService: Package com.android.managedprovisioning does not have legacy storage
04-07 09:28:02.252  1092  1092 V StorageManagerService: Package org.lineageos.overlay.customization.navbar.nohint does not have legacy storage
04-07 09:28:02.252  1092  1092 V StorageManagerService: Package com.android.networkstack.tethering does not have legacy storage
04-07 09:28:02.252  1092  1092 V StorageManagerService: Package com.android.soundpicker has legacy storage
04-07 09:28:02.252  1092  1092 V StorageManagerService: Package com.android.dreams.phototable has legacy storage
04-07 09:28:02.252  1092  1092 V StorageManagerService: Package org.lineageos.overlay.accent.red does not have legacy storage
04-07 09:28:02.252  1092  1092 V StorageManagerService: Package com.android.theme.icon_pack.kai.launcher does not have legacy storage
04-07 09:28:02.252  1092  1092 V StorageManagerService: Package com.android.smspush does not have legacy storage
04-07 09:28:02.252  1092  1092 V StorageManagerService: Package org.lineageos.overlay.font.lato does not have legacy storage
04-07 09:28:02.252  1092  1092 V StorageManagerService: Package com.android.wallpaper.livepicker does not have legacy storage
04-07 09:28:02.252  1092  1092 V StorageManagerService: Package org.lineageos.audiofx does not have legacy storage
04-07 09:28:02.252  1092  1092 V StorageManagerService: Package com.android.cellbroadcastreceiver.module does not have legacy storage
04-07 09:28:02.252  1092  1092 V StorageManagerService: Package com.android.apps.tag does not have legacy storage
04-07 09:28:02.252  1092  1092 V StorageManagerService: Package com.android.carrierconfig.moto_sdm660 does not have legacy storage
04-07 09:28:02.252  1092  1092 V StorageManagerService: Package com.android.theme.icon_pack.sam.launcher does not have legacy storage
04-07 09:28:02.252  1092  1092 V StorageManagerService: Package com.android.theme.icon.squircle does not have legacy storage
04-07 09:28:02.252  1092  1092 V StorageManagerService: Package com.android.theme.icon_pack.victor.android does not have legacy storage
04-07 09:28:02.252  1092  1092 V StorageManagerService: Package com.android.storagemanager does not have legacy storage
04-07 09:28:02.253  1092  1092 V StorageManagerService: Package com.android.theme.color.palette does not have legacy storage
04-07 09:28:02.253  1092  1092 V StorageManagerService: Package com.android.bookmarkprovider does not have legacy storage
04-07 09:28:02.253  1092  1092 V StorageManagerService: Package com.android.settings does not have legacy storage
04-07 09:28:02.253  1092  1092 V StorageManagerService: Package com.qualcomm.qti.cne has legacy storage
04-07 09:28:02.253  1092  1092 V StorageManagerService: Package com.android.theme.icon_pack.filled.launcher does not have legacy storage
04-07 09:28:02.253  1092  1092 V StorageManagerService: Package com.android.networkstack.permissionconfig does not have legacy storage
04-07 09:28:02.253  1092  1092 V StorageManagerService: Package com.android.calculator2 does not have legacy storage
04-07 09:28:02.253  1092  1092 V StorageManagerService: Package org.lineageos.updater does not have legacy storage
04-07 09:28:02.253  1092  1092 V StorageManagerService: Package com.android.cts.ctsshim does not have legacy storage
04-07 09:28:02.253  1092  1092 V StorageManagerService: Package com.android.theme.color.carbon does not have legacy storage
04-07 09:28:02.253  1092  1092 V StorageManagerService: Package org.lineageos.lineageparts does not have legacy storage
04-07 09:28:02.253  1092  1092 V StorageManagerService: Package com.android.theme.icon_pack.circular.launcher does not have legacy storage
04-07 09:28:02.253  1092  1092 V StorageManagerService: Package com.android.wallpaper does not have legacy storage
04-07 09:28:02.253  1092  1092 V StorageManagerService: Package org.lineageos.lineagesettings does not have legacy storage
04-07 09:28:02.253  1092  1092 V StorageManagerService: Package com.android.vpndialogs does not have legacy storage
04-07 09:28:02.253  1092  1092 V StorageManagerService: Package lineageos.platform does not have legacy storage
04-07 09:28:02.253  1092  1092 V StorageManagerService: Package com.android.phone has legacy storage
04-07 09:28:02.253  1092  1092 V StorageManagerService: Package com.android.shell has legacy storage
04-07 09:28:02.253  1092  1092 V StorageManagerService: Package com.android.theme.icon_pack.filled.themepicker does not have legacy storage
04-07 09:28:02.253  1092  1092 V StorageManagerService: Package com.android.wallpaperbackup does not have legacy storage
04-07 09:28:02.254  1092  1092 V StorageManagerService: Package com.android.providers.blockednumber does not have legacy storage
04-07 09:28:02.254  1092  1092 V StorageManagerService: Package com.android.providers.userdictionary does not have legacy storage
04-07 09:28:02.254  1092  1092 V StorageManagerService: Package com.android.providers.media.module has legacy storage
04-07 09:28:02.254  1092  1092 V StorageManagerService: Package com.android.emergency does not have legacy storage
04-07 09:28:02.254  1092  1092 V StorageManagerService: Package com.android.hotspot2.osulogin does not have legacy storage
04-07 09:28:02.254  1092  1092 V StorageManagerService: Package com.android.internal.systemui.navbar.gestural does not have legacy storage
04-07 09:28:02.254  1092  1092 V StorageManagerService: Package com.android.location.fused does not have legacy storage
04-07 09:28:02.254  1092  1092 V StorageManagerService: Package com.android.theme.icon_pack.victor.themepicker does not have legacy storage
04-07 09:28:02.254  1092  1092 V StorageManagerService: Package com.android.theme.color.orchid does not have legacy storage
04-07 09:28:02.254  1092  1092 V StorageManagerService: Package com.android.deskclock does not have legacy storage
04-07 09:28:02.254  1092  1092 V StorageManagerService: Package com.android.systemui has legacy storage
04-07 09:28:02.254  1092  1092 V StorageManagerService: Package org.lineageos.customization does not have legacy storage
04-07 09:28:02.254  1092  1092 V StorageManagerService: Package com.android.theme.color.purple does not have legacy storage
04-07 09:28:02.254  1092  1092 V StorageManagerService: Package com.android.bluetoothmidiservice does not have legacy storage
04-07 09:28:02.254  1092  1092 V StorageManagerService: Package com.android.permissioncontroller does not have legacy storage
04-07 09:28:02.254  1092  1092 V StorageManagerService: Package org.lineageos.backgrounds does not have legacy storage
04-07 09:28:02.255  1092  1092 V StorageManagerService: Package com.android.traceur does not have legacy storage
04-07 09:28:02.255  1092  1092 V StorageManagerService: Package com.android.theme.icon_pack.sam.themepicker does not have legacy storage
04-07 09:28:02.255  1092  1092 V StorageManagerService: Package com.android.wifi.resources.motorola_msm8953 does not have legacy storage
04-07 09:28:02.255  1092  1092 V StorageManagerService: Package com.android.bluetooth does not have legacy storage
04-07 09:28:02.255  1092  1092 V StorageManagerService: Package com.qualcomm.timeservice does not have legacy storage
04-07 09:28:02.255  1092  1092 V StorageManagerService: Package com.android.providers.contacts does not have legacy storage
04-07 09:28:02.255  1092  1092 V StorageManagerService: Package com.android.captiveportallogin does not have legacy storage
04-07 09:28:02.255  1092  1092 V StorageManagerService: Package com.android.theme.icon.roundedrect does not have legacy storage
04-07 09:28:02.255  1092  1092 V StorageManagerService: Package com.android.internal.systemui.navbar.gestural_narrow_back does not have legacy storage
04-07 09:28:02.255  1092  1092 V StorageManagerService: Package com.android.theme.icon_pack.rounded.settings does not have legacy storage
04-07 09:28:02.255  1092  1092 V StorageManagerService: Package com.android.theme.icon_pack.circular.android does not have legacy storage
04-07 09:28:02.256  1092  1092 D SystemServerTiming: ssm.onStartUser-0_com.android.server.StorageManagerService$Lifecycle took to complete: 17ms
04-07 09:28:02.256  1092  1092 I SystemServerTiming: ssm.onStartUser-0_com.android.server.usage.StorageStatsService$Lifecycle
04-07 09:28:02.256  1092  1092 D SystemServerTiming: ssm.onStartUser-0_com.android.server.usage.StorageStatsService$Lifecycle took to complete: 0ms
04-07 09:28:02.256  1092  1092 I SystemServerTiming: ssm.onStartUser-0_com.android.server.UiModeManagerService
04-07 09:28:02.256  1092  1092 D SystemServerTiming: ssm.onStartUser-0_com.android.server.UiModeManagerService took to complete: 0ms
04-07 09:28:02.256  1092  1092 I SystemServerTiming: ssm.onStartUser-0_com.android.server.locksettings.LockSettingsService$Lifecycle
04-07 09:28:02.256  1092  1092 D SystemServerTiming: ssm.onStartUser-0_com.android.server.locksettings.LockSettingsService$Lifecycle took to complete: 0ms
04-07 09:28:02.256  1092  1092 I SystemServerTiming: ssm.onStartUser-0_com.android.server.testharness.TestHarnessModeService
04-07 09:28:02.256  1092  1092 D SystemServerTiming: ssm.onStartUser-0_com.android.server.testharness.TestHarnessModeService took to complete: 0ms
04-07 09:28:02.256  1092  1092 I SystemServerTiming: ssm.onStartUser-0_com.android.server.DeviceIdleController
04-07 09:28:02.256  1092  1092 D SystemServerTiming: ssm.onStartUser-0_com.android.server.DeviceIdleController took to complete: 0ms
04-07 09:28:02.256  1092  1092 I SystemServerTiming: ssm.onStartUser-0_com.android.server.devicepolicy.DevicePolicyManagerService$Lifecycle
04-07 09:28:02.256  1092  1092 D SystemServerTiming: ssm.onStartUser-0_com.android.server.devicepolicy.DevicePolicyManagerService$Lifecycle took to complete: 0ms
04-07 09:28:02.256  1092  1092 I SystemServerTiming: ssm.onStartUser-0_com.android.server.textservices.TextServicesManagerService$Lifecycle
04-07 09:28:02.256  1092  1092 D SystemServerTiming: ssm.onStartUser-0_com.android.server.textservices.TextServicesManagerService$Lifecycle took to complete: 0ms
04-07 09:28:02.256  1092  1092 I SystemServerTiming: ssm.onStartUser-0_com.android.server.textclassifier.TextClassificationManagerService$Lifecycle
04-07 09:28:02.257  1092  1092 D SystemServerTiming: ssm.onStartUser-0_com.android.server.textclassifier.TextClassificationManagerService$Lifecycle took to complete: 1ms
04-07 09:28:02.257  1092  1092 I SystemServerTiming: ssm.onStartUser-0_com.android.server.NetworkScoreService$Lifecycle
04-07 09:28:02.257  1092  1092 D SystemServerTiming: ssm.onStartUser-0_com.android.server.NetworkScoreService$Lifecycle took to complete: 0ms
04-07 09:28:02.257  1092  1092 I SystemServerTiming: ssm.onStartUser-0_com.android.server.wifi.WifiService
04-07 09:28:02.257  1092  1092 D SystemServerTiming: ssm.onStartUser-0_com.android.server.wifi.WifiService took to complete: 0ms
04-07 09:28:02.257  1092  1092 I SystemServerTiming: ssm.onStartUser-0_com.android.server.wifi.scanner.WifiScanningService
04-07 09:28:02.257  1092  1092 D SystemServerTiming: ssm.onStartUser-0_com.android.server.wifi.scanner.WifiScanningService took to complete: 0ms
04-07 09:28:02.257  1092  1092 I SystemServerTiming: ssm.onStartUser-0_com.android.server.wifi.p2p.WifiP2pService
04-07 09:28:02.257  1092  1092 D SystemServerTiming: ssm.onStartUser-0_com.android.server.wifi.p2p.WifiP2pService took to complete: 0ms
04-07 09:28:02.257  1092  1092 I SystemServerTiming: ssm.onStartUser-0_com.android.server.ethernet.EthernetService
04-07 09:28:02.257  1092  1092 D SystemServerTiming: ssm.onStartUser-0_com.android.server.ethernet.EthernetService took to complete: 0ms
04-07 09:28:02.257  1092  1092 I SystemServerTiming: ssm.onStartUser-0_com.android.server.notification.NotificationManagerService
04-07 09:28:02.257  1092  1092 D SystemServerTiming: ssm.onStartUser-0_com.android.server.notification.NotificationManagerService took to complete: 0ms
04-07 09:28:02.257  1092  1092 I SystemServerTiming: ssm.onStartUser-0_com.android.server.storage.DeviceStorageMonitorService
04-07 09:28:02.257  1092  1092 D SystemServerTiming: ssm.onStartUser-0_com.android.server.storage.DeviceStorageMonitorService took to complete: 0ms
04-07 09:28:02.257  1092  1092 I SystemServerTiming: ssm.onStartUser-0_com.android.server.location.LocationManagerService$Lifecycle
04-07 09:28:02.259  1092  1092 D SystemServerTiming: ssm.onStartUser-0_com.android.server.location.LocationManagerService$Lifecycle took to complete: 1ms
04-07 09:28:02.259  1092  1092 I SystemServerTiming: ssm.onStartUser-0_com.android.server.timedetector.TimeDetectorService$Lifecycle
04-07 09:28:02.259  1092  1092 D SystemServerTiming: ssm.onStartUser-0_com.android.server.timedetector.TimeDetectorService$Lifecycle took to complete: 0ms
04-07 09:28:02.259  1092  1092 I SystemServerTiming: ssm.onStartUser-0_com.android.server.timezonedetector.TimeZoneDetectorService$Lifecycle
04-07 09:28:02.259  1092  1092 D SystemServerTiming: ssm.onStartUser-0_com.android.server.timezonedetector.TimeZoneDetectorService$Lifecycle took to complete: 0ms
04-07 09:28:02.259  1092  1092 I SystemServerTiming: ssm.onStartUser-0_com.android.server.search.SearchManagerService$Lifecycle
04-07 09:28:02.259  1092  1092 D SystemServerTiming: ssm.onStartUser-0_com.android.server.search.SearchManagerService$Lifecycle took to complete: 0ms
04-07 09:28:02.259  1092  1092 I SystemServerTiming: ssm.onStartUser-0_com.android.server.wallpaper.WallpaperManagerService$Lifecycle
04-07 09:28:02.259  1092  1092 D SystemServerTiming: ssm.onStartUser-0_com.android.server.wallpaper.WallpaperManagerService$Lifecycle took to complete: 0ms
04-07 09:28:02.259  1092  1092 I SystemServerTiming: ssm.onStartUser-0_com.android.server.audio.AudioService$Lifecycle
04-07 09:28:02.259  1092  1092 D SystemServerTiming: ssm.onStartUser-0_com.android.server.audio.AudioService$Lifecycle took to complete: 0ms
04-07 09:28:02.259  1092  1092 I SystemServerTiming: ssm.onStartUser-0_com.android.server.soundtrigger_middleware.SoundTriggerMiddlewareService$Lifecycle
04-07 09:28:02.259  1092  1092 D SystemServerTiming: ssm.onStartUser-0_com.android.server.soundtrigger_middleware.SoundTriggerMiddlewareService$Lifecycle took to complete: 0ms
04-07 09:28:02.259  1092  1092 I SystemServerTiming: ssm.onStartUser-0_com.android.server.DockObserver
04-07 09:28:02.259  1092  1092 D SystemServerTiming: ssm.onStartUser-0_com.android.server.DockObserver took to complete: 0ms
04-07 09:28:02.259  1092  1092 I SystemServerTiming: ssm.onStartUser-0_com.android.server.midi.MidiService$Lifecycle
04-07 09:28:02.259  1092  1092 D SystemServerTiming: ssm.onStartUser-0_com.android.server.midi.MidiService$Lifecycle took to complete: 0ms
04-07 09:28:02.259  1092  1092 I SystemServerTiming: ssm.onStartUser-0_com.android.server.adb.AdbService$Lifecycle
04-07 09:28:02.259  1092  1092 D SystemServerTiming: ssm.onStartUser-0_com.android.server.adb.AdbService$Lifecycle took to complete: 0ms
04-07 09:28:02.259  1092  1092 I SystemServerTiming: ssm.onStartUser-0_com.android.server.usb.UsbService$Lifecycle
04-07 09:28:02.259  1092  1092 D SystemServerTiming: ssm.onStartUser-0_com.android.server.usb.UsbService$Lifecycle took to complete: 0ms
04-07 09:28:02.259  1092  1092 I SystemServerTiming: ssm.onStartUser-0_com.android.server.twilight.TwilightService
04-07 09:28:02.259  1092  1092 D SystemServerTiming: ssm.onStartUser-0_com.android.server.twilight.TwilightService took to complete: 0ms
04-07 09:28:02.259  1092  1092 I SystemServerTiming: ssm.onStartUser-0_com.android.server.display.color.ColorDisplayService
04-07 09:28:02.259  1092  1092 D SystemServerTiming: ssm.onStartUser-0_com.android.server.display.color.ColorDisplayService took to complete: 0ms
04-07 09:28:02.259  1092  1092 I SystemServerTiming: ssm.onStartUser-0_com.android.server.job.JobSchedulerService
04-07 09:28:02.259  1092  1092 D SystemServerTiming: ssm.onStartUser-0_com.android.server.job.JobSchedulerService took to complete: 0ms
04-07 09:28:02.259  1092  1092 I SystemServerTiming: ssm.onStartUser-0_com.android.server.soundtrigger.SoundTriggerService
04-07 09:28:02.260  1092  1092 D SystemServerTiming: ssm.onStartUser-0_com.android.server.soundtrigger.SoundTriggerService took to complete: 0ms
04-07 09:28:02.260  1092  1092 I SystemServerTiming: ssm.onStartUser-0_com.android.server.trust.TrustManagerService
04-07 09:28:02.260  1092  1092 D SystemServerTiming: ssm.onStartUser-0_com.android.server.trust.TrustManagerService took to complete: 0ms
04-07 09:28:02.260  1092  1092 I SystemServerTiming: ssm.onStartUser-0_com.android.server.backup.BackupManagerService$Lifecycle
04-07 09:28:02.260  1092  1092 D SystemServerTiming: ssm.onStartUser-0_com.android.server.backup.BackupManagerService$Lifecycle took to complete: 0ms
04-07 09:28:02.260  1092  1092 I SystemServerTiming: ssm.onStartUser-0_com.android.server.appwidget.AppWidgetService
04-07 09:28:02.260  1092  1092 D SystemServerTiming: ssm.onStartUser-0_com.android.server.appwidget.AppWidgetService took to complete: 0ms
04-07 09:28:02.260  1092  1092 I SystemServerTiming: ssm.onStartUser-0_com.android.server.role.RoleManagerService
04-07 09:28:02.261  1831  1843 E rkstack.proces: failed to connect to jdwp control socket: Connection refused
04-07 09:28:02.265  1092  1092 D SystemServerTiming: ssm.onStartUser-0_com.android.server.role.RoleManagerService took to complete: 4ms
04-07 09:28:02.265  1092  1092 I SystemServerTiming: ssm.onStartUser-0_com.android.server.voiceinteraction.VoiceInteractionManagerService
04-07 09:28:02.265  1092  1092 W VoiceInteractionManager: no available voice recognition services found for user 0
04-07 09:28:02.265  1092  1092 D SystemServerTiming: ssm.onStartUser-0_com.android.server.voiceinteraction.VoiceInteractionManagerService took to complete: 1ms
04-07 09:28:02.265  1092  1092 I SystemServerTiming: ssm.onStartUser-0_com.android.server.GestureLauncherService
04-07 09:28:02.265  1092  1092 D SystemServerTiming: ssm.onStartUser-0_com.android.server.GestureLauncherService took to complete: 0ms
04-07 09:28:02.265  1092  1092 I SystemServerTiming: ssm.onStartUser-0_com.android.server.SensorNotificationService
04-07 09:28:02.265  1092  1092 D SystemServerTiming: ssm.onStartUser-0_com.android.server.SensorNotificationService took to complete: 0ms
04-07 09:28:02.265  1092  1092 I SystemServerTiming: ssm.onStartUser-0_com.android.server.emergency.EmergencyAffordanceService
04-07 09:28:02.265  1092  1092 D SystemServerTiming: ssm.onStartUser-0_com.android.server.emergency.EmergencyAffordanceService took to complete: 0ms
04-07 09:28:02.265  1092  1092 I SystemServerTiming: ssm.onStartUser-0_com.android.server.dreams.DreamManagerService
04-07 09:28:02.265  1092  1092 D SystemServerTiming: ssm.onStartUser-0_com.android.server.dreams.DreamManagerService took to complete: 0ms
04-07 09:28:02.265  1092  1092 I SystemServerTiming: ssm.onStartUser-0_com.android.server.print.PrintManagerService
04-07 09:28:02.265  1092  1092 D SystemServerTiming: ssm.onStartUser-0_com.android.server.print.PrintManagerService took to complete: 0ms
04-07 09:28:02.266  1092  1092 I SystemServerTiming: ssm.onStartUser-0_com.android.server.companion.CompanionDeviceManagerService
04-07 09:28:02.266  1092  1092 D SystemServerTiming: ssm.onStartUser-0_com.android.server.companion.CompanionDeviceManagerService took to complete: 0ms
04-07 09:28:02.266  1092  1092 I SystemServerTiming: ssm.onStartUser-0_com.android.server.blob.BlobStoreManagerService
04-07 09:28:02.266  1092  1092 D SystemServerTiming: ssm.onStartUser-0_com.android.server.blob.BlobStoreManagerService took to complete: 0ms
04-07 09:28:02.266  1092  1092 I SystemServerTiming: ssm.onStartUser-0_com.android.server.restrictions.RestrictionsManagerService
04-07 09:28:02.266  1092  1092 D SystemServerTiming: ssm.onStartUser-0_com.android.server.restrictions.RestrictionsManagerService took to complete: 0ms
04-07 09:28:02.266  1092  1092 I SystemServerTiming: ssm.onStartUser-0_com.android.server.media.MediaSessionService
04-07 09:28:02.266  1092  1092 D SystemServerTiming: ssm.onStartUser-0_com.android.server.media.MediaSessionService took to complete: 0ms
04-07 09:28:02.266  1092  1092 I SystemServerTiming: ssm.onStartUser-0_com.android.server.media.MediaResourceMonitorService
04-07 09:28:02.266  1092  1092 D SystemServerTiming: ssm.onStartUser-0_com.android.server.media.MediaResourceMonitorService took to complete: 0ms
04-07 09:28:02.266  1092  1092 I SystemServerTiming: ssm.onStartUser-0_com.android.server.biometrics.fingerprint.FingerprintService
04-07 09:28:02.266  1092  1092 D SystemServerTiming: ssm.onStartUser-0_com.android.server.biometrics.fingerprint.FingerprintService took to complete: 0ms
04-07 09:28:02.266  1092  1092 I SystemServerTiming: ssm.onStartUser-0_com.android.server.biometrics.BiometricService
04-07 09:28:02.266  1092  1135 I netstats_mobile_sample: [0,0,0,0,0,0,0,0,0,0,0,0,1712521682266]
04-07 09:28:02.266  1092  1135 I netstats_wifi_sample: [0,0,0,0,0,0,0,0,0,0,0,0,1712521682266]
04-07 09:28:02.266  1092  1092 D SystemServerTiming: ssm.onStartUser-0_com.android.server.biometrics.BiometricService took to complete: 0ms
04-07 09:28:02.266  1092  1092 I SystemServerTiming: ssm.onStartUser-0_com.android.server.biometrics.AuthService
04-07 09:28:02.266  1092  1092 D SystemServerTiming: ssm.onStartUser-0_com.android.server.biometrics.AuthService took to complete: 0ms
04-07 09:28:02.266  1092  1092 I SystemServerTiming: ssm.onStartUser-0_com.android.server.pm.ShortcutService$Lifecycle
04-07 09:28:02.266  1092  1092 D SystemServerTiming: ssm.onStartUser-0_com.android.server.pm.ShortcutService$Lifecycle took to complete: 0ms
04-07 09:28:02.266  1092  1092 I SystemServerTiming: ssm.onStartUser-0_com.android.server.pm.LauncherAppsService
04-07 09:28:02.266  1092  1092 D SystemServerTiming: ssm.onStartUser-0_com.android.server.pm.LauncherAppsService took to complete: 0ms
04-07 09:28:02.266  1092  1092 I SystemServerTiming: ssm.onStartUser-0_com.android.server.pm.CrossProfileAppsService
04-07 09:28:02.266  1092  1092 D SystemServerTiming: ssm.onStartUser-0_com.android.server.pm.CrossProfileAppsService took to complete: 0ms
04-07 09:28:02.266  1092  1092 I SystemServerTiming: ssm.onStartUser-0_com.android.server.people.PeopleService
04-07 09:28:02.266  1092  1092 D SystemServerTiming: ssm.onStartUser-0_com.android.server.people.PeopleService took to complete: 0ms
04-07 09:28:02.266  1092  1092 I SystemServerTiming: ssm.onStartUser-0_com.android.server.media.projection.MediaProjectionManagerService
04-07 09:28:02.266  1092  1092 D SystemServerTiming: ssm.onStartUser-0_com.android.server.media.projection.MediaProjectionManagerService took to complete: 0ms
04-07 09:28:02.266  1092  1092 I SystemServerTiming: ssm.onStartUser-0_com.android.server.slice.SliceManagerService$Lifecycle
04-07 09:28:02.266  1092  1092 D SystemServerTiming: ssm.onStartUser-0_com.android.server.slice.SliceManagerService$Lifecycle took to complete: 0ms
04-07 09:28:02.267  1092  1092 I SystemServerTiming: ssm.onStartUser-0_com.android.server.camera.CameraServiceProxy
04-07 09:28:02.267  1092  1092 D SystemServerTiming: ssm.onStartUser-0_com.android.server.camera.CameraServiceProxy took to complete: 1ms
04-07 09:28:02.267  1092  1092 I SystemServerTiming: ssm.onStartUser-0_com.android.server.stats.StatsCompanion$Lifecycle
04-07 09:28:02.267  1092  1092 D SystemServerTiming: ssm.onStartUser-0_com.android.server.stats.StatsCompanion$Lifecycle took to complete: 0ms
04-07 09:28:02.267  1092  1092 I SystemServerTiming: ssm.onStartUser-0_com.android.server.stats.pull.StatsPullAtomService
04-07 09:28:02.267  1092  1092 D SystemServerTiming: ssm.onStartUser-0_com.android.server.stats.pull.StatsPullAtomService took to complete: 0ms
04-07 09:28:02.267  1092  1092 I SystemServerTiming: ssm.onStartUser-0_com.android.server.incident.IncidentCompanionService
04-07 09:28:02.267  1092  1092 D SystemServerTiming: ssm.onStartUser-0_com.android.server.incident.IncidentCompanionService took to complete: 0ms
04-07 09:28:02.267  1092  1092 I SystemServerTiming: ssm.onStartUser-0_com.android.server.MmsServiceBroker
04-07 09:28:02.268  1092  1092 D SystemServerTiming: ssm.onStartUser-0_com.android.server.MmsServiceBroker took to complete: 0ms
04-07 09:28:02.268  1092  1092 I SystemServerTiming: ssm.onStartUser-0_com.android.server.autofill.AutofillManagerService
04-07 09:28:02.268  1092  1092 D SystemServerTiming: ssm.onStartUser-0_com.android.server.autofill.AutofillManagerService took to complete: 0ms
04-07 09:28:02.268  1092  1092 I SystemServerTiming: ssm.onStartUser-0_com.android.server.clipboard.ClipboardService
04-07 09:28:02.268  1092  1135 D TelephonyRegistry: listen oscl: mHasNotifySubscriptionInfoChangedOccurred==false no callback
04-07 09:28:02.268  1092  1092 D SystemServerTiming: ssm.onStartUser-0_com.android.server.clipboard.ClipboardService took to complete: 0ms
04-07 09:28:02.268  1092  1092 I SystemServerTiming: ssm.onStartUser-0_com.android.server.appbinding.AppBindingService$Lifecycle
04-07 09:28:02.269  1092  1092 D SystemServerTiming: ssm.onStartUser-0_com.android.server.appbinding.AppBindingService$Lifecycle took to complete: 1ms
04-07 09:28:02.269  1092  1092 I SystemServerTiming: ssm.onStartUser-0_org.lineageos.platform.internal.ProfileManagerService
04-07 09:28:02.269  1092  1092 D SystemServerTiming: ssm.onStartUser-0_org.lineageos.platform.internal.ProfileManagerService took to complete: 0ms
04-07 09:28:02.269  1092  1092 I SystemServerTiming: ssm.onStartUser-0_org.lineageos.platform.internal.LineageHardwareService
04-07 09:28:02.269  1092  1092 D SystemServerTiming: ssm.onStartUser-0_org.lineageos.platform.internal.LineageHardwareService took to complete: 0ms
04-07 09:28:02.269  1092  1092 I SystemServerTiming: ssm.onStartUser-0_org.lineageos.platform.internal.PerformanceManagerService
04-07 09:28:02.269  1092  1092 D SystemServerTiming: ssm.onStartUser-0_org.lineageos.platform.internal.PerformanceManagerService took to complete: 0ms
04-07 09:28:02.269  1092  1092 I SystemServerTiming: ssm.onStartUser-0_org.lineageos.platform.internal.display.LiveDisplayService
04-07 09:28:02.269  1092  1092 D SystemServerTiming: ssm.onStartUser-0_org.lineageos.platform.internal.display.LiveDisplayService took to complete: 0ms
04-07 09:28:02.269  1092  1092 I SystemServerTiming: ssm.onStartUser-0_org.lineageos.platform.internal.LineageAudioService
04-07 09:28:02.269  1092  1092 D SystemServerTiming: ssm.onStartUser-0_org.lineageos.platform.internal.LineageAudioService took to complete: 0ms
04-07 09:28:02.269  1092  1092 I SystemServerTiming: ssm.onStartUser-0_org.lineageos.platform.internal.TrustInterfaceService
04-07 09:28:02.269  1092  1092 D SystemServerTiming: ssm.onStartUser-0_org.lineageos.platform.internal.TrustInterfaceService took to complete: 0ms
04-07 09:28:02.269  1092  1092 I SystemServerTiming: ssm.onStartUser-0_org.lineageos.platform.internal.LineageSettingsService
04-07 09:28:02.269  1092  1092 D SystemServerTiming: ssm.onStartUser-0_org.lineageos.platform.internal.LineageSettingsService took to complete: 0ms
04-07 09:28:02.269  1092  1092 I SystemServerTiming: ssm.onStartUser-0_org.lineageos.platform.internal.LineageGlobalActionsService
04-07 09:28:02.269  1092  1092 D SystemServerTiming: ssm.onStartUser-0_org.lineageos.platform.internal.LineageGlobalActionsService took to complete: 0ms
04-07 09:28:02.269  1092  1092 I SystemServerTiming: ssm.onStartUser-0_com.android.server.policy.PermissionPolicyService
04-07 09:28:02.269  1092  1092 D SystemServerTiming: ssm.onStartUser-0_com.android.server.policy.PermissionPolicyService took to complete: 0ms
04-07 09:28:02.269  1092  1092 I SystemServerTiming: ssm.onStartUser-0_com.android.server.pm.StagingManager$Lifecycle
04-07 09:28:02.269  1092  1092 D SystemServerTiming: ssm.onStartUser-0_com.android.server.pm.StagingManager$Lifecycle took to complete: 0ms
04-07 09:28:02.269  1092  1092 D SystemServerTiming: ssm.StartUser-0 took to complete: 33ms
04-07 09:28:02.269  1092  1135 D CountryDetector: Using custom country detector class: com.android.server.location.ComprehensiveCountryDetector
04-07 09:28:02.269  1092  1092 I SystemServerTiming: startPersistentApps
04-07 09:28:02.270  1092  1092 I am_uid_running: 1001
04-07 09:28:02.271  1092  1092 D CompatibilityChangeReporter: Compat change id reported: 135634846; UID 1001; state: DISABLED
04-07 09:28:02.273  1092  1092 I am_uid_running: 1068
04-07 09:28:02.274  1092  1092 D CompatibilityChangeReporter: Compat change id reported: 135634846; UID 1068; state: DISABLED
04-07 09:28:02.277  1092  1092 D SystemServerTiming: startPersistentApps took to complete: 7ms
04-07 09:28:02.277  1092  1092 I SystemServerTiming: startHomeOnAllDisplays
04-07 09:28:02.277  1541  1818 I OpenGLRenderer: Davey! duration=1005ms; Flags=1, IntendedVsync=15873884312, Vsync=16623884282, OldestInputEvent=9223372036854775807, NewestInputEvent=0, HandleInputStart=16640073842, AnimationStart=16640077280, PerformTraversalsStart=16640304884, DrawStart=16868997094, SyncQueued=16869363240, SyncStart=16870049490, IssueDrawCommandsStart=16870157928, SwapBuffers=16878350272, FrameCompleted=16880109127, DequeueBufferDuration=203542, QueueBufferDuration=474896, GpuCompleted=0, 
04-07 09:28:02.278  1092  1092 I ActivityTaskManager: START u0 {act=android.intent.action.MAIN cat=[android.intent.category.HOME] flg=0x10000100 cmp=com.android.settings/.FallbackHome} from uid 0
04-07 09:28:02.282   591   591 D Zygote  : Forked child process 1851
04-07 09:28:02.298  1851  1863 I chatty  : uid=1001(radio) ADB-JDWP Connec expire 7 lines
04-07 09:28:02.388  1092  1092 I wm_task_created: [2,0]
04-07 09:28:02.388  1092  1092 I wm_stack_created: 2
04-07 09:28:02.389  1092  1092 I wm_task_moved: [2,1,2147483647]
04-07 09:28:02.390  1092  1290 I commit_sys_config_file: [settings-0-0,2]
04-07 09:28:02.391  1092  1092 I wm_create_task: [0,2]
04-07 09:28:02.391  1092  1092 I wm_create_activity: [0,252041739,2,com.android.settings/.FallbackHome,android.intent.action.MAIN,NULL,NULL,276824320]
04-07 09:28:02.391   687   687 I android.hardware.power-service-qti: Power isModeSupported: 5
04-07 09:28:02.391   687   687 I android.hardware.power-service-qti: Power setMode: 5 to: 1
04-07 09:28:02.391  1092  1092 I wm_task_moved: [2,1,2147483647]
04-07 09:28:02.392   687   687 E QTI PowerHAL: Failed to acquire lock.
04-07 09:28:02.392   687   687 E QTI PowerHAL: Failed to perform launch boost
04-07 09:28:02.394  1092  1092 D SystemServerTiming: startHomeOnAllDisplays took to complete: 118ms
04-07 09:28:02.394  1092  1092 I SystemServerTiming: showSystemReadyErrorDialogs
04-07 09:28:02.414     0     0 I [   17.016101,4] init: starting service 'vendor.livedisplay-hal-2-0-sysfs'...
04-07 09:28:02.433  1871  1871 E HidlServiceManagement: Service vendor.lineage.livedisplay@2.0::IAdaptiveBacklight/default must be in VINTF manifest in order to register/get.
04-07 09:28:02.434  1871  1871 E vendor.lineage.livedisplay@2.0-service-sysfs: Could not register service for LiveDisplay HAL AdaptiveBacklight Iface (-2147483648)
04-07 09:28:02.434  1871  1871 E vendor.lineage.livedisplay@2.0-service-sysfs: Could not register service for LiveDisplay HAL
04-07 09:28:02.434  1871  1871 E vendor.lineage.livedisplay@2.0-service-sysfs: LiveDisplay HAL service is shutting down.
04-07 09:28:02.437     0     0 I [   17.038604,4] init: Service 'vendor.livedisplay-hal-2-0-sysfs' (pid 1871) exited with status 1
04-07 09:28:02.437     0     0 I [   17.038630,4] init: Sending signal 9 to service 'vendor.livedisplay-hal-2-0-sysfs' (pid 1871) process group...
04-07 09:28:02.437     0     0 I [   17.038769,4] libprocessgroup: Successfully killed process cgroup uid 1000 pid 1871 in 0ms
04-07 09:28:02.471  1092  1092 D SystemServerTiming: showSystemReadyErrorDialogs took to complete: 77ms
04-07 09:28:02.471  1092  1092 I SystemServerTiming: sendUserStartBroadcast
04-07 09:28:02.472  1092  1092 D SystemServerTiming: sendUserStartBroadcast took to complete: 0ms
04-07 09:28:02.472  1092  1092 I SystemServerTiming: resumeTopActivities
04-07 09:28:02.473  1092  1092 D SystemServerTiming: resumeTopActivities took to complete: 2ms
04-07 09:28:02.474  1092  1092 I SystemServerTiming: sendUserSwitchBroadcasts
04-07 09:28:02.474  1092  1092 I uc_send_user_broadcast: [0,android.intent.action.USER_FOREGROUND]
04-07 09:28:02.474  1092  1092 I uc_send_user_broadcast: [0,android.intent.action.USER_SWITCHED]
04-07 09:28:02.474  1092  1092 D SystemServerTiming: sendUserSwitchBroadcasts took to complete: 1ms
04-07 09:28:02.474  1092  1092 I SystemServerTiming: setBinderProxies
04-07 09:28:02.474  1092  1092 D SystemServerTiming: setBinderProxies took to complete: 0ms
04-07 09:28:02.474  1092  1092 D SystemServerTiming: ActivityManagerStartApps took to complete: 238ms
04-07 09:28:02.474  1092  1092 D SystemServerTiming: PhaseActivityManagerReady took to complete: 1939ms
04-07 09:28:02.474  1092  1092 D SystemServerTiming: startOtherServices took to complete: 4083ms
04-07 09:28:02.474  1092  1092 D SystemServerTiming: StartServices took to complete: 6447ms
04-07 09:28:02.474  1092  1811 W ActivityManager: No pending application record for pid 1831 (IApplicationThread android.app.IApplicationThread$Stub$Proxy@d6f60e8); dropping process
04-07 09:28:02.474  1092  1811 I am_drop_process: 1831
04-07 09:28:02.475  1092  1137 I chatty  : uid=1000(system) ActivityManager expire 1 line
04-07 09:28:02.475  1541  1818 I OpenGLRenderer: Davey! duration=1204ms; Flags=1, IntendedVsync=15873884312, Vsync=16623884282, OldestInputEvent=9223372036854775807, NewestInputEvent=0, HandleInputStart=16640073842, AnimationStart=16640077280, PerformTraversalsStart=16640304884, DrawStart=17075856386, SyncQueued=17076028000, SyncStart=17076284303, IssueDrawCommandsStart=17076331386, SwapBuffers=17077325709, FrameCompleted=17078402063, DequeueBufferDuration=98229, QueueBufferDuration=459687, GpuCompleted=0, 
