04-07 09:28:00.693  1092  1092 I SystemServerTiming: OnBootPhase_550_com.android.server.NetworkScoreService$Lifecycle
04-07 09:28:00.693  1092  1092 D SystemServerTiming: OnBootPhase_550_com.android.server.NetworkScoreService$Lifecycle took to complete: 0ms
04-07 09:28:00.693  1092  1092 I SystemServerTiming: OnBootPhase_550_com.android.server.wifi.WifiService
04-07 09:28:00.693  1092  1092 D SystemServerTiming: OnBootPhase_550_com.android.server.wifi.WifiService took to complete: 0ms
04-07 09:28:00.693  1092  1092 I SystemServerTiming: OnBootPhase_550_com.android.server.wifi.scanner.WifiScanningService
04-07 09:28:00.693  1092  1092 D SystemServerTiming: OnBootPhase_550_com.android.server.wifi.scanner.WifiScanningService took to complete: 0ms
04-07 09:28:00.693  1092  1092 I SystemServerTiming: OnBootPhase_550_com.android.server.wifi.p2p.WifiP2pService
04-07 09:28:00.693  1092  1092 D SystemServerTiming: OnBootPhase_550_com.android.server.wifi.p2p.WifiP2pService took to complete: 0ms
04-07 09:28:00.693  1092  1092 I SystemServerTiming: OnBootPhase_550_com.android.server.ethernet.EthernetService
04-07 09:28:00.693  1092  1092 D SystemServerTiming: OnBootPhase_550_com.android.server.ethernet.EthernetService took to complete: 0ms
04-07 09:28:00.693  1092  1092 I SystemServerTiming: OnBootPhase_550_com.android.server.notification.NotificationManagerService
04-07 09:28:00.693  1092  1092 D SystemServerTiming: OnBootPhase_550_com.android.server.notification.NotificationManagerService took to complete: 0ms
04-07 09:28:00.693  1092  1092 I SystemServerTiming: OnBootPhase_550_com.android.server.storage.DeviceStorageMonitorService
04-07 09:28:00.693  1092  1092 D SystemServerTiming: OnBootPhase_550_com.android.server.storage.DeviceStorageMonitorService took to complete: 0ms
04-07 09:28:00.693  1092  1092 I SystemServerTiming: OnBootPhase_550_com.android.server.location.LocationManagerService$Lifecycle
04-07 09:28:00.693  1092  1092 D SystemServerTiming: OnBootPhase_550_com.android.server.location.LocationManagerService$Lifecycle took to complete: 0ms
04-07 09:28:00.693  1092  1092 I SystemServerTiming: OnBootPhase_550_com.android.server.timedetector.TimeDetectorService$Lifecycle
04-07 09:28:00.693  1092  1092 D SystemServerTiming: OnBootPhase_550_com.android.server.timedetector.TimeDetectorService$Lifecycle took to complete: 0ms
04-07 09:28:00.693  1092  1092 I SystemServerTiming: OnBootPhase_550_com.android.server.timezonedetector.TimeZoneDetectorService$Lifecycle
04-07 09:28:00.693  1092  1092 D SystemServerTiming: OnBootPhase_550_com.android.server.timezonedetector.TimeZoneDetectorService$Lifecycle took to complete: 0ms
04-07 09:28:00.693  1092  1092 I SystemServerTiming: OnBootPhase_550_com.android.server.search.SearchManagerService$Lifecycle
04-07 09:28:00.693  1092  1092 D SystemServerTiming: OnBootPhase_550_com.android.server.search.SearchManagerService$Lifecycle took to complete: 0ms
04-07 09:28:00.693  1092  1092 I SystemServerTiming: OnBootPhase_550_com.android.server.wallpaper.WallpaperManagerService$Lifecycle
04-07 09:28:00.693  1092  1370 D StorageManagerService: Isolated storage local flag 0 and remote flag 0 resolved to true
04-07 09:28:00.694  1092  1092 I WallpaperManagerService: No static wallpaper imagery; defaults will be shown
04-07 09:28:00.694  1092  1092 V WallpaperManagerService: bindWallpaperComponentLocked: componentName=ComponentInfo{com.android.systemui/com.android.systemui.ImageWallpaper}
04-07 09:28:00.696  1092  1092 I am_uid_running: 10144
04-07 09:28:00.698  1092  1092 D CompatibilityChangeReporter: Compat change id reported: 135634846; UID 10144; state: DISABLED
04-07 09:28:00.699  1092  1137 D CompatibilityChangeReporter: Compat change id reported: 143937733; UID 10144; state: ENABLED
04-07 09:28:00.700  1092  1092 W WallpaperManagerService: Invalid wallpaper data
04-07 09:28:00.700  1092  1092 E WallpaperManagerService: Unable to apply new wallpaper
04-07 09:28:00.700  1092  1092 D SystemServerTiming: OnBootPhase_550_com.android.server.wallpaper.WallpaperManagerService$Lifecycle took to complete: 7ms
04-07 09:28:00.700  1092  1092 I SystemServerTiming: OnBootPhase_550_com.android.server.audio.AudioService$Lifecycle
04-07 09:28:00.700  1092  1092 D SystemServerTiming: OnBootPhase_550_com.android.server.audio.AudioService$Lifecycle took to complete: 0ms
04-07 09:28:00.700  1092  1092 I SystemServerTiming: OnBootPhase_550_com.android.server.soundtrigger_middleware.SoundTriggerMiddlewareService$Lifecycle
04-07 09:28:00.700  1092  1092 D SystemServerTiming: OnBootPhase_550_com.android.server.soundtrigger_middleware.SoundTriggerMiddlewareService$Lifecycle took to complete: 0ms
04-07 09:28:00.700  1092  1092 I SystemServerTiming: OnBootPhase_550_com.android.server.DockObserver
04-07 09:28:00.700  1092  1092 D SystemServerTiming: OnBootPhase_550_com.android.server.DockObserver took to complete: 0ms
04-07 09:28:00.700  1092  1092 I SystemServerTiming: OnBootPhase_550_com.android.server.midi.MidiService$Lifecycle
04-07 09:28:00.700  1092  1092 D SystemServerTiming: OnBootPhase_550_com.android.server.midi.MidiService$Lifecycle took to complete: 0ms
04-07 09:28:00.701  1092  1092 I SystemServerTiming: OnBootPhase_550_com.android.server.adb.AdbService$Lifecycle
04-07 09:28:00.701  1092  1092 D SystemServerTiming: OnBootPhase_550_com.android.server.adb.AdbService$Lifecycle took to complete: 1ms
04-07 09:28:00.701  1092  1092 I SystemServerTiming: OnBootPhase_550_com.android.server.usb.UsbService$Lifecycle
04-07 09:28:00.702  1092  1092 D SystemServerTiming: OnBootPhase_550_com.android.server.usb.UsbService$Lifecycle took to complete: 0ms
04-07 09:28:00.702  1092  1092 I SystemServerTiming: OnBootPhase_550_com.android.server.twilight.TwilightService
04-07 09:28:00.702  1092  1373 I SystemServerTimingAsync: InitThreadPoolExec:UsbService$Lifecycle#onBootPhase
04-07 09:28:00.702  1092  1092 D SystemServerTiming: OnBootPhase_550_com.android.server.twilight.TwilightService took to complete: 0ms
04-07 09:28:00.702  1092  1373 D SystemServerInitThreadPool: Started executing UsbService$Lifecycle#onBootPhase
04-07 09:28:00.702  1092  1092 I SystemServerTiming: OnBootPhase_550_com.android.server.display.color.ColorDisplayService
04-07 09:28:00.702  1092  1092 D SystemServerTiming: OnBootPhase_550_com.android.server.display.color.ColorDisplayService took to complete: 0ms
04-07 09:28:00.702  1092  1092 I SystemServerTiming: OnBootPhase_550_com.android.server.job.JobSchedulerService
04-07 09:28:00.702  1092  1092 D SystemServerTiming: OnBootPhase_550_com.android.server.job.JobSchedulerService took to complete: 0ms
04-07 09:28:00.702  1092  1092 I SystemServerTiming: OnBootPhase_550_com.android.server.soundtrigger.SoundTriggerService
04-07 09:28:00.702  1092  1092 D SoundTriggerService: onBootPhase: 550 : false
04-07 09:28:00.702  1092  1092 D SystemServerTiming: OnBootPhase_550_com.android.server.soundtrigger.SoundTriggerService took to complete: 0ms
04-07 09:28:00.702  1092  1092 I SystemServerTiming: OnBootPhase_550_com.android.server.trust.TrustManagerService
04-07 09:28:00.702  1092  1092 D SystemServerTiming: OnBootPhase_550_com.android.server.trust.TrustManagerService took to complete: 0ms
04-07 09:28:00.702  1092  1092 I SystemServerTiming: OnBootPhase_550_com.android.server.backup.BackupManagerService$Lifecycle
04-07 09:28:00.702  1092  1092 D SystemServerTiming: OnBootPhase_550_com.android.server.backup.BackupManagerService$Lifecycle took to complete: 0ms
04-07 09:28:00.702  1092  1092 I SystemServerTiming: OnBootPhase_550_com.android.server.appwidget.AppWidgetService
04-07 09:28:00.702  1092  1092 D SystemServerTiming: OnBootPhase_550_com.android.server.appwidget.AppWidgetService took to complete: 0ms
04-07 09:28:00.702  1092  1092 I SystemServerTiming: OnBootPhase_550_com.android.server.role.RoleManagerService
04-07 09:28:00.702  1092  1092 D SystemServerTiming: OnBootPhase_550_com.android.server.role.RoleManagerService took to complete: 0ms
04-07 09:28:00.702  1092  1092 I SystemServerTiming: OnBootPhase_550_com.android.server.voiceinteraction.VoiceInteractionManagerService
04-07 09:28:00.702  1092  1092 D SystemServerTiming: OnBootPhase_550_com.android.server.voiceinteraction.VoiceInteractionManagerService took to complete: 0ms
04-07 09:28:00.702  1092  1092 I SystemServerTiming: OnBootPhase_550_com.android.server.GestureLauncherService
04-07 09:28:00.702  1092  1092 D SystemServerTiming: OnBootPhase_550_com.android.server.GestureLauncherService took to complete: 0ms
04-07 09:28:00.702  1092  1092 I SystemServerTiming: OnBootPhase_550_com.android.server.SensorNotificationService
04-07 09:28:00.702  1092  1456 D BluetoothManagerService: Trying to bind to profile: 1, while Bluetooth was disabled
04-07 09:28:00.702  1092  1092 D SystemServerTiming: OnBootPhase_550_com.android.server.SensorNotificationService took to complete: 0ms
04-07 09:28:00.702  1092  1092 I SystemServerTiming: OnBootPhase_550_com.android.server.emergency.EmergencyAffordanceService
04-07 09:28:00.702  1092  1092 D SystemServerTiming: OnBootPhase_550_com.android.server.emergency.EmergencyAffordanceService took to complete: 0ms
04-07 09:28:00.702  1092  1092 I SystemServerTiming: OnBootPhase_550_com.android.server.dreams.DreamManagerService
04-07 09:28:00.702  1092  1092 D SystemServerTiming: OnBootPhase_550_com.android.server.dreams.DreamManagerService took to complete: 0ms
04-07 09:28:00.703  1092  1092 I SystemServerTiming: OnBootPhase_550_com.android.server.print.PrintManagerService
04-07 09:28:00.703  1092  1092 D SystemServerTiming: OnBootPhase_550_com.android.server.print.PrintManagerService took to complete: 0ms
04-07 09:28:00.703  1092  1092 I SystemServerTiming: OnBootPhase_550_com.android.server.companion.CompanionDeviceManagerService
04-07 09:28:00.703  1092  1092 D SystemServerTiming: OnBootPhase_550_com.android.server.companion.CompanionDeviceManagerService took to complete: 0ms
04-07 09:28:00.703  1092  1092 I SystemServerTiming: OnBootPhase_550_com.android.server.blob.BlobStoreManagerService
04-07 09:28:00.703  1092  1373 D SystemServerInitThreadPool: Finished executing UsbService$Lifecycle#onBootPhase
04-07 09:28:00.703  1092  1373 D SystemServerTimingAsync: InitThreadPoolExec:UsbService$Lifecycle#onBootPhase took to complete: 2ms
04-07 09:28:00.703  1092  1145 I UsbPortManager: ClientCallback V1_0: otg_default
04-07 09:28:00.704  1092  1127 I UsbPortManager: USB port added: port=UsbPort{id=otg_default, supportedModes=ufpsupportedContaminantProtectionModes=0supportsEnableContaminantPresenceProtection=falsesupportsEnableContaminantPresenceDetection=false, status=UsbPortStatus{connected=true, currentMode=ufp, currentPowerRole=sink, currentDataRole=device, supportedRoleCombinations=[sink:device], contaminantDetectionStatus=0, contaminantProtectionStatus=0}, canChangeMode=false, canChangePowerRole=false, canChangeDataRole=false, connectedAtMillis=15307, lastConnectDurationMillis=0
04-07 09:28:00.705  1092  1092 D SystemServerTiming: OnBootPhase_550_com.android.server.blob.BlobStoreManagerService took to complete: 2ms
04-07 09:28:00.705  1092  1092 I SystemServerTiming: OnBootPhase_550_com.android.server.restrictions.RestrictionsManagerService
04-07 09:28:00.705  1092  1092 D SystemServerTiming: OnBootPhase_550_com.android.server.restrictions.RestrictionsManagerService took to complete: 0ms
04-07 09:28:00.705  1092  1092 I SystemServerTiming: OnBootPhase_550_com.android.server.media.MediaSessionService
04-07 09:28:00.705  1092  1092 D SystemServerTiming: OnBootPhase_550_com.android.server.media.MediaSessionService took to complete: 0ms
04-07 09:28:00.705  1092  1092 I SystemServerTiming: OnBootPhase_550_com.android.server.media.MediaResourceMonitorService
04-07 09:28:00.705  1092  1092 D SystemServerTiming: OnBootPhase_550_com.android.server.media.MediaResourceMonitorService took to complete: 0ms
04-07 09:28:00.705  1092  1092 I SystemServerTiming: OnBootPhase_550_com.android.server.biometrics.fingerprint.FingerprintService
04-07 09:28:00.705  1092  1092 D SystemServerTiming: OnBootPhase_550_com.android.server.biometrics.fingerprint.FingerprintService took to complete: 0ms
04-07 09:28:00.705  1092  1092 I SystemServerTiming: OnBootPhase_550_com.android.server.biometrics.BiometricService
04-07 09:28:00.705  1092  1092 D SystemServerTiming: OnBootPhase_550_com.android.server.biometrics.BiometricService took to complete: 0ms
04-07 09:28:00.705  1092  1092 I SystemServerTiming: OnBootPhase_550_com.android.server.biometrics.AuthService
04-07 09:28:00.705  1092  1092 D SystemServerTiming: OnBootPhase_550_com.android.server.biometrics.AuthService took to complete: 0ms
04-07 09:28:00.705  1092  1092 I SystemServerTiming: OnBootPhase_550_com.android.server.pm.ShortcutService$Lifecycle
04-07 09:28:00.705  1092  1092 D SystemServerTiming: OnBootPhase_550_com.android.server.pm.ShortcutService$Lifecycle took to complete: 0ms
04-07 09:28:00.705  1092  1092 I SystemServerTiming: OnBootPhase_550_com.android.server.pm.LauncherAppsService
04-07 09:28:00.705  1092  1092 D SystemServerTiming: OnBootPhase_550_com.android.server.pm.LauncherAppsService took to complete: 0ms
04-07 09:28:00.705  1092  1092 I SystemServerTiming: OnBootPhase_550_com.android.server.pm.CrossProfileAppsService
04-07 09:28:00.705  1092  1092 D SystemServerTiming: OnBootPhase_550_com.android.server.pm.CrossProfileAppsService took to complete: 0ms
04-07 09:28:00.705  1092  1092 I SystemServerTiming: OnBootPhase_550_com.android.server.people.PeopleService
04-07 09:28:00.705  1092  1092 D SystemServerTiming: OnBootPhase_550_com.android.server.people.PeopleService took to complete: 0ms
04-07 09:28:00.705  1092  1092 I SystemServerTiming: OnBootPhase_550_com.android.server.media.projection.MediaProjectionManagerService
04-07 09:28:00.705  1092  1092 D SystemServerTiming: OnBootPhase_550_com.android.server.media.projection.MediaProjectionManagerService took to complete: 0ms
04-07 09:28:00.705  1092  1092 I SystemServerTiming: OnBootPhase_550_com.android.server.slice.SliceManagerService$Lifecycle
04-07 09:28:00.705  1092  1092 D SystemServerTiming: OnBootPhase_550_com.android.server.slice.SliceManagerService$Lifecycle took to complete: 0ms
04-07 09:28:00.705  1092  1092 I SystemServerTiming: OnBootPhase_550_com.android.server.camera.CameraServiceProxy
04-07 09:28:00.706  1092  1092 D SystemServerTiming: OnBootPhase_550_com.android.server.camera.CameraServiceProxy took to complete: 0ms
04-07 09:28:00.706  1092  1092 I SystemServerTiming: OnBootPhase_550_com.android.server.stats.StatsCompanion$Lifecycle
04-07 09:28:00.706  1092  1092 D SystemServerTiming: OnBootPhase_550_com.android.server.stats.StatsCompanion$Lifecycle took to complete: 0ms
04-07 09:28:00.706  1092  1092 I SystemServerTiming: OnBootPhase_550_com.android.server.stats.pull.StatsPullAtomService
04-07 09:28:00.706  1092  1092 D SystemServerTiming: OnBootPhase_550_com.android.server.stats.pull.StatsPullAtomService took to complete: 0ms
04-07 09:28:00.706  1092  1092 I SystemServerTiming: OnBootPhase_550_com.android.server.incident.IncidentCompanionService
04-07 09:28:00.706  1092  1092 D SystemServerTiming: OnBootPhase_550_com.android.server.incident.IncidentCompanionService took to complete: 0ms
04-07 09:28:00.706  1092  1092 I SystemServerTiming: OnBootPhase_550_com.android.server.MmsServiceBroker
04-07 09:28:00.706  1092  1092 D SystemServerTiming: OnBootPhase_550_com.android.server.MmsServiceBroker took to complete: 0ms
04-07 09:28:00.706  1092  1092 I SystemServerTiming: OnBootPhase_550_com.android.server.autofill.AutofillManagerService
04-07 09:28:00.706  1092  1092 D SystemServerTiming: OnBootPhase_550_com.android.server.autofill.AutofillManagerService took to complete: 0ms
04-07 09:28:00.706  1092  1092 I SystemServerTiming: OnBootPhase_550_com.android.server.clipboard.ClipboardService
04-07 09:28:00.706  1092  1092 D SystemServerTiming: OnBootPhase_550_com.android.server.clipboard.ClipboardService took to complete: 0ms
04-07 09:28:00.706  1092  1092 I SystemServerTiming: OnBootPhase_550_com.android.server.appbinding.AppBindingService$Lifecycle
04-07 09:28:00.707  1092  1092 I AppBindingService: Updating constants with: null
04-07 09:28:00.707  1092  1092 D SystemServerTiming: OnBootPhase_550_com.android.server.appbinding.AppBindingService$Lifecycle took to complete: 1ms
04-07 09:28:00.707  1092  1092 I SystemServerTiming: OnBootPhase_550_org.lineageos.platform.internal.ProfileManagerService
04-07 09:28:00.710     0     0 D [   15.312674,3] SELinux: initialized (dev tmpfs, type tmpfs), uses transition SIDs
04-07 09:28:00.710     0     0 D [   15.312778,3] SELinux: initialized (dev tmpfs, type tmpfs), uses transition SIDs
04-07 09:28:00.710     0     0 D [   15.312824,3] SELinux: initialized (dev tmpfs, type tmpfs), uses transition SIDs
04-07 09:28:00.710     0     0 D [   15.313491,3] SELinux: initialized (dev tmpfs, type tmpfs), uses transition SIDs
04-07 09:28:00.711  1092  1137 I am_proc_start: [0,1541,10144,com.android.systemui,service,{com.android.systemui/com.android.systemui.ImageWallpaper}]
04-07 09:28:00.712  1092  1137 I ActivityManager: Start proc 1541:com.android.systemui/u0a144 for service {com.android.systemui/com.android.systemui.ImageWallpaper}
04-07 09:28:00.720  1092  1092 D SystemServerTiming: OnBootPhase_550_org.lineageos.platform.internal.ProfileManagerService took to complete: 13ms
04-07 09:28:00.720  1092  1092 I SystemServerTiming: OnBootPhase_550_org.lineageos.platform.internal.LineageHardwareService
04-07 09:28:00.720  1092  1092 D SystemServerTiming: OnBootPhase_550_org.lineageos.platform.internal.LineageHardwareService took to complete: 0ms
04-07 09:28:00.720  1092  1092 I SystemServerTiming: OnBootPhase_550_org.lineageos.platform.internal.PerformanceManagerService
04-07 09:28:00.720  1092  1092 D SystemServerTiming: OnBootPhase_550_org.lineageos.platform.internal.PerformanceManagerService took to complete: 0ms
04-07 09:28:00.720  1092  1092 I SystemServerTiming: OnBootPhase_550_org.lineageos.platform.internal.display.LiveDisplayService
04-07 09:28:00.720  1092  1092 D SystemServerTiming: OnBootPhase_550_org.lineageos.platform.internal.display.LiveDisplayService took to complete: 0ms
04-07 09:28:00.720  1092  1092 I SystemServerTiming: OnBootPhase_550_org.lineageos.platform.internal.LineageAudioService
04-07 09:28:00.720  1092  1092 D SystemServerTiming: OnBootPhase_550_org.lineageos.platform.internal.LineageAudioService took to complete: 0ms
04-07 09:28:00.720  1092  1092 I SystemServerTiming: OnBootPhase_550_org.lineageos.platform.internal.TrustInterfaceService
04-07 09:28:00.720  1092  1092 D SystemServerTiming: OnBootPhase_550_org.lineageos.platform.internal.TrustInterfaceService took to complete: 0ms
04-07 09:28:00.720  1092  1092 I SystemServerTiming: OnBootPhase_550_org.lineageos.platform.internal.LineageSettingsService
04-07 09:28:00.720  1092  1092 D SystemServerTiming: OnBootPhase_550_org.lineageos.platform.internal.LineageSettingsService took to complete: 0ms
04-07 09:28:00.721  1092  1092 I SystemServerTiming: OnBootPhase_550_org.lineageos.platform.internal.LineageGlobalActionsService
04-07 09:28:00.721  1092  1092 D SystemServerTiming: OnBootPhase_550_org.lineageos.platform.internal.LineageGlobalActionsService took to complete: 0ms
04-07 09:28:00.721  1092  1092 I SystemServerTiming: OnBootPhase_550_com.android.server.policy.PermissionPolicyService
04-07 09:28:00.738  1092  1197 I am_proc_bound: [0,1541,com.android.systemui]
04-07 09:28:00.776  1092  1092 I PackageManager: Permission ownership changed. Updating all permissions.
04-07 09:28:00.804     0     0 I [   15.406192,5] msm_vidc: info: Opening video instance: 0000000000000000, 1
04-07 09:28:00.807  1092  1092 W SystemServiceManager: Service com.android.server.policy.PermissionPolicyService took 87 ms in onBootPhase
04-07 09:28:00.807  1092  1092 D SystemServerTiming: OnBootPhase_550_com.android.server.policy.PermissionPolicyService took to complete: 87ms
04-07 09:28:00.807  1092  1092 I SystemServerTiming: OnBootPhase_550_com.android.server.pm.StagingManager$Lifecycle
04-07 09:28:00.807  1092  1092 D SystemServerTiming: OnBootPhase_550_com.android.server.pm.StagingManager$Lifecycle took to complete: 0ms
04-07 09:28:00.807  1092  1092 D SystemServerTiming: OnBootPhase_550 took to complete: 241ms
04-07 09:28:00.807  1092  1092 D SystemServerTiming: StartActivityManagerReadyPhase took to complete: 241ms
04-07 09:28:00.807  1092  1092 I SystemServerTiming: StartObservingNativeCrashes
04-07 09:28:00.808  1092  1092 D SystemServerTiming: StartObservingNativeCrashes took to complete: 0ms
04-07 09:28:00.808  1092  1092 I SystemServerTiming: StartSystemUI
04-07 09:28:00.808  1092  1134 I SystemServerTimingAsync: InitThreadPoolExec:WebViewFactoryPreparation
04-07 09:28:00.808  1092  1197 W ActivityManager: Slow operation: 71ms so far, now at attachApplicationLocked: before bindApplication
04-07 09:28:00.809  1092  1134 D SystemServerInitThreadPool: Started executing WebViewFactoryPreparation
04-07 09:28:00.809  1092  1134 I SystemServer: WebViewFactoryPreparation
04-07 09:28:00.809  1092  1134 I SystemServerTimingAsync: WebViewFactoryPreparation
04-07 09:28:00.809  1092  1197 W ActivityManager: Slow operation: 71ms so far, now at attachApplicationLocked: immediately before bindApplication
04-07 09:28:00.810     0     0 I [   15.411197,5] subsys-restart: __subsystem_get(): Changing subsys fw_name to venus
04-07 09:28:00.813  1092  1197 W ActivityManager: Slow operation: 76ms so far, now at attachApplicationLocked: immediately after bindApplication
04-07 09:28:00.813  1092  1197 W ActivityManager: Slow operation: 76ms so far, now at attachApplicationLocked: after updateLruProcessLocked
04-07 09:28:00.814  1092  1197 I am_uid_active: 10144
04-07 09:28:00.816  1092  1197 W ActivityManager: Slow operation: 78ms so far, now at attachApplicationLocked: after mServices.attachApplicationLocked
04-07 09:28:00.817     0     0 I [   15.419375,7] ueventd: firmware: loading 'venus.mdt' for '/devices/soc/1de0000.qcom,venus/firmware/venus.mdt'
04-07 09:28:00.819     0     0 I [   15.421382,6] ueventd: loading /devices/soc/1de0000.qcom,venus/firmware/venus.mdt took 2ms
04-07 09:28:00.819  1092  1134 I am_uid_running: 1037
04-07 09:28:00.819  1092  1092 D SystemServerTiming: StartSystemUI took to complete: 11ms
04-07 09:28:00.820  1092  1092 I SystemServerTiming: MakeNetworkManagementServiceReady
04-07 09:28:00.821  1092  1431 D ConnectivityService: NetReassign [no changes]
04-07 09:28:00.821  1092  1134 D SystemServerTimingAsync: WebViewFactoryPreparation took to complete: 13ms
04-07 09:28:00.821  1092  1134 D SystemServerInitThreadPool: Finished executing WebViewFactoryPreparation
04-07 09:28:00.821  1092  1134 D SystemServerTimingAsync: InitThreadPoolExec:WebViewFactoryPreparation took to complete: 13ms
04-07 09:28:00.823  1092  1092 D SystemServerTiming: MakeNetworkManagementServiceReady took to complete: 4ms
04-07 09:28:00.823  1092  1092 I SystemServerTiming: MakeIpSecServiceReady
04-07 09:28:00.824     0     0 I         : [   15.424543,1] subsys-pil-tz 1de0000.qcom,venus: venus: loading from 0x000000008f800000 to 0x000000008fd00000
04-07 09:28:00.824  1092  1092 D IpSecService: IpSecService is ready
04-07 09:28:00.824  1092  1092 D SystemServerTiming: MakeIpSecServiceReady took to complete: 1ms
04-07 09:28:00.824  1092  1092 I SystemServerTiming: MakeNetworkStatsServiceReady
04-07 09:28:00.826  1092  1392 I commit_sys_config_file: [net-policy,1]
04-07 09:28:00.826  1092  1392 W NetworkPolicy: setRestrictBackgroundUL: already false
04-07 09:28:00.835  1092  1092 D TelephonyRegistry: listen oscl: mHasNotifySubscriptionInfoChangedOccurred==false no callback
04-07 09:28:00.839  1092  1092 D SystemServerTiming: MakeNetworkStatsServiceReady took to complete: 15ms
04-07 09:28:00.839  1092  1092 I SystemServerTiming: MakeConnectivityServiceReady
04-07 09:28:00.846  1092  1391 I netstats_mobile_sample: [0,0,0,0,0,0,0,0,0,0,0,0,1712521680846]
04-07 09:28:00.846  1092  1391 I netstats_wifi_sample: [0,0,0,0,0,0,0,0,0,0,0,0,1712521680846]
04-07 09:28:00.861  1092  1092 D SystemServerTiming: MakeConnectivityServiceReady took to complete: 22ms
04-07 09:28:00.861  1092  1092 I SystemServerTiming: MakeNetworkPolicyServiceReady
04-07 09:28:00.861  1092  1431 D ConnectivityService: NetReassign [no changes]
04-07 09:28:00.863  1092  1431 D ConnectivityService: NetReassign [no changes]
04-07 09:28:00.876  1092  1198 W StorageManagerService: No primary storage defined yet; hacking together a stub
04-07 09:28:00.885     0     0 I [   15.488420,7] ueventd: firmware: loading 'venus.b02' for '/devices/soc/1de0000.qcom,venus/firmware/venus.b02'
04-07 09:28:00.894     0     0 I [   15.495010,0] ueventd: loading /devices/soc/1de0000.qcom,venus/firmware/venus.b02 took 6ms
04-07 09:28:00.897     0     0 I [   15.499558,0] ueventd: firmware: loading 'venus.b03' for '/devices/soc/1de0000.qcom,venus/firmware/venus.b03'
04-07 09:28:00.900     0     0 I [   15.500507,0] ueventd: loading /devices/soc/1de0000.qcom,venus/firmware/venus.b03 took 1ms
04-07 09:28:00.904     0     0 I [   15.506810,7] ueventd: firmware: loading 'venus.b04' for '/devices/soc/1de0000.qcom,venus/firmware/venus.b04'
04-07 09:28:00.907     0     0 I [   15.507879,7] ueventd: loading /devices/soc/1de0000.qcom,venus/firmware/venus.b04 took 1ms
04-07 09:28:00.930     0     0 I         : [   15.531880,5] subsys-pil-tz 1de0000.qcom,venus: venus: Brought out of reset
04-07 09:28:00.939  1092  1137 W ActivityManager: Slow operation: 120ms so far, now at startProcess: returned from zygote!
04-07 09:28:00.939  1092  1137 W ActivityManager: Slow operation: 121ms so far, now at startProcess: done updating battery stats
04-07 09:28:00.939  1092  1137 I am_proc_start: [0,1610,1037,WebViewLoader-armeabi-v7a,NULL,]
04-07 09:28:00.939  1092  1137 W ActivityManager: Slow operation: 121ms so far, now at startProcess: building log message
04-07 09:28:00.939  1092  1137 I ActivityManager: Start proc 1610:WebViewLoader-armeabi-v7a/1037 [android.webkit.WebViewLibraryLoader$RelroFileCreator] for null
04-07 09:28:00.939  1092  1137 W ActivityManager: Slow operation: 121ms so far, now at startProcess: starting to update pids map
04-07 09:28:00.940  1092  1137 W ActivityManager: Slow operation: 121ms so far, now at startProcess: done updating pids map
04-07 09:28:00.940  1092  1137 W ActivityManager: Slow operation: 119ms so far, now at startProcess: asking zygote to start proc
04-07 09:28:00.942  1092  1290 I commit_sys_config_file: [settings-0-0,3]
04-07 09:28:00.951  1092  1137 W ActivityManager: Slow operation: 130ms so far, now at startProcess: returned from zygote!
04-07 09:28:00.952  1092  1137 W ActivityManager: Slow operation: 131ms so far, now at startProcess: done updating battery stats
04-07 09:28:00.952  1092  1137 I am_proc_start: [0,1622,1037,WebViewLoader-arm64-v8a,NULL,]
04-07 09:28:00.952  1092  1137 W ActivityManager: Slow operation: 131ms so far, now at startProcess: building log message
04-07 09:28:00.952  1092  1137 I ActivityManager: Start proc 1622:WebViewLoader-arm64-v8a/1037 [android.webkit.WebViewLibraryLoader$RelroFileCreator] for null
04-07 09:28:00.952  1092  1137 W ActivityManager: Slow operation: 132ms so far, now at startProcess: starting to update pids map
04-07 09:28:00.952  1092  1137 W ActivityManager: Slow operation: 132ms so far, now at startProcess: done updating pids map
04-07 09:28:00.957     0     0 I [   15.559801,1] msm_vidc: info: Closed video instance: 0000000000000000
04-07 09:28:00.963  1092  1198 I am_proc_bound: [0,1610,WebViewLoader-armeabi-v7a]
04-07 09:28:00.965  1092  1198 I am_uid_active: 1037
04-07 09:28:00.967     0     0 I [   15.569430,1] msm_vidc: info: Opening video instance: 0000000000000000, 1
04-07 09:28:00.969  1092  1198 I am_proc_bound: [0,1622,WebViewLoader-arm64-v8a]
04-07 09:28:00.979  1092  1431 D ConnectivityService: NetReassign [no changes]
04-07 09:28:00.980     0     0 I [   15.581156,1] msm_vidc: info: Closed video instance: 0000000000000000
04-07 09:28:00.993     0     0 I [   15.595797,4] msm_vidc: info: Opening video instance: 0000000000000000, 1
04-07 09:28:01.000     0     0 I [   15.601999,2] msm_vidc: info: Closed video instance: 0000000000000000
04-07 09:28:01.021     0     0 I [   15.623594,4] msm_vidc: info: Opening video instance: 0000000000000000, 1
--------- beginning of main
04-07 09:28:01.029   857  1664 E OMXNodeInstance: getParameter(0xebf10024:qcom.decoder.hevc, ??(0x7f000044)) ERROR: UnsupportedSetting(0x80001019)
04-07 09:28:01.029   857  1664 E OMXNodeInstance: getExtensionIndex(0xebf10024:qcom.decoder.hevc, OMX.google.android.index.configureVideoTunnelMode) ERROR: NotImplemented(0x80001006)
04-07 09:28:01.029   851   901 D MediaCodecInfo: detail feature-tunneled-playback wasn't present to remove
04-07 09:28:01.029   857  1664 E OMX-VDEC-1080P: Enable/Disable allocate-native-handle allowed only on input port!
04-07 09:28:01.029   857  1664 E OMX-VDEC-1080P: set_parameter: Error: 0x80001019, setting param 0x7f00005d
04-07 09:28:01.029   857  1664 E OMXNodeInstance: setParameter(0xebf10024:qcom.decoder.hevc, OMX.google.android.index.allocateNativeHandle(0x7f00005d): Output:1 en=0) ERROR: UnsupportedSetting(0x80001019)
04-07 09:28:01.029   857  1664 I OMX-VDEC-1080P: omx_vdec::component_deinit() complete
04-07 09:28:01.031   857  1664 I OMX-VDEC-1080P: Exit OMX vdec Destructor: fd=7
04-07 09:28:01.031   857  1664 I OMX-VDEC-1080P: Video slvp perflock released
04-07 09:28:01.031   857  1664 I hw-BpHwBinder: onLastStrongRef automatically unlinking death recipients
04-07 09:28:01.032     0     0 I [   15.633759,7] msm_vidc: info: Closed video instance: 0000000000000000
04-07 09:28:01.033   851   901 I OMXClient: IOmx service obtained
04-07 09:28:01.033   857  1664 I OMXMaster: makeComponentInstance(OMX.google.hevc.decoder) in android.hardwar process
04-07 09:28:01.056   857   907 E OMXNodeInstance: getExtensionIndex(0xed740240:google.hevc.decoder, OMX.google.android.index.configureVideoTunnelMode) ERROR: UnsupportedIndex(0x8000101a)
04-07 09:28:01.056   851   901 D MediaCodecInfo: detail feature-tunneled-playback wasn't present to remove
04-07 09:28:01.056   857   907 E OMXNodeInstance: getExtensionIndex(0xed740240:google.hevc.decoder, OMX.google.android.index.enableAndroidNativeBuffers) ERROR: UnsupportedIndex(0x8000101a)
04-07 09:28:01.058   851   901 I OMXClient: IOmx service obtained
04-07 09:28:01.059   857   907 I OMXMaster: makeComponentInstance(OMX.qcom.video.decoder.mpeg2) in android.hardwar process
04-07 09:28:01.063   857   907 I OMX-VDEC-1080P: Video slvp perflock acquired
04-07 09:28:01.063   857   907 I OMX-VDEC-1080P: component_init: OMX.qcom.video.decoder.mpeg2 : fd=7
04-07 09:28:01.064     0     0 I [   15.666325,6] msm_vidc: info: Opening video instance: 0000000000000000, 1
04-07 09:28:01.066   857   907 I OMX-VDEC-1080P: omx_vdec::component_init() success : fd=7
04-07 09:28:01.068   857   907 E OMXNodeInstance: getParameter(0xebf00014:qcom.decoder.mpeg2, ??(0x7f000044)) ERROR: UnsupportedSetting(0x80001019)
04-07 09:28:01.068   857  1664 E OMXNodeInstance: getParameter(0xebf00014:qcom.decoder.mpeg2, ??(0x7f000044)) ERROR: UnsupportedSetting(0x80001019)
04-07 09:28:01.068   857   907 E OMXNodeInstance: getExtensionIndex(0xebf00014:qcom.decoder.mpeg2, OMX.google.android.index.configureVideoTunnelMode) ERROR: NotImplemented(0x80001006)
04-07 09:28:01.069   851   901 D MediaCodecInfo: detail feature-tunneled-playback wasn't present to remove
04-07 09:28:01.069   857   907 E OMX-VDEC-1080P: Enable/Disable allocate-native-handle allowed only on input port!
04-07 09:28:01.069   857   907 E OMX-VDEC-1080P: set_parameter: Error: 0x80001019, setting param 0x7f00005d
04-07 09:28:01.069   857   907 E OMXNodeInstance: setParameter(0xebf00014:qcom.decoder.mpeg2, OMX.google.android.index.allocateNativeHandle(0x7f00005d): Output:1 en=0) ERROR: UnsupportedSetting(0x80001019)
04-07 09:28:01.069   857  1664 I OMX-VDEC-1080P: omx_vdec::component_deinit() complete
04-07 09:28:01.070   857  1664 I OMX-VDEC-1080P: Exit OMX vdec Destructor: fd=7
04-07 09:28:01.071   857  1664 I OMX-VDEC-1080P: Video slvp perflock released
04-07 09:28:01.071   857  1664 I hw-BpHwBinder: onLastStrongRef automatically unlinking death recipients
04-07 09:28:01.073   851   901 I OMXClient: IOmx service obtained
04-07 09:28:01.073   857   907 I OMXMaster: makeComponentInstance(OMX.qcom.video.decoder.mpeg4) in android.hardwar process
04-07 09:28:01.074     0     0 I [   15.673471,7] msm_vidc: info: Closed video instance: 0000000000000000
04-07 09:28:01.078   857   907 I OMX-VDEC-1080P: Video slvp perflock acquired
04-07 09:28:01.078     0     0 I [   15.681107,5] msm_vidc: info: Opening video instance: 0000000000000000, 1
04-07 09:28:01.078   857   907 I OMX-VDEC-1080P: component_init: OMX.qcom.video.decoder.mpeg4 : fd=7
04-07 09:28:01.081   857   907 I OMX-VDEC-1080P: omx_vdec::component_init() success : fd=7
04-07 09:28:01.082   857   907 E OMXNodeInstance: getParameter(0xebf20034:qcom.decoder.mpeg4, ??(0x7f000044)) ERROR: UnsupportedSetting(0x80001019)
04-07 09:28:01.082   857   908 E OMXNodeInstance: getParameter(0xebf20034:qcom.decoder.mpeg4, ??(0x7f000044)) ERROR: UnsupportedSetting(0x80001019)
04-07 09:28:01.083   857   908 E OMXNodeInstance: getExtensionIndex(0xebf20034:qcom.decoder.mpeg4, OMX.google.android.index.configureVideoTunnelMode) ERROR: NotImplemented(0x80001006)
04-07 09:28:01.083   851   901 D MediaCodecInfo: detail feature-tunneled-playback wasn't present to remove
04-07 09:28:01.083   857   908 E OMX-VDEC-1080P: Enable/Disable allocate-native-handle allowed only on input port!
04-07 09:28:01.083   857   908 E OMX-VDEC-1080P: set_parameter: Error: 0x80001019, setting param 0x7f00005d
04-07 09:28:01.083   857   908 E OMXNodeInstance: setParameter(0xebf20034:qcom.decoder.mpeg4, OMX.google.android.index.allocateNativeHandle(0x7f00005d): Output:1 en=0) ERROR: UnsupportedSetting(0x80001019)
04-07 09:28:01.083   857   908 I OMX-VDEC-1080P: omx_vdec::component_deinit() complete
04-07 09:28:01.084  1092  1392 D TelephonyRegistry: listen oscl: mHasNotifySubscriptionInfoChangedOccurred==false no callback
04-07 09:28:01.084  1092  1092 D SystemServerTiming: MakeNetworkPolicyServiceReady took to complete: 223ms
04-07 09:28:01.085   857   908 I OMX-VDEC-1080P: Exit OMX vdec Destructor: fd=7
04-07 09:28:01.085   857   908 I OMX-VDEC-1080P: Video slvp perflock released
04-07 09:28:01.085   857   908 I hw-BpHwBinder: onLastStrongRef automatically unlinking death recipients
04-07 09:28:01.087   851   901 I OMXClient: IOmx service obtained
04-07 09:28:01.087     0     0 I [   15.687657,3] msm_vidc: info: Closed video instance: 0000000000000000
04-07 09:28:01.087   857   908 I OMXMaster: makeComponentInstance(OMX.google.mpeg4.decoder) in android.hardwar process
04-07 09:28:01.088   857   908 E OMXNodeInstance: getExtensionIndex(0xed740be0:google.mpeg4.decoder, OMX.google.android.index.configureVideoTunnelMode) ERROR: UnsupportedIndex(0x8000101a)
04-07 09:28:01.088   851   901 D MediaCodecInfo: detail feature-tunneled-playback wasn't present to remove
04-07 09:28:01.088   857   908 E OMXNodeInstance: getExtensionIndex(0xed740be0:google.mpeg4.decoder, OMX.google.android.index.enableAndroidNativeBuffers) ERROR: UnsupportedIndex(0x8000101a)
04-07 09:28:01.089   851   901 I OMXClient: IOmx service obtained
04-07 09:28:01.090   857   908 I OMXMaster: makeComponentInstance(OMX.qcom.video.decoder.vp8) in android.hardwar process
04-07 09:28:01.094   857   908 I OMX-VDEC-1080P: Video slvp perflock acquired
04-07 09:28:01.095   857   908 I OMX-VDEC-1080P: component_init: OMX.qcom.video.decoder.vp8 : fd=7
04-07 09:28:01.095     0     0 I [   15.697588,5] msm_vidc: info: Opening video instance: 0000000000000000, 1
04-07 09:28:01.097   857   908 I OMX-VDEC-1080P: omx_vdec::component_init() success : fd=7
04-07 09:28:01.098   857   907 E OMXNodeInstance: getParameter(0xebf20034:qcom.decoder.vp8, ??(0x7f000044)) ERROR: UnsupportedSetting(0x80001019)
04-07 09:28:01.099   857   908 E OMXNodeInstance: getParameter(0xebf20034:qcom.decoder.vp8, ??(0x7f000044)) ERROR: UnsupportedSetting(0x80001019)
04-07 09:28:01.099   857   907 E OMXNodeInstance: getExtensionIndex(0xebf20034:qcom.decoder.vp8, OMX.google.android.index.configureVideoTunnelMode) ERROR: NotImplemented(0x80001006)
04-07 09:28:01.099   851   901 D MediaCodecInfo: detail feature-tunneled-playback wasn't present to remove
04-07 09:28:01.099   857   907 E OMX-VDEC-1080P: Enable/Disable allocate-native-handle allowed only on input port!
04-07 09:28:01.099   857   907 E OMX-VDEC-1080P: set_parameter: Error: 0x80001019, setting param 0x7f00005d
04-07 09:28:01.099   857   907 E OMXNodeInstance: setParameter(0xebf20034:qcom.decoder.vp8, OMX.google.android.index.allocateNativeHandle(0x7f00005d): Output:1 en=0) ERROR: UnsupportedSetting(0x80001019)
04-07 09:28:01.100   857   908 I OMX-VDEC-1080P: omx_vdec::component_deinit() complete
04-07 09:28:01.101   857   908 I OMX-VDEC-1080P: Exit OMX vdec Destructor: fd=7
04-07 09:28:01.101   857   908 I OMX-VDEC-1080P: Video slvp perflock released
04-07 09:28:01.101   857   908 I hw-BpHwBinder: onLastStrongRef automatically unlinking death recipients
04-07 09:28:01.103   851   901 I OMXClient: IOmx service obtained
04-07 09:28:01.104     0     0 I [   15.704070,1] msm_vidc: info: Closed video instance: 0000000000000000
04-07 09:28:01.104   857   907 I OMXMaster: makeComponentInstance(OMX.google.vp8.decoder) in android.hardwar process
04-07 09:28:01.119  1610  1610 I WebViewLoader-: System.exit called, status: 0
04-07 09:28:01.119  1610  1610 I AndroidRuntime: VM exiting with result code 0, cleanup skipped.
04-07 09:28:01.125   857   907 E OMXNodeInstance: getExtensionIndex(0xed7400f0:google.vp8.decoder, OMX.google.android.index.configureVideoTunnelMode) ERROR: UnsupportedIndex(0x8000101a)
04-07 09:28:01.125   851   901 D MediaCodecInfo: detail feature-tunneled-playback wasn't present to remove
04-07 09:28:01.125   857   907 E OMXNodeInstance: getExtensionIndex(0xed7400f0:google.vp8.decoder, OMX.google.android.index.enableAndroidNativeBuffers) ERROR: UnsupportedIndex(0x8000101a)
04-07 09:28:01.126   851   901 I OMXClient: IOmx service obtained
04-07 09:28:01.127   857   907 I OMXMaster: makeComponentInstance(OMX.qcom.video.decoder.vp9) in android.hardwar process
04-07 09:28:01.129  1092  1197 I ActivityManager: Process WebViewLoader-armeabi-v7a (pid 1610) has died: psvc PER 
04-07 09:28:01.129  1092  1197 I am_proc_died: [0,1610,WebViewLoader-armeabi-v7a,-700,0]
04-07 09:28:01.129  1092  1138 I chatty  : uid=1000(system) ActivityManager expire 2 lines
04-07 09:28:01.129   592   592 I Zygote  : Process 1610 exited cleanly (0)
04-07 09:28:01.130  1092  1197 I am_low_memory: 3
04-07 09:28:01.131   857   907 I OMX-VDEC-1080P: Video slvp perflock acquired
04-07 09:28:01.132   857   907 I OMX-VDEC-1080P: component_init: OMX.qcom.video.decoder.vp9 : fd=7
04-07 09:28:01.134     0     0 I [   15.735053,6] msm_vidc: info: Opening video instance: 0000000000000000, 1
04-07 09:28:01.135   857   907 I OMX-VDEC-1080P: omx_vdec::component_init() success : fd=7
04-07 09:28:01.136   857   908 E OMXNodeInstance: getParameter(0xebf20034:qcom.decoder.vp9, ??(0x7f000044)) ERROR: UnsupportedSetting(0x80001019)
04-07 09:28:01.137   857   908 E OMXNodeInstance: getParameter(0xebf20034:qcom.decoder.vp9, ??(0x7f000044)) ERROR: UnsupportedSetting(0x80001019)
04-07 09:28:01.137   857   908 E OMXNodeInstance: getExtensionIndex(0xebf20034:qcom.decoder.vp9, OMX.google.android.index.configureVideoTunnelMode) ERROR: NotImplemented(0x80001006)
04-07 09:28:01.137   851   901 D MediaCodecInfo: detail feature-tunneled-playback wasn't present to remove
04-07 09:28:01.137   857   908 E OMX-VDEC-1080P: Enable/Disable allocate-native-handle allowed only on input port!
04-07 09:28:01.137   857   908 E OMX-VDEC-1080P: set_parameter: Error: 0x80001019, setting param 0x7f00005d
04-07 09:28:01.137   857   908 E OMXNodeInstance: setParameter(0xebf20034:qcom.decoder.vp9, OMX.google.android.index.allocateNativeHandle(0x7f00005d): Output:1 en=0) ERROR: UnsupportedSetting(0x80001019)
04-07 09:28:01.137   857   908 I OMX-VDEC-1080P: omx_vdec::component_deinit() complete
04-07 09:28:01.139   857   908 I OMX-VDEC-1080P: Exit OMX vdec Destructor: fd=7
04-07 09:28:01.139   857   908 I OMX-VDEC-1080P: Video slvp perflock released
04-07 09:28:01.139   857   908 I hw-BpHwBinder: onLastStrongRef automatically unlinking death recipients
04-07 09:28:01.140  1092  1197 D TelephonyRegistry: listen oscl: mHasNotifySubscriptionInfoChangedOccurred==false no callback
04-07 09:28:01.140     0     0 I [   15.741730,1] msm_vidc: info: Closed video instance: 0000000000000000
04-07 09:28:01.141   851   901 I OMXClient: IOmx service obtained
04-07 09:28:01.141   857   908 I OMXMaster: makeComponentInstance(OMX.google.vp9.decoder) in android.hardwar process
04-07 09:28:01.143   857   907 E OMXNodeInstance: getExtensionIndex(0xed740010:google.vp9.decoder, OMX.google.android.index.configureVideoTunnelMode) ERROR: UnsupportedIndex(0x8000101a)
04-07 09:28:01.143   851   901 D MediaCodecInfo: detail feature-tunneled-playback wasn't present to remove
04-07 09:28:01.143   857   907 E OMXNodeInstance: getExtensionIndex(0xed740010:google.vp9.decoder, OMX.google.android.index.enableAndroidNativeBuffers) ERROR: UnsupportedIndex(0x8000101a)
04-07 09:28:01.145   851   901 I OMXClient: IOmx service obtained
04-07 09:28:01.145   857   907 I OMXMaster: makeComponentInstance(OMX.qcom.video.encoder.avc) in android.hardwar process
04-07 09:28:01.149  1622  1622 I WebViewLoader-: System.exit called, status: 0
04-07 09:28:01.149  1622  1622 I AndroidRuntime: VM exiting with result code 0, cleanup skipped.
04-07 09:28:01.154   857   907 I OMX-VENC: Video encode perflock acquired,handle=-1
04-07 09:28:01.154   592   592 D Zygote  : Forked child process 1693
04-07 09:28:01.157     0     0 I [   15.757427,5] msm_vidc: info: Opening video instance: 0000000000000000, 0
04-07 09:28:01.157     0     0 D [   15.758775,6] SELinux: initialized (dev tmpfs, type tmpfs), uses transition SIDs
04-07 09:28:01.157     0     0 D [   15.758889,6] SELinux: initialized (dev tmpfs, type tmpfs), uses transition SIDs
04-07 09:28:01.157     0     0 D [   15.758931,6] SELinux: initialized (dev tmpfs, type tmpfs), uses transition SIDs
04-07 09:28:01.157     0     0 D [   15.759406,6] SELinux: initialized (dev tmpfs, type tmpfs), uses transition SIDs
04-07 09:28:01.158  1092  1603 I chatty  : uid=1000(system) AsyncTask #1 expire 1 line
04-07 09:28:01.159   857   907 I OMX-VENC: Component_init : OMX.qcom.video.encoder.avc : return = 0x0
04-07 09:28:01.160   851   901 W OMXUtils: do not know color format 0x7fa30c04 = 2141391876
04-07 09:28:01.160   851   901 W OMXUtils: do not know color format 0x7f000789 = 2130708361
04-07 09:28:01.162  1092  1197 I ActivityManager: Process WebViewLoader-arm64-v8a (pid 1622) has died: psvc PER 
04-07 09:28:01.162  1092  1197 I am_proc_died: [0,1622,WebViewLoader-arm64-v8a,-700,0]
04-07 09:28:01.162  1541  1541 D CompatibilityChangeReporter: Compat change id reported: 147600208; UID 10144; state: ENABLED
04-07 09:28:01.162   857   907 I OMX-VENC: Component Deinit
04-07 09:28:01.162   591   591 I Zygote  : Process 1622 exited cleanly (0)
04-07 09:28:01.162  1092  1197 I am_uid_stopped: 1037
04-07 09:28:01.162   857   907 I OMX-VENC: Video encode perflock released
04-07 09:28:01.163   857   907 I hw-BpHwBinder: onLastStrongRef automatically unlinking death recipients
04-07 09:28:01.163  1092  1197 I am_mem_factor: [3,0]
04-07 09:28:01.164  1092  1197 I am_low_memory: 2
04-07 09:28:01.164     0     0 I [   15.765178,1] msm_vidc: info: Closed video instance: 0000000000000000
04-07 09:28:01.165   851   901 I OMXClient: IOmx service obtained
04-07 09:28:01.165   857   908 I OMXMaster: makeComponentInstance(OMX.google.h264.encoder) in android.hardwar process
04-07 09:28:01.166  1693  1693 I WebViewZygoteInit: Starting WebViewZygoteInit
04-07 09:28:01.170   851   901 W OMXUtils: do not know color format 0x7f000789 = 2130708361
04-07 09:28:01.171   851   901 I OMXClient: IOmx service obtained
04-07 09:28:01.172   857   908 I OMXMaster: makeComponentInstance(OMX.qcom.video.encoder.h263) in android.hardwar process
04-07 09:28:01.175   857   908 I OMX-VENC: Video encode perflock acquired,handle=-1
04-07 09:28:01.177     0     0 I [   15.778254,5] msm_vidc: info: Opening video instance: 0000000000000000, 0
04-07 09:28:01.179   857   908 I OMX-VENC: Component_init : OMX.qcom.video.encoder.h263 : return = 0x0
04-07 09:28:01.180   851   901 W OMXUtils: do not know color format 0x7fa30c04 = 2141391876
04-07 09:28:01.181   851   901 W OMXUtils: do not know color format 0x7f000789 = 2130708361
04-07 09:28:01.182   857   908 I OMX-VENC: Component Deinit
04-07 09:28:01.182   857   908 I OMX-VENC: Video encode perflock released
04-07 09:28:01.182   857   908 I hw-BpHwBinder: onLastStrongRef automatically unlinking death recipients
04-07 09:28:01.184     0     0 I [   15.784744,1] msm_vidc: info: Closed video instance: 0000000000000000
04-07 09:28:01.184   851   901 I OMXClient: IOmx service obtained
04-07 09:28:01.184   857   908 I OMXMaster: makeComponentInstance(OMX.google.h263.encoder) in android.hardwar process
04-07 09:28:01.187   857   908 I SoftMPEG4Encoder: Construct SoftMPEG4Encoder
04-07 09:28:01.188   851   901 W OMXUtils: do not know color format 0x7f000789 = 2130708361
04-07 09:28:01.188   857   907 E OMXNodeInstance: getConfig(0xed7400f0:google.h263.encoder, ConfigAndroidIntraRefresh(0x6f60000a)) ERROR: Undefined(0x80001001)
04-07 09:28:01.188   857   907 E OMXNodeInstance: getParameter(0xed7400f0:google.h263.encoder, ParamVideoIntraRefresh(0x6000006)) ERROR: UnsupportedIndex(0x8000101a)
04-07 09:28:01.188   851   901 D MediaCodecInfo: detail feature-frame-parsing wasn't present to remove
04-07 09:28:01.189   851   901 I OMXClient: IOmx service obtained
04-07 09:28:01.189   857   907 I OMXMaster: makeComponentInstance(OMX.qcom.video.encoder.hevc) in android.hardwar process
04-07 09:28:01.190  1541  1541 D MediaResumeListener: loaded resume components for 0: []
04-07 09:28:01.193   857   907 I OMX-VENC: Video encode perflock acquired,handle=-1
04-07 09:28:01.194     0     0 I [   15.795980,4] msm_vidc: info: Opening video instance: 0000000000000000, 0
04-07 09:28:01.195  1541  1541 W System.err: java.lang.ClassNotFoundException: com.android.settingslib.bluetooth.BroadcastSourceInfoHandler
04-07 09:28:01.196  1541  1541 W System.err: 	at java.lang.Class.classForName(Native Method)
04-07 09:28:01.196  1541  1541 W System.err: 	at java.lang.Class.forName(Class.java:454)
04-07 09:28:01.196  1541  1541 W System.err: 	at java.lang.Class.forName(Class.java:379)
04-07 09:28:01.196  1541  1541 W System.err: 	at com.android.settingslib.bluetooth.BluetoothEventManager.<init>(BluetoothEventManager.java:138)
04-07 09:28:01.196  1541  1541 W System.err: 	at com.android.settingslib.bluetooth.LocalBluetoothManager.<init>(LocalBluetoothManager.java:114)
04-07 09:28:01.196  1541  1541 W System.err: 	at com.android.settingslib.bluetooth.LocalBluetoothManager.create(LocalBluetoothManager.java:105)
04-07 09:28:01.196  1541  1541 W System.err: 	at com.android.systemui.dagger.SystemServicesModule.provideLocalBluetoothController(SystemServicesModule.java:214)
04-07 09:28:01.196  1541  1541 W System.err: 	at com.android.systemui.dagger.SystemServicesModule_ProvideLocalBluetoothControllerFactory.proxyProvideLocalBluetoothController(SystemServicesModule_ProvideLocalBluetoothControllerFactory.java:47)
04-07 09:28:01.196  1541  1541 W System.err: 	at com.android.systemui.dagger.SystemServicesModule_ProvideLocalBluetoothControllerFactory.provideInstance(SystemServicesModule_ProvideLocalBluetoothControllerFactory.java:35)
04-07 09:28:01.196  1541  1541 W System.err: 	at com.android.systemui.dagger.SystemServicesModule_ProvideLocalBluetoothControllerFactory.get(SystemServicesModule_ProvideLocalBluetoothControllerFactory.java:29)
04-07 09:28:01.196  1541  1541 W System.err: 	at com.android.systemui.dagger.SystemServicesModule_ProvideLocalBluetoothControllerFactory.get(SystemServicesModule_ProvideLocalBluetoothControllerFactory.java:11)
04-07 09:28:01.196  1541  1541 W System.err: 	at dagger.internal.DoubleCheck.get(DoubleCheck.java:47)
04-07 09:28:01.196  1541  1541 W System.err: 	at com.android.systemui.media.LocalMediaManagerFactory_Factory.provideInstance(LocalMediaManagerFactory_Factory.java:32)
04-07 09:28:01.196  1541  1541 W System.err: 	at com.android.systemui.media.LocalMediaManagerFactory_Factory.get(LocalMediaManagerFactory_Factory.java:26)
04-07 09:28:01.196  1541  1541 W System.err: 	at com.android.systemui.media.LocalMediaManagerFactory_Factory.get(LocalMediaManagerFactory_Factory.java:9)
04-07 09:28:01.196  1541  1541 W System.err: 	at com.android.systemui.media.MediaDeviceManager_Factory.provideInstance(MediaDeviceManager_Factory.java:61)
04-07 09:28:01.196  1541  1541 W System.err: 	at com.android.systemui.media.MediaDeviceManager_Factory.get(MediaDeviceManager_Factory.java:43)
04-07 09:28:01.196  1541  1541 W System.err: 	at com.android.systemui.media.MediaDeviceManager_Factory.get(MediaDeviceManager_Factory.java:10)
04-07 09:28:01.196  1541  1541 W System.err: 	at com.android.systemui.media.MediaDataManager_Factory.provideInstance(MediaDataManager_Factory.java:107)
04-07 09:28:01.196  1541  1541 W System.err: 	at com.android.systemui.media.MediaDataManager_Factory.get(MediaDataManager_Factory.java:69)
04-07 09:28:01.196  1541  1541 W System.err: 	at com.android.systemui.media.MediaDataManager_Factory.get(MediaDataManager_Factory.java:12)
